D=4 nace=1950 rows=25544  ACE factor 4.9 s  lambda=1e-08

==== baselines (fixed columns) ====
RES linear ACE                                   ncol= 1950  [lam=1e-08] test F=0.1201 E=0.00622 V=0.0414 train F=0.1094 | [best lam=1e-07] test F=0.1201 E=0.00622 V=0.0414 train F=0.1094 | 0 it 0 s
RES sqrt(rho_tot) K=3 [ref, = perwidth P=1 init] ncol= 1965  [lam=1e-08] test F=0.1144 E=0.00595 V=0.0352 train F=0.1037 | [best lam=1e-08] test F=0.1144 E=0.00595 V=0.0352 train F=0.1037 | 0 it 0 s
RES ref + tilt +Cr (perwidth P=2 fixed)          ncol= 1980  [lam=1e-08] test F=0.1137 E=0.00600 V=0.0347 train F=0.1028 | [best lam=1e-08] test F=0.1137 E=0.00600 V=0.0347 train F=0.1028 | 0 it 0 s
RES ref + tilt +Mn (perwidth P=2 fixed)          ncol= 1980  [lam=1e-08] test F=0.1098 E=0.00555 V=0.0313 train F=0.0997 | [best lam=1e-08] test F=0.1098 E=0.00555 V=0.0313 train F=0.0997 | 0 it 0 s
RES ref + tilt +Fe (perwidth P=2 fixed)          ncol= 1980  [lam=1e-08] test F=0.1132 E=0.00574 V=0.0352 train F=0.1028 | [best lam=1e-08] test F=0.1132 E=0.00574 V=0.0352 train F=0.1028 | 0 it 0 s
RES ref + tilt +Co (perwidth P=2 fixed)          ncol= 1980  [lam=1e-08] test F=0.1124 E=0.00567 V=0.0352 train F=0.1023 | [best lam=1e-08] test F=0.1124 E=0.00567 V=0.0352 train F=0.1023 | 0 it 0 s
RES ref + tilt +Ni (perwidth P=2 fixed)          ncol= 1980  [lam=1e-08] test F=0.1124 E=0.00561 V=0.0337 train F=0.1018 | [best lam=1e-08] test F=0.1124 E=0.00561 V=0.0337 train F=0.1018 | 0 it 0 s
RES ref + all 5 tilts sqrt(rho_tot + rho^s) [hand] ncol= 2040  [lam=1e-08] test F=0.1067 E=0.00539 V=0.0309 train F=0.0969 | [best lam=1e-08] test F=0.1067 E=0.00539 V=0.0309 train F=0.0969 | 0 it 0 s
single tilts ranked by test F: Mn 0.1098, Co 0.1124, Ni 0.1124, Fe 0.1132, Cr 0.1137

==== Exp 2: P=1 ====

---- perwidth P=1 from equal  (mode=perwidth P=1 ntheta=15)
  init  L=2.776877e+02  train F=0.10373
  it   1  L=2.776877e+02  train F=0.10373  |g|=4.77e+01
  it   2  L=2.738218e+02  train F=0.10291  |g|=1.98e+01
  it   3  L=2.661161e+02  train F=0.10131  |g|=1.65e+01
  it   4  L=2.638189e+02  train F=0.10088  |g|=7.13e+00
  it   5  L=2.625141e+02  train F=0.10062  |g|=2.75e+00
  it   6  L=2.611333e+02  train F=0.10044  |g|=6.68e+00
  it   7  L=2.603774e+02  train F=0.10026  |g|=3.00e+00
  it   8  L=2.597078e+02  train F=0.10014  |g|=1.75e+00
  it   9  L=2.594916e+02  train F=0.10011  |g|=1.20e+00
  it  10  L=2.592751e+02  train F=0.10009  |g|=2.16e+00
  it  11  L=2.588601e+02  train F=0.10002  |g|=1.90e+00
  it  12  L=2.584970e+02  train F=0.09995  |g|=1.33e+00
  it  13  L=2.580951e+02  train F=0.09984  |g|=3.11e+00
  it  14  L=2.575890e+02  train F=0.09971  |g|=4.32e+00
  it  15  L=2.572856e+02  train F=0.09964  |g|=4.42e+00
  it  16  L=2.565543e+02  train F=0.09948  |g|=4.39e+00
  it  17  L=2.558850e+02  train F=0.09936  |g|=4.35e+00
  it  18  L=2.555198e+02  train F=0.09930  |g|=2.12e+00
  it  19  L=2.550443e+02  train F=0.09923  |g|=3.16e+00
  it  20  L=2.548408e+02  train F=0.09918  |g|=2.30e+00
  it  21  L=2.546760e+02  train F=0.09915  |g|=3.04e+00
  it  22  L=2.545505e+02  train F=0.09911  |g|=1.32e+00
  it  23  L=2.544527e+02  train F=0.09909  |g|=1.35e+00
  it  24  L=2.542617e+02  train F=0.09904  |g|=2.93e+00
  it  25  L=2.533981e+02  train F=0.09885  |g|=4.32e+00
  it  26  L=2.533010e+02  train F=0.09883  |g|=4.27e+00
  it  27  L=2.530483e+02  train F=0.09879  |g|=4.43e+00
  it  28  L=2.527330e+02  train F=0.09874  |g|=5.29e+00
  it  29  L=2.522234e+02  train F=0.09868  |g|=5.37e+00
  it  30  L=2.519473e+02  train F=0.09865  |g|=5.33e+00
  it  31  L=2.515311e+02  train F=0.09859  |g|=3.86e+00
  it  32  L=2.514147e+02  train F=0.09859  |g|=4.38e+00
  it  33  L=2.510647e+02  train F=0.09852  |g|=3.31e+00
  it  34  L=2.509545e+02  train F=0.09853  |g|=3.81e+00
  it  35  L=2.508757e+02  train F=0.09853  |g|=3.87e+00
  it  36  L=2.505413e+02  train F=0.09851  |g|=6.14e+00
  it  37  L=2.502335e+02  train F=0.09845  |g|=5.18e+00
  it  38  L=2.500672e+02  train F=0.09843  |g|=3.28e+00
  it  39  L=2.499901e+02  train F=0.09842  |g|=3.42e+00
  it  40  L=2.499403e+02  train F=0.09840  |g|=3.24e+00
  it  41  L=2.498950e+02  train F=0.09839  |g|=3.25e+00
  it  42  L=2.498279e+02  train F=0.09836  |g|=2.16e+00
  it  43  L=2.497477e+02  train F=0.09835  |g|=2.39e+00
  it  44  L=2.497076e+02  train F=0.09834  |g|=1.92e+00
  it  45  L=2.496714e+02  train F=0.09834  |g|=1.72e+00
  it  46  L=2.496445e+02  train F=0.09834  |g|=1.10e+00
  it  47  L=2.496388e+02  train F=0.09833  |g|=8.37e-01
  it  48  L=2.496286e+02  train F=0.09833  |g|=9.58e-01
  it  49  L=2.496242e+02  train F=0.09833  |g|=1.68e-01
  it  50  L=2.496241e+02  train F=0.09833  |g|=6.69e-02
  it  51  L=2.496241e+02  train F=0.09833  |g|=5.55e-02
  it  52  L=2.496241e+02  train F=0.09833  |g|=4.59e-02
  it  53  L=2.496240e+02  train F=0.09833  |g|=3.37e-02
  it  54  L=2.496240e+02  train F=0.09833  |g|=9.63e-02
  it  55  L=2.496239e+02  train F=0.09833  |g|=4.91e-02
  it  56  L=2.496239e+02  train F=0.09833  |g|=1.86e-02
  it  57  L=2.496239e+02  train F=0.09833  |g|=5.71e-03
  it  58  L=2.496239e+02  train F=0.09833  |g|=2.61e-03
  it  59  L=2.496239e+02  train F=0.09833  |g|=3.97e-04
  it  60  L=2.496239e+02  train F=0.09833  |g|=3.16e-04
  it  61  L=2.496239e+02  train F=0.09833  |g|=6.52e-04
  it  62  L=2.496239e+02  train F=0.09833  |g|=4.20e-04
  it  63  L=2.496239e+02  train F=0.09833  |g|=1.93e-04
  it  64  L=2.496239e+02  train F=0.09833  |g|=2.25e-04
  it  65  L=2.496239e+02  train F=0.09833  |g|=9.08e-05
  it  66  L=2.496239e+02  train F=0.09833  |g|=8.80e-05
  done: 66 iterations, 69 s, L 2.776877e+02 -> 2.496239e+02 (-10.11%), non-monotone steps: 0, |g|=8.80e-05
RES VarPro perwidth P=1 (init equal)             ncol= 1965  [lam=1e-08] test F=0.1078 E=0.00523 V=0.0329 train F=0.0983 | [best lam=1e-08] test F=0.1078 E=0.00523 V=0.0329 train F=0.0983 | 66 it 69 s
  alphas = 2.000, 4.000, 6.000
  density p=1, width k=1       Cr: 0.79/ 0.00/ 0.00  Mn: 1.00/ 0.00/ 0.00  Fe: 0.98/ 0.00/ 0.00  Co: 0.79/ 0.00/ 0.00  Ni: 0.65/ 0.00/ 0.00 | species share 18.8% 23.7% 23.3% 18.8% 15.3%
  density p=1, width k=2       Cr: 0.00/ 0.71/ 0.00  Mn: 0.00/ 1.00/ 0.00  Fe: 0.00/ 0.83/ 0.00  Co: 0.00/ 0.55/ 0.00  Ni: 0.00/ 0.43/ 0.00 | species share 20.2% 28.4% 23.6% 15.6% 12.3%
  density p=1, width k=3       Cr: 0.00/ 0.00/ 0.78  Mn: 0.00/ 0.00/ 1.00  Fe: 0.00/ 0.00/ 0.88  Co: 0.00/ 0.00/ 0.55  Ni: 0.00/ 0.00/ 0.38 | species share 21.7% 27.9% 24.5% 15.3% 10.6%

---- perwidth P=1 from random seed 1 (sd 0.5)  (mode=perwidth P=1 ntheta=15)
  init  L=2.672562e+02  train F=0.10153
  done: 79 iterations, 83 s, L 2.672562e+02 -> 2.496240e+02 (-6.60%), non-monotone steps: 0, |g|=1.71e-04
RES VarPro perwidth P=1 (init random 1)          ncol= 1965  [lam=1e-08] test F=0.1078 E=0.00523 V=0.0329 train F=0.0983 | [best lam=1e-08] test F=0.1078 E=0.00523 V=0.0329 train F=0.0983 | 79 it 83 s
  max |species share - equal-init run| over widths = 0.000

---- perwidth P=1 from random seed 2 (sd 0.5)  (mode=perwidth P=1 ntheta=15)
  init  L=2.888375e+02  train F=0.10561
  done: 88 iterations, 98 s, L 2.888375e+02 -> 2.559597e+02 (-11.38%), non-monotone steps: 0, |g|=3.78e-05
RES VarPro perwidth P=1 (init random 2)          ncol= 1965  [lam=1e-08] test F=0.1094 E=0.00525 V=0.0330 train F=0.0994 | [best lam=1e-08] test F=0.1094 E=0.00525 V=0.0330 train F=0.0994 | 88 it 98 s
  max |species share - equal-init run| over widths = 0.237

---- mixed P=1 from equal (literal spec: one density, widths mixed)  (mode=mixed P=1 ntheta=15)
  init  L=2.873521e+02  train F=0.10531
  done: 101 iterations, 62 s, L 2.873521e+02 -> 2.627423e+02 (-8.56%), non-monotone steps: 0, |g|=5.80e-02
RES VarPro mixed P=1 (init equal)                ncol= 1955  [lam=1e-08] test F=0.1112 E=0.00538 V=0.0329 train F=0.1007 | [best lam=1e-08] test F=0.1112 E=0.00538 V=0.0329 train F=0.1007 | 101 it 62 s
RES mixed P=1 at init (5 cols, fixed)            ncol= 1955  [lam=1e-08] test F=0.1163 E=0.00594 V=0.0367 train F=0.1053 | [best lam=1e-08] test F=0.1163 E=0.00594 V=0.0367 train F=0.1053 | 0 it 0 s
  alphas = 2.000, 4.000, 6.000
  density 1                    Cr: 1.00/ 0.00/ 0.02  Mn: 0.71/ 0.00/ 0.55  Fe: 0.02/ 0.62/ 0.38  Co: 0.32/ 0.02/ 0.36  Ni: 0.58/ 0.00/ 0.06 | species share 22.0% 27.3% 21.8% 15.0% 13.9%

==== Exp 3: P=2, 3 ====

---- perwidth P=2 init equal + tilt Mn  (mode=perwidth P=2 ntheta=30)
  init  L=2.563561e+02  train F=0.09967
  done: 101 iterations, 218 s, L 2.563561e+02 -> 2.391781e+02 (-6.70%), non-monotone steps: 0, |g|=4.89e-01
RES VarPro perwidth P=2 (init equal + tilt Mn)   ncol= 1980  [lam=1e-08] test F=0.1057 E=0.00500 V=0.0311 train F=0.0963 | [best lam=1e-08] test F=0.1057 E=0.00500 V=0.0311 train F=0.0963 | 101 it 218 s
  alphas = 2.000, 4.000, 6.000
  density p=1, width k=1       Cr: 1.00/ 0.00/ 0.00  Mn: 0.61/ 0.00/ 0.00  Fe: 0.51/ 0.00/ 0.00  Co: 0.63/ 0.00/ 0.00  Ni: 0.63/ 0.00/ 0.00 | species share 29.6% 18.0% 15.2% 18.6% 18.6%
  density p=1, width k=2       Cr: 0.00/ 1.00/ 0.00  Mn: 0.00/ 0.58/ 0.00  Fe: 0.00/ 0.59/ 0.00  Co: 0.00/ 0.73/ 0.00  Ni: 0.00/ 0.65/ 0.00 | species share 28.1% 16.4% 16.6% 20.5% 18.3%
  density p=1, width k=3       Cr: 0.00/ 0.00/ 1.00  Mn: 0.00/ 0.00/ 0.80  Fe: 0.00/ 0.00/ 0.74  Co: 0.00/ 0.00/ 0.68  Ni: 0.00/ 0.00/ 0.52 | species share 26.8% 21.4% 19.8% 18.1% 13.8%
  density p=2, width k=1       Cr: 0.36/ 0.00/ 0.00  Mn: 1.00/ 0.00/ 0.00  Fe: 0.84/ 0.00/ 0.00  Co: 0.28/ 0.00/ 0.00  Ni: 0.22/ 0.00/ 0.00 | species share 13.4% 36.9% 31.1% 10.4%  8.2%
  density p=2, width k=2       Cr: 0.00/ 0.72/ 0.00  Mn: 0.00/ 1.00/ 0.00  Fe: 0.00/ 0.86/ 0.00  Co: 0.00/ 0.74/ 0.00  Ni: 0.00/ 0.62/ 0.00 | species share 18.2% 25.5% 21.8% 18.7% 15.8%
  density p=2, width k=3       Cr: 0.00/ 0.00/ 1.00  Mn: 0.00/ 0.00/ 0.85  Fe: 0.00/ 0.00/ 0.76  Co: 0.00/ 0.00/ 0.65  Ni: 0.00/ 0.00/ 0.49 | species share 26.7% 22.6% 20.1% 17.4% 13.2%

---- perwidth P=2 init equal + random 1  (mode=perwidth P=2 ntheta=30)
  init  L=2.521348e+02  train F=0.09884
  done: 101 iterations, 265 s, L 2.521348e+02 -> 2.375380e+02 (-5.79%), non-monotone steps: 0, |g|=4.93e-01
RES VarPro perwidth P=2 (init equal + random 1)  ncol= 1980  [lam=1e-08] test F=0.1056 E=0.00509 V=0.0310 train F=0.0960 | [best lam=1e-08] test F=0.1056 E=0.00509 V=0.0310 train F=0.0960 | 101 it 265 s
  alphas = 2.000, 4.000, 6.000
  density p=1, width k=1       Cr: 1.00/ 0.00/ 0.00  Mn: 0.57/ 0.00/ 0.00  Fe: 0.38/ 0.00/ 0.00  Co: 0.29/ 0.00/ 0.00  Ni: 0.24/ 0.00/ 0.00 | species share 40.3% 22.8% 15.4% 11.8%  9.7%
  density p=1, width k=2       Cr: 0.00/ 1.00/ 0.00  Mn: 0.00/ 0.73/ 0.00  Fe: 0.00/ 0.69/ 0.00  Co: 0.00/ 0.83/ 0.00  Ni: 0.00/ 0.82/ 0.00 | species share 24.6% 18.0% 16.9% 20.3% 20.2%
  density p=1, width k=3       Cr: 0.00/ 0.00/ 1.00  Mn: 0.00/ 0.00/ 0.76  Fe: 0.00/ 0.00/ 0.70  Co: 0.00/ 0.00/ 0.69  Ni: 0.00/ 0.00/ 0.56 | species share 26.9% 20.6% 18.9% 18.6% 15.1%
  density p=2, width k=1       Cr: 0.96/ 0.00/ 0.00  Mn: 0.82/ 0.00/ 0.00  Fe: 0.65/ 0.00/ 0.00  Co: 0.79/ 0.00/ 0.00  Ni: 1.00/ 0.00/ 0.00 | species share 22.8% 19.4% 15.4% 18.8% 23.7%
  density p=2, width k=2       Cr: 0.00/ 0.59/ 0.00  Mn: 0.00/ 1.00/ 0.00  Fe: 0.00/ 0.75/ 0.00  Co: 0.00/ 0.44/ 0.00  Ni: 0.00/ 0.33/ 0.00 | species share 19.1% 32.1% 24.0% 14.2% 10.6%
  density p=2, width k=3       Cr: 0.00/ 0.00/ 1.00  Mn: 0.00/ 0.00/ 0.81  Fe: 0.00/ 0.00/ 0.66  Co: 0.00/ 0.00/ 0.56  Ni: 0.00/ 0.00/ 0.43 | species share 28.9% 23.4% 19.1% 16.2% 12.4%

---- perwidth P=2 init equal + random 2  (mode=perwidth P=2 ntheta=30)
  init  L=2.560225e+02  train F=0.09962
  done: 101 iterations, 273 s, L 2.560225e+02 -> 2.375853e+02 (-7.20%), non-monotone steps: 0, |g|=1.70e+00
RES VarPro perwidth P=2 (init equal + random 2)  ncol= 1980  [lam=1e-08] test F=0.1056 E=0.00507 V=0.0305 train F=0.0960 | [best lam=1e-08] test F=0.1056 E=0.00507 V=0.0305 train F=0.0960 | 101 it 273 s
  alphas = 2.000, 4.000, 6.000
  density p=1, width k=1       Cr: 0.97/ 0.00/ 0.00  Mn: 0.75/ 0.00/ 0.00  Fe: 0.62/ 0.00/ 0.00  Co: 0.76/ 0.00/ 0.00  Ni: 1.00/ 0.00/ 0.00 | species share 23.6% 18.3% 15.1% 18.5% 24.4%
  density p=1, width k=2       Cr: 0.00/ 1.00/ 0.00  Mn: 0.00/ 0.72/ 0.00  Fe: 0.00/ 0.69/ 0.00  Co: 0.00/ 0.78/ 0.00  Ni: 0.00/ 0.80/ 0.00 | species share 25.1% 18.0% 17.2% 19.6% 20.1%
  density p=1, width k=3       Cr: 0.00/ 0.00/ 1.00  Mn: 0.00/ 0.00/ 0.86  Fe: 0.00/ 0.00/ 0.78  Co: 0.00/ 0.00/ 0.67  Ni: 0.00/ 0.00/ 0.55 | species share 26.0% 22.3% 20.2% 17.3% 14.2%
  density p=2, width k=1       Cr: 1.00/ 0.00/ 0.00  Mn: 0.62/ 0.00/ 0.00  Fe: 0.36/ 0.00/ 0.00  Co: 0.27/ 0.00/ 0.00  Ni: 0.18/ 0.00/ 0.00 | species share 41.2% 25.7% 14.9% 11.0%  7.2%
  density p=2, width k=2       Cr: 0.00/ 1.00/ 0.00  Mn: 0.00/ 0.71/ 0.00  Fe: 0.00/ 0.42/ 0.00  Co: 0.00/ 0.30/ 0.00  Ni: 0.00/ 0.21/ 0.00 | species share 37.9% 26.8% 16.1% 11.4%  7.8%
  density p=2, width k=3       Cr: 0.00/ 0.00/ 1.00  Mn: 0.00/ 0.00/ 0.95  Fe: 0.00/ 0.00/ 0.81  Co: 0.00/ 0.00/ 0.63  Ni: 0.00/ 0.00/ 0.50 | species share 25.7% 24.4% 20.9% 16.2% 12.8%

---- perwidth P=3 init equal + tilts Mn,Co  (mode=perwidth P=3 ntheta=45)
  init  L=2.532811e+02  train F=0.09908
  done: 101 iterations, 542 s, L 2.532811e+02 -> 2.351155e+02 (-7.17%), non-monotone steps: 0, |g|=1.74e+00
RES VarPro perwidth P=3 (init equal + tilts Mn,Co) ncol= 1995  [lam=1e-08] test F=0.1052 E=0.00521 V=0.0303 train F=0.0955 | [best lam=1e-08] test F=0.1052 E=0.00521 V=0.0303 train F=0.0955 | 101 it 542 s
  alphas = 2.000, 4.000, 6.000
  density p=1, width k=1       Cr: 1.00/ 0.00/ 0.00  Mn: 0.59/ 0.00/ 0.00  Fe: 0.37/ 0.00/ 0.00  Co: 0.37/ 0.00/ 0.00  Ni: 0.33/ 0.00/ 0.00 | species share 37.6% 22.3% 13.9% 14.0% 12.2%
  density p=1, width k=2       Cr: 0.00/ 1.00/ 0.00  Mn: 0.00/ 0.55/ 0.00  Fe: 0.00/ 0.36/ 0.00  Co: 0.00/ 0.34/ 0.00  Ni: 0.00/ 0.30/ 0.00 | species share 39.3% 21.7% 14.0% 13.3% 11.7%
  density p=1, width k=3       Cr: 0.00/ 0.00/ 0.73  Mn: 0.00/ 0.00/ 1.00  Fe: 0.00/ 0.00/ 0.79  Co: 0.00/ 0.00/ 0.48  Ni: 0.00/ 0.00/ 0.34 | species share 21.8% 30.0% 23.7% 14.3% 10.3%
  density p=2, width k=1       Cr: 0.19/ 0.00/ 0.00  Mn: 1.00/ 0.00/ 0.00  Fe: 0.41/ 0.00/ 0.00  Co: 0.30/ 0.00/ 0.00  Ni: 0.24/ 0.00/ 0.00 | species share  9.1% 46.8% 19.2% 13.8% 11.1%
  density p=2, width k=2       Cr: 0.00/ 0.16/ 0.00  Mn: 0.00/ 0.54/ 0.00  Fe: 0.00/ 0.33/ 0.00  Co: 0.00/ 0.29/ 0.00  Ni: 0.00/ 1.00/ 0.00 | species share  6.8% 23.4% 14.3% 12.5% 43.0%
  density p=2, width k=3       Cr: 0.00/ 0.00/ 1.00  Mn: 0.00/ 0.00/ 0.92  Fe: 0.00/ 0.00/ 0.69  Co: 0.00/ 0.00/ 0.54  Ni: 0.00/ 0.00/ 0.41 | species share 28.1% 25.9% 19.3% 15.1% 11.6%
  density p=3, width k=1       Cr: 0.51/ 0.00/ 0.00  Mn: 0.86/ 0.00/ 0.00  Fe: 1.00/ 0.00/ 0.00  Co: 0.98/ 0.00/ 0.00  Ni: 0.91/ 0.00/ 0.00 | species share 12.0% 20.2% 23.5% 23.0% 21.3%
  density p=3, width k=2       Cr: 0.00/ 0.88/ 0.00  Mn: 0.00/ 0.91/ 0.00  Fe: 0.00/ 0.92/ 0.00  Co: 0.00/ 1.00/ 0.00  Ni: 0.00/ 0.95/ 0.00 | species share 18.9% 19.5% 19.8% 21.4% 20.3%
  density p=3, width k=3       Cr: 0.00/ 0.00/ 1.00  Mn: 0.00/ 0.00/ 0.92  Fe: 0.00/ 0.00/ 0.91  Co: 0.00/ 0.00/ 0.87  Ni: 0.00/ 0.00/ 0.74 | species share 22.5% 20.8% 20.5% 19.6% 16.7%

---- perwidth P=3 init equal + random  (mode=perwidth P=3 ntheta=45)
  init  L=2.503645e+02  train F=0.09857
  done: 101 iterations, 641 s, L 2.503645e+02 -> 2.382255e+02 (-4.85%), non-monotone steps: 0, |g|=5.80e+00
RES VarPro perwidth P=3 (init equal + random)    ncol= 1995  [lam=1e-08] test F=0.1060 E=0.00509 V=0.0306 train F=0.0961 | [best lam=1e-08] test F=0.1060 E=0.00509 V=0.0306 train F=0.0961 | 101 it 641 s
  alphas = 2.000, 4.000, 6.000
  density p=1, width k=1       Cr: 0.73/ 0.00/ 0.00  Mn: 1.00/ 0.00/ 0.00  Fe: 0.69/ 0.00/ 0.00  Co: 0.45/ 0.00/ 0.00  Ni: 0.38/ 0.00/ 0.00 | species share 22.5% 30.9% 21.3% 13.7% 11.6%
  density p=1, width k=2       Cr: 0.00/ 0.81/ 0.00  Mn: 0.00/ 1.00/ 0.00  Fe: 0.00/ 0.79/ 0.00  Co: 0.00/ 0.52/ 0.00  Ni: 0.00/ 0.40/ 0.00 | species share 23.1% 28.4% 22.4% 14.9% 11.3%
  density p=1, width k=3       Cr: 0.00/ 0.00/ 0.86  Mn: 0.00/ 0.00/ 1.00  Fe: 0.00/ 0.00/ 0.89  Co: 0.00/ 0.00/ 0.74  Ni: 0.00/ 0.00/ 0.57 | species share 21.2% 24.6% 21.8% 18.3% 14.1%
  density p=2, width k=1       Cr: 1.00/ 0.00/ 0.00  Mn: 0.57/ 0.00/ 0.00  Fe: 0.47/ 0.00/ 0.00  Co: 0.37/ 0.00/ 0.00  Ni: 0.29/ 0.00/ 0.00 | species share 37.2% 21.2% 17.3% 13.6% 10.7%
  density p=2, width k=2       Cr: 0.00/ 0.63/ 0.00  Mn: 0.00/ 0.77/ 0.00  Fe: 0.00/ 1.00/ 0.00  Co: 0.00/ 0.45/ 0.00  Ni: 0.00/ 0.11/ 0.00 | species share 21.3% 26.1% 33.8% 15.0%  3.8%
  density p=2, width k=3       Cr: 0.00/ 0.00/ 0.86  Mn: 0.00/ 0.00/ 1.00  Fe: 0.00/ 0.00/ 0.89  Co: 0.00/ 0.00/ 0.75  Ni: 0.00/ 0.00/ 0.58 | species share 21.2% 24.6% 21.8% 18.3% 14.1%
  density p=3, width k=1       Cr: 1.00/ 0.00/ 0.00  Mn: 0.29/ 0.00/ 0.00  Fe: 0.32/ 0.00/ 0.00  Co: 0.33/ 0.00/ 0.00  Ni: 0.39/ 0.00/ 0.00 | species share 42.8% 12.5% 13.7% 14.3% 16.7%
  density p=3, width k=2       Cr: 0.00/ 0.88/ 0.00  Mn: 0.00/ 0.52/ 0.00  Fe: 0.00/ 1.00/ 0.00  Co: 0.00/ 0.19/ 0.00  Ni: 0.00/ 0.88/ 0.00 | species share 25.4% 14.9% 28.9%  5.5% 25.3%
  density p=3, width k=3       Cr: 0.00/ 0.00/ 0.53  Mn: 0.00/ 0.00/ 0.60  Fe: 0.00/ 0.00/ 0.25  Co: 0.00/ 0.00/ 1.00  Ni: 0.00/ 0.00/ 0.93 | species share 16.1% 18.0%  7.5% 30.2% 28.1%

---- full P=1 from perwidth-identity  (mode=full P=1 ntheta=45)
  init  L=2.931942e+02  train F=0.10651

[77723] signal 15: Terminated: 15
in expression starting at /Users/u1470235/.julia/dev/ACEpotentials/acejax/spike_fs/varpro_learn.jl:128
kevent at /usr/lib/system/libsystem_kernel.dylib (unknown line)
unknown function (ip: 0x0) at (unknown file)
__psynch_cvwait at /usr/lib/system/libsystem_kernel.dylib (unknown line)
unknown function (ip: 0x0) at (unknown file)
inner_thread at /Users/u1470235/.julia/juliaup/julia-1.13.0+0.aarch64.apple.darwin14/Julia-1.13.app/Contents/Resources/julia/lib/julia/libopenblas64_.0.3.30.dylib (unknown line)
unknown function (ip: 0x0) at (unknown file)
Allocations: 114181491 (Pool: 114180132; Big: 1359); GC: 34401
