cat_D6     n_B/elem= 1348  NZ=5  length_basis=  6890  nR= 74 nY=  9 nA=   72 nAA=  1964 npair=30 rcut=6.25

==== flat profile: energy_forces_virial_basis cat_D6 (sorted by count, mincount=40) ====
 Count  Overhead File                    Line Function
 =====  ======== ====                    ==== ========
    41         0 @Base/multidimensional.jl 1663 permutedims(B::Base.ReshapedArray…
    41         0 @Base/multidimensional.jl 1677 permutedims!(P::Matrix{SVector{3,…
    41         0 @Base/multidimensional.jl 1691 macro expansion
    41         0 @Base/multidimensional.jl 1695 macro expansion
    47        47 @StaticArraysCore/…c/StaticArraysCore.jl  122 SArray
    48         1 @StaticArrays/src/linalg.jl   21 *
    50         0 @Base/broadcast.jl     1000 macro expansion
    50         0 @Base/broadcast.jl      617 getindex
    50         0 @Base/broadcast.jl      621 _getindex
    50         0 @Base/broadcast.jl      676 _broadcast_getindex
    50         0 @Base/broadcast.jl      700 _getindex
    50         0 @Base/broadcast.jl      670 _broadcast_getindex
    54        50 @Base/array.jl         1025 _setindex!
    55         0 @ACEpotentials/src/models/ace.jl  606 evaluate_basis(model::ACEpotentia…
    56         0 @Base/simdloop.jl        77 macro expansion
    58         0 @ForwardDiff/src/partials.jl   82 +
    58         0 @ForwardDiff/src/partials.jl  210 add_tuples
    61         0 @Base/cartesian.jl       65 macro expansion
    61         0 @ACEpotentials/src/models/ace.jl  689 evaluate_basis_ed(model::ACEpoten…
    64         0 @StaticArrays/src/mapreduce.jl   33 map
    66         0 @ForwardDiff/src/dual.jl  503 +
    66        65 @Base/essentials.jl     970 getindex
    67         0 @Base/array.jl         1020 setindex!
    69         0 @ForwardDiff/src/jacobian.jl  203 chunk_mode_jacobian(f::ACEpotenti…
    69         0 @Base/array.jl          408 similar
    77        77 @Base/float.jl          492 +
    78         0 @ForwardDiff/src/jacobian.jl  116 extract_jacobian_chunk!(::Type{Fo…
    78         0 @Base/broadcast.jl      999 copyto!
    79         0 @Base/broadcast.jl      907 materialize!
    79         0 @Base/broadcast.jl      910 materialize!
    79         0 @Base/broadcast.jl      952 copyto!
    80         0 @EquivariantTensors/…e/sparse_ace_basis.jl  105 evaluate
    80         0 @Base/broadcast.jl     1129 copy
    80         0 @Base/ntuple.jl          65 ntuple
    80         0 @Base/ntuple.jl          68 macro expansion
    80         0 @Base/broadcast.jl     1129 #copy##0
    80         0 @Base/broadcast.jl      677 _broadcast_getindex
    80         0 @Base/broadcast.jl      704 _broadcast_getindex_evalf
    80         0 @LinearAlgebra/src/matmul.jl   62 *
    81         0 @EquivariantTensors/…e/sparse_ace_basis.jl  103 evaluate
    81         0 @EquivariantTensors/…/sparsesymmprod_ka.jl   18 ka_evaluate
    84         0 @ForwardDiff/src/partials.jl  159 macro expansion
    84         0 @Base/abstractarray.jl  836 similar
    85         0 @Base/abstractarray.jl  827 similar
    92         0 @Base/broadcast.jl      899 materialize
    95        49 @ACEpotentials/…models/calculators.jl  317 energy_forces_virial_basis(at::Ex…
    95         0 @StaticArrays/src/linalg.jl   12 +
    95         0 @Base/array.jl          407 similar
    96         0 @ACEpotentials/…models/Rnl_splines.jl   76 evaluate_batched(basis::ACEpotent…
    99         0 @Interpolations/src/Interpolations.jl  306 interp_getindex
   100         0 @Base/array.jl          626 zeros
   117         0 @Interpolations/src/Interpolations.jl  314 _weight_itp(w::ForwardDiff.Dual{F…
   117         0 @StaticArrays/src/mapreduce.jl   39 map
   125         0 @Base/array.jl          622 zeros
   135         0 @Interpolations/src/Interpolations.jl  307 interp_getindex
   136         0 @Interpolations/…b-splines/indexing.jl    8 BSplineInterpolation
   136         0 @Interpolations/src/Interpolations.jl  289 getindex
   138         0 @Interpolations/…rc/scaling/scaling.jl   82 ScaledInterpolation
   139         0 @Interpolations/…tion/extrapolation.jl   54 Extrapolation
   146        15 @StaticArrays/src/mapreduce.jl   77 macro expansion
   156         1 @ACEpotentials/…models/Rnl_splines.jl   44 evaluate(basis::ACEpotentials.Mod…
   173         0 @ACEpotentials/src/models/ace.jl  597 evaluate_basis(model::ACEpotentia…
   173         0 @Base/boot.jl           661 Array
   181         0 @StaticArrays/src/mapreduce.jl   42 _map
   184         0 @Base/boot.jl           648 Array
   202         0 @ACEpotentials/…models/Rnl_splines.jl   60 evaluate_batched!(Rnl::Matrix{For…
   205         0 @ACEpotentials/…models/Rnl_splines.jl   77 evaluate_batched(basis::ACEpotent…
   232         0 @Base/array.jl          782 _collect_indices(indsA::Tuple{Bas…
   241         0 @Base/boot.jl           671 Array
   246         0 @ACEpotentials/src/models/ace.jl  589 evaluate_basis(model::ACEpotentia…
   286         0 @ACEpotentials/src/models/ace.jl  690 evaluate_basis_ed(model::ACEpoten…
   289         0 @Base/array.jl          761 collect(A::Matrix{SVector{3, Floa…
   332         0 @Base/boot.jl           662 Array
   332         0 @Base/boot.jl           652 Array
   332         0 @Base/boot.jl           605 new_as_memoryref
   476         0 @ForwardDiff/src/jacobian.jl  202 chunk_mode_jacobian(f::ACEpotenti…
   510         0 @ACEpotentials/src/models/ace.jl  685 #evaluate_basis_ed##0
   516       516 @Base/boot.jl           588 GenericMemory
   597       562 @Base/array.jl          963 getindex
   598         0 @ACEpotentials/src/models/ace.jl  684 evaluate_basis_ed(model::ACEpoten…
   598         0 @ForwardDiff/src/jacobian.jl   19 jacobian(f::ACEpotentials.Models.…
   598         0 @ForwardDiff/src/jacobian.jl   24 jacobian(f::ACEpotentials.Models.…
   949         0 @ACEpotentials/…models/calculators.jl  309 energy_forces_virial_basis(at::Ex…
   996       705 @ACEpotentials/…models/calculators.jl  315 energy_forces_virial_basis(at::Ex…
  1312       922 @ACEpotentials/…models/calculators.jl  314 energy_forces_virial_basis(at::Ex…
  3419         0 @Base/client.jl         577 _start()
  3419         0 @Base/client.jl         344 exec_options(opts::Base.JLOptions)
  3419         0 @Base/Base.jl           309 include(mod::Module, _path::Strin…
  3419         0 @Base/loading.jl       3076 _include(mapexpr::Function, mod::…
  3419         0 @Base/loading.jl       3016 include_string(mapexpr::typeof(id…
  3419         0 @Base/boot.jl           489 eval(m::Module, e::Any)
  3419         0 @ACEpotentials/…ssembly/02_profile.jl   11 kwcall(::@NamedTuple{mincount::In…
  3419         0 @ACEpotentials/…ssembly/02_profile.jl   15 flat_profile(name::String, f::var…
  3419         0 @Profile/src/Profile.jl   60 macro expansion
  3419         0 @ACEpotentials/…ssembly/02_profile.jl   28 (::var"#9#10"{ACEpotentials.Model…
  3419         0 @ACEpotentials/…models/calculators.jl  284 energy_forces_virial_basis(at::Ex…
  3419        48 @ACEpotentials/…models/calculators.jl  288 energy_forces_virial_basis(at::Ex…
Total snapshots: 11856. Utilization: 67% across all threads and tasks. Use the `groupby` kwarg to break down by thread and/or task.

==== tree profile: energy_forces_virial_basis cat_D6 (top-heavy, maxdepth 22) ====
Overhead ╎ [+additional indent] Count File:Line  Function
=========================================================
    ╎3419  @Base/client.jl:577  _start()
    ╎ 3419  @Base/client.jl:344  exec_options(opts::Base.JLOptions)
    ╎  3419  @Base/Base.jl:309  include(mod::Module, _path::String)
    ╎   3419  @Base/loading.jl:3076  _include(mapexpr::Function, mod::Module, _…
    ╎    3419  @Base/loading.jl:3016  include_string(mapexpr::typeof(identity),…
    ╎     3419  @Base/boot.jl:489  eval(m::Module, e::Any)
    ╎    ╎ 3419  @ACEpotentials/…e.jl:11  kwcall(::@NamedTuple{mincount::Int64}…
    ╎    ╎  3419  @ACEpotentials/…e.jl:15  flat_profile(name::String, f::var"#9…
    ╎    ╎   3419  @Profile/…rofile.jl:60  macro expansion
    ╎    ╎    3419  @ACEpotentials/….jl:28  (::var"#9#10"{ACEpotentials.Models.…
    ╎    ╎     3419  @ACEpotentials/…jl:284  energy_forces_virial_basis(at::Ext…
  48╎    ╎    ╎ 3419  @ACEpotentials/…jl:288  energy_forces_virial_basis(at::Ex…
    ╎    ╎    ╎  949   @ACEpotentials/…l:309  energy_forces_virial_basis(at::Ex…
    ╎    ╎    ╎   598   @ACEpotentials/…l:684  evaluate_basis_ed(model::ACEpote…
    ╎    ╎    ╎    598   @ForwardDiff/….jl:19  jacobian(f::ACEpotentials.Models…
    ╎    ╎    ╎     598   @ForwardDiff/…jl:19  jacobian(f::ACEpotentials.Models…
    ╎    ╎    ╎    ╎ 598   @ForwardDiff/…jl:24  jacobian(f::ACEpotentials.Model…
    ╎    ╎    ╎    ╎  476   @ForwardDiff/…l:202  chunk_mode_jacobian(f::ACEpote…
    ╎    ╎    ╎    ╎   476   @ACEpotentials/…:685  #evaluate_basis_ed##0
    ╎    ╎    ╎    ╎    225   @ACEpotentials/…:589  evaluate_basis(model::ACEpo…
    ╎    ╎    ╎    ╎     92    @ACEpotentials/…:76  evaluate_batched(basis::ACE…
    ╎    ╎    ╎    ╎    ╎ 92    @Base/array.jl:622  zeros
    ╎    ╎    ╎    ╎    ╎  79    @Base/…ray.jl:626  zeros
    ╎    ╎    ╎    ╎     133   @ACEpotentials/…:77  evaluate_batched(basis::ACE…
    ╎    ╎    ╎    ╎    ╎ 131   @ACEpotentials/…:60  evaluate_batched!(Rnl::Mat…
    ╎    ╎    ╎    ╎    ╎  106   @ACEpotentials/…:44  evaluate(basis::ACEpotent…
    ╎    ╎    ╎    ╎    168   @ACEpotentials/…:597  evaluate_basis(model::ACEpo…
    ╎    ╎    ╎    ╎     80    @EquivariantTensors/…:103  evaluate
    ╎    ╎    ╎    ╎    ╎ 80    @EquivariantTensors/…:18  ka_evaluate
    ╎    ╎    ╎    ╎    ╎  69    @EquivariantTensors/…:18  ka_evaluate
    ╎    ╎    ╎    ╎     77    @EquivariantTensors/…:105  evaluate
    ╎    ╎    ╎    ╎    ╎ 77    @Base/…cast.jl:899  materialize
    ╎    ╎    ╎    ╎    ╎  77    @Base/…ast.jl:1129  copy
    ╎    ╎    ╎    ╎    48    @ACEpotentials/…:606  evaluate_basis(model::ACEpo…
    ╎    ╎    ╎    ╎     46    @ACEpotentials/…:77  evaluate_batched(basis::ACE…
    ╎    ╎    ╎    ╎    ╎ 45    @ACEpotentials/…:60  evaluate_batched!(Rnl::Mat…
    ╎    ╎    ╎    ╎  69    @ForwardDiff/…l:203  chunk_mode_jacobian(f::ACEpote…
    ╎    ╎    ╎    ╎   69    @ForwardDiff/…l:116  extract_jacobian_chunk!(::Typ…
    ╎    ╎    ╎    ╎    69    @Base/…cast.jl:907  materialize!
    ╎    ╎    ╎    ╎     69    @Base/…cast.jl:910  materialize!
    ╎    ╎    ╎    ╎    ╎ 69    @Base/…cast.jl:952  copyto!
    ╎    ╎    ╎    ╎    ╎  69    @Base/…ast.jl:999  copyto!
    ╎    ╎    ╎   61    @ACEpotentials/…l:689  evaluate_basis_ed(model::ACEpote…
    ╎    ╎    ╎    46    @Base/array.jl:761  collect(A::Adjoint{Float64, Matrix…
    ╎    ╎    ╎   286   @ACEpotentials/…l:690  evaluate_basis_ed(model::ACEpote…
    ╎    ╎    ╎    243   @Base/array.jl:761  collect(A::Matrix{SVector{3, Float…
    ╎    ╎    ╎     232   @Base/array.jl:782  _collect_indices(indsA::Tuple{Bas…
    ╎    ╎    ╎    ╎ 232   @Base/boot.jl:671  Array
    ╎    ╎    ╎    ╎  232   @Base/boot.jl:662  Array
    ╎    ╎    ╎    ╎   232   @Base/boot.jl:652  Array
    ╎    ╎    ╎    ╎    232   @Base/boot.jl:605  new_as_memoryref
 232╎    ╎    ╎    ╎     232   @Base/boot.jl:588  GenericMemory
    ╎    ╎    ╎    41    @Base/…sional.jl:1663  permutedims(B::Base.ReshapedArr…
    ╎    ╎    ╎     41    @Base/…sional.jl:1677  permutedims!(P::Matrix{SVector…
    ╎    ╎    ╎    ╎ 41    @Base/…ional.jl:1691  macro expansion
    ╎    ╎    ╎    ╎  41    @Base/…tesian.jl:65  macro expansion
    ╎    ╎    ╎    ╎   41    @Base/…onal.jl:1695  macro expansion
 922╎    ╎    ╎  1312  @ACEpotentials/…l:314  energy_forces_virial_basis(at::Ex…
 322╎    ╎    ╎   334   @Base/array.jl:963  getindex
 705╎    ╎    ╎  996   @ACEpotentials/…l:315  energy_forces_virial_basis(at::Ex…
 240╎    ╎    ╎   252   @Base/array.jl:963  getindex
Total snapshots: 11856. Utilization: 67% across all threads and tasks. Use the `groupby` kwarg to break down by thread and/or task.

==== flat profile: evaluate_basis_ed (200 sites) cat_D6 (sorted by count, mincount=30) ====
 Count  Overhead File                    Line Function
 =====  ======== ====                    ==== ========
    32         5 @LinearAlgebra/src/transpose.jl  125 transposeblock!(f::typeof(adjoint…
    34        34 @Base/promotion.jl      641 ==
    34         0 @ForwardDiff/src/jacobian.jl  210 chunk_mode_jacobian(f::ACEpotenti…
    35        23 @ACEpotentials/…models/Rnl_splines.jl   38 evaluate(basis::ACEpotentials.Mod…
    39         0 @ForwardDiff/src/jacobian.jl  195 chunk_mode_jacobian(f::ACEpotenti…
    41         0 @ACEpotentials/…models/Rnl_splines.jl   53 evaluate_batched!(Rnl::Matrix{For…
    41         0 @EquivariantTensors/…/sparsesymmprod_ka.jl   53 macro expansion
    41         0 @EquivariantTensors/…/sparsesymmprod_ka.jl   53 #cpu__ka_evaluate_SparseSymmProd_…
    43         0 @LinearAlgebra/src/matmul.jl  270 mul!
    43         0 @LinearAlgebra/src/matmul.jl   73 mul!
    43         0 @LinearAlgebra/src/matmul.jl   76 _mul!
    43         0 @SparseArrays/src/linalg.jl   91 mul!
    43         0 @SparseArrays/src/linalg.jl   97 spdensemul!
    45         0 @SpheriCart/src/api.jl  102 macro expansion
    47         0 @SpheriCart/src/spherical.jl  132 macro expansion
    47         0 @SpheriCart/src/api.jl   89 compute!(Z::UnsafeArrays.UnsafeAr…
    47         0 @Base/subarray.jl       387 setindex!
    48         0 @Base/abstractarray.jl 1101 copyto_unaliased!
    48         0 @Base/indices.jl        569 iterate
    48         0 @Base/multidimensional.jl 1050 macro expansion
    51         0 @Base/operators.jl      425 >
    53         0 @Base/multidimensional.jl 1036 _setindex!
    53         0 @Base/multidimensional.jl 1048 _unsafe_setindex!
    55         0 @Base/abstractarray.jl 1100 copyto_unaliased!
    56         0 @EquivariantTensors/…/sparsesymmprod_ka.jl   54 macro expansion
    57         0 @ACEpotentials/src/models/ace.jl  593 evaluate_basis(model::ACEpotentia…
    57         0 @Polynomials4ML/src/sphericart.jl  124 evaluate!
    57         0 @SpheriCart/src/spherical.jl  127 compute!(Y::UnsafeArrays.UnsafeAr…
    57         0 @Bumper/src/internals.jl   76 macro expansion
    61         0 @ForwardDiff/src/partials.jl   85 *
    61         0 @ForwardDiff/src/partials.jl   88 *
    61         0 @ForwardDiff/src/partials.jl  202 scale_tuple
    62        29 @Base/range.jl          928 iterate
    62         0 @Base/abstractarray.jl 1363 getindex
    62         0 @Base/abstractarray.jl 1392 _getindex
    63         6 @StaticArrays/src/linalg.jl   22 (::StaticArrays.var"#*##2#*##3"{F…
    64         0 @Base/abstractarray.jl 1487 _setindex!
    65         0 @WithAlloc/src/WithAlloc.jl   11 macro expansion
    65         0 @WithAlloc/src/WithAlloc.jl   17 withalloc
    65         0 none                      ? _genwithalloc
    65         0 none                      ? macro expansion
    65         0 @WithAlloc/src/WithAlloc.jl   37 macro expansion
    67        44 @ACEpotentials/…models/Rnl_splines.jl   39 evaluate(basis::ACEpotentials.Mod…
    68         0 @UnsafeArrays/src/unsafe_array.jl   57 getindex
    68        68 @Base/pointer.jl        151 unsafe_load
    69         0 @Base/reshapedarray.jl  298 getindex
    71         0 @Base/reinterpretarray.jl  422 getindex
    71         0 @Base/reinterpretarray.jl  448 _getindex_ptr
    71         0 @Base/reinterpretarray.jl  393 cconvert
    71        71 @Base/pointer.jl         63 cconvert
    84         0 @Base/array.jl          784 _collect_indices(indsA::Tuple{Bas…
    93         1 none                      ? cpu__ka_evaluate_SparseSymmProd_v…
    94         0 @EquivariantTensors/…/sparseprodpool_ka.jl   52 macro expansion
    94         0 @EquivariantTensors/…/sparseprodpool_ka.jl   52 #cpu__ka_evaluate_PooledSparsePro…
    98        97 @Base/array.jl         1024 _setindex!
    99         0 @ForwardDiff/src/partials.jl   96 _mul_partials
    99         0 @ForwardDiff/src/partials.jl  222 mul_tuples
   101         0 @ForwardDiff/src/jacobian.jl  191 chunk_mode_jacobian(f::ACEpotenti…
   102         0 @EquivariantTensors/…/sparseprodpool_ka.jl   53 macro expansion
   103        42 @Base/reduce.jl          30 mul_prod(x::ForwardDiff.Dual{Forw…
   105         0 @StaticArrays/src/linalg.jl   22 *
   107         0 @ForwardDiff/src/jacobian.jl  209 chunk_mode_jacobian(f::ACEpotenti…
   107         0 @Base/operators.jl      611 afoldl
   111         0 @ForwardDiff/src/dual.jl  285 *
   111         0 @ForwardDiff/src/dual.jl  217 dual_definition_retval
   114         1 @Interpolations/src/Interpolations.jl  316 _weight_itp(w::ForwardDiff.Dual{F…
   117         0 @Base/abstractarray.jl 1464 setindex!
   118         0 @EquivariantTensors/…/sparsesymmprod_ka.jl   19 ka_evaluate
   118         3 @EquivariantTensors/…/sparsesymmprod_ka.jl   44 _ka_evaluate_launcher!(AA::Vector…
   118         0 @Base/array.jl          408 similar
   122         0 @Base/reduce.jl         620 prod
   122         0 @Base/reduce.jl         620 #prod#282
   122         0 @Base/reduce.jl         306 mapreduce
   122         0 @Base/reduce.jl         306 #mapreduce#275
   122         0 @Base/reduce.jl         173 mapfoldl
   122         0 @Base/reduce.jl         173 #mapfoldl#271
   122         0 @Base/reduce.jl          42 mapfoldl_impl
   122         0 @Base/reduce.jl          46 foldl_impl
   122         0 @Base/reduce.jl          66 _foldl_impl
   122        19 @Base/reduce.jl          84 BottomRF
   132         0 @ACEpotentials/src/models/ace.jl  600 evaluate_basis(model::ACEpotentia…
   135         0 @Base/ntuple.jl          19 ntuple
   141         0 @Base/array.jl         1031 setindex!
   141       138 @Base/array.jl         1037 _setindex!
   141         0 @StaticArrays/src/mapreduce.jl   78 macro expansion
   141       141 @StaticArraysCore/…c/StaticArraysCore.jl  122 SArray
   147         0 @ForwardDiff/src/dual.jl   59 Dual
   147       147 @ForwardDiff/src/dual.jl   19 Dual
   157         0 @Base/array.jl          963 getindex
   159         0 @ForwardDiff/src/partials.jl  121 _mul_partial
   174       174 @Base/float.jl          494 *
   183         0 @ForwardDiff/src/dual.jl  290 *
   186         0 @Base/abstractarray.jl  836 similar
   191         0 @Base/simdloop.jl        75 macro expansion
   193         0 @ForwardDiff/src/dual.jl  214 dual_definition_retval
   196         0 @LinearAlgebra/src/transpose.jl  123 transposeblock!(f::typeof(adjoint…
   197         0 none                      ? cpu__ka_evaluate_PooledSparseProd…
   199         0 @EquivariantTensors/…/sparseprodpool_ka.jl   25 ka_evaluate(basis::EquivariantTen…
   199         0 @EquivariantTensors/…/sparseprodpool_ka.jl   33 ka_evaluate!
   199         0 @EquivariantTensors/…/sparseprodpool_ka.jl   43 _ka_evaluate_launcher!
   201        16 @StaticArrays/src/linalg.jl   21 (::StaticArrays.var"#*##0#*##1"{F…
   204         0 @EquivariantTensors/…e/sparse_ace_basis.jl  102 evaluate
   204         0 @EquivariantTensors/…/sparseprodpool_ka.jl   24 ka_evaluate
   212         0 @Base/array.jl          363 _fill!
   217         0 @Base/multidimensional.jl 1695 macro expansion
   223         0 @Base/array.jl          627 zeros
   225         0 @Base/array.jl          359 fill!
   227         0 @EquivariantTensors/…e/sparse_ace_basis.jl  105 evaluate
   227         0 @Base/broadcast.jl      899 materialize
   227         0 @Base/broadcast.jl     1129 copy
   227         0 @Base/ntuple.jl          65 ntuple
   227         0 @Base/ntuple.jl          68 macro expansion
   227         0 @Base/broadcast.jl     1129 #copy##0
   227         0 @Base/broadcast.jl      677 _broadcast_getindex
   227         0 @Base/broadcast.jl      704 _broadcast_getindex_evalf
   227         0 @LinearAlgebra/src/matmul.jl   62 *
   228         0 @Base/multidimensional.jl 1663 permutedims(B::Base.ReshapedArray…
   228         0 @Base/multidimensional.jl 1677 permutedims!(P::Matrix{SVector{3,…
   228         0 @Base/multidimensional.jl 1691 macro expansion
   231         0 @EquivariantTensors/…e/sparse_ace_basis.jl  103 evaluate
   231         0 @EquivariantTensors/…/sparsesymmprod_ka.jl   18 ka_evaluate
   239       238 @Base/int.jl             83 <
   244         0 @Base/array.jl          983 getindex(A::Matrix{Float64}, c::C…
   244         0 @Base/array.jl          406 similar
   256         5 @StaticArrays/src/linalg.jl   21 *
   265         0 @Base/cartesian.jl       65 macro expansion
   267         0 @Base/multidimensional.jl 1662 permutedims(B::Base.ReshapedArray…
   267         0 @Base/abstractarray.jl  825 similar
   267         0 @Base/reshapedarray.jl  255 similar
   268         0 @Base/reinterpretarray.jl  223 similar
   290         0 @KernelAbstractions/src/cpu.jl  147 __thread_run
   300         0 @KernelAbstractions/src/macros.jl  314 macro expansion
   306         0 @LinearAlgebra/src/transpose.jl  134 transposeblock!(f::typeof(adjoint…
   309         0 @KernelAbstractions/src/cpu.jl  112 __run(obj::KernelAbstractions.Ker…
   312         3 @KernelAbstractions/src/cpu.jl   46 (::KernelAbstractions.Kernel{Kern…
   314         0 @KernelAbstractions/src/cpu.jl   39 Kernel
   316         0 @LinearAlgebra/src/transpose.jl  133 transposeblock!(f::typeof(adjoint…
   323         0 @Base/array.jl          784 _collect_indices
   323         0 @LinearAlgebra/src/transpose.jl  252 copyto_unaliased!
   323         0 @LinearAlgebra/src/transpose.jl   76 adjoint!
   323         0 @LinearAlgebra/src/transpose.jl  114 transpose_f!(f::typeof(adjoint), …
   323         1 @LinearAlgebra/src/transpose.jl  130 transposeblock!(f::typeof(adjoint…
   323         1 @LinearAlgebra/src/transpose.jl  129 transposeblock!(f::typeof(adjoint…
   345         0 @Base/boot.jl           661 Array
   357         0 @StaticArrays/src/mapreduce.jl   33 map
   359         0 @Base/array.jl          782 _collect_indices
   377         0 @ForwardDiff/src/partials.jl   82 +
   377         0 @ForwardDiff/src/partials.jl  210 add_tuples
   388       385 @Base/array.jl         1025 _setindex!
   388         0 @Base/boot.jl           671 Array
   411         0 @ForwardDiff/src/dual.jl  503 +
   414       414 @Base/float.jl          492 +
   453         0 @ForwardDiff/src/jacobian.jl  193 chunk_mode_jacobian(f::ACEpotenti…
   486         0 @Base/array.jl         1020 setindex!
   500         0 @ACEpotentials/src/models/ace.jl  606 evaluate_basis(model::ACEpotentia…
   529         0 @StaticArrays/src/linalg.jl   12 +
   529         0 @StaticArrays/src/mapreduce.jl   39 map
   539         0 @ForwardDiff/src/partials.jl  159 macro expansion
   566         0 @Base/broadcast.jl      617 getindex
   566         0 @Base/broadcast.jl      621 _getindex
   566         0 @Base/broadcast.jl      676 _broadcast_getindex
   566         0 @Base/broadcast.jl      700 _getindex
   566         0 @Base/broadcast.jl      670 _broadcast_getindex
   589         0 @Base/boot.jl           648 Array
   600         0 @Interpolations/src/Interpolations.jl  306 interp_getindex
   608         0 @ACEpotentials/src/models/ace.jl  690 evaluate_basis_ed(model::ACEpoten…
   613         0 @Base/broadcast.jl     1000 macro expansion
   637         0 @Base/abstractarray.jl  827 similar
   650         0 @Base/array.jl          626 zeros
   662         0 @ACEpotentials/src/models/ace.jl  597 evaluate_basis(model::ACEpotentia…
   670         0 @Base/simdloop.jl        77 macro expansion
   674         2 @Interpolations/src/Interpolations.jl  314 _weight_itp(w::ForwardDiff.Dual{F…
   727         0 @ForwardDiff/src/jacobian.jl  203 chunk_mode_jacobian(f::ACEpotenti…
   741         0 @ACEpotentials/…models/Rnl_splines.jl   76 evaluate_batched(basis::ACEpotent…
   745        96 @StaticArrays/src/mapreduce.jl   77 macro expansion
   784       784 @Base/essentials.jl     970 getindex
   790         1 @Interpolations/src/Interpolations.jl  307 interp_getindex
   795         0 @Base/array.jl          761 collect(A::Matrix{SVector{3, Floa…
   800         0 @ForwardDiff/src/jacobian.jl  116 extract_jacobian_chunk!(::Type{Fo…
   800         0 @Base/broadcast.jl      999 copyto!
   804         0 @Interpolations/…b-splines/indexing.jl    8 BSplineInterpolation
   804         0 @Interpolations/src/Interpolations.jl  289 getindex
   817         0 @Interpolations/…rc/scaling/scaling.jl   82 ScaledInterpolation
   819         0 @Base/broadcast.jl      952 copyto!
   820         0 @Interpolations/…tion/extrapolation.jl   54 Extrapolation
   821         0 @Base/broadcast.jl      907 materialize!
   821         0 @Base/broadcast.jl      910 materialize!
   873         0 @Base/array.jl          622 zeros
   886         0 @StaticArrays/src/mapreduce.jl   42 _map
   906         0 @Base/array.jl          407 similar
   927         1 @ACEpotentials/src/models/ace.jl  689 evaluate_basis_ed(model::ACEpoten…
   932         0 @ACEpotentials/…models/Rnl_splines.jl   44 evaluate(basis::ACEpotentials.Mod…
  1113         1 @ACEpotentials/…models/Rnl_splines.jl   60 evaluate_batched!(Rnl::Matrix{For…
  1160         0 @ACEpotentials/…models/Rnl_splines.jl   77 evaluate_batched(basis::ACEpotent…
  1401         0 @ACEpotentials/src/models/ace.jl  589 evaluate_basis(model::ACEpotentia…
  1717         0 @Base/boot.jl           662 Array
  1717         0 @Base/boot.jl           652 Array
  1717         0 @Base/boot.jl           605 new_as_memoryref
  2306      2306 @Base/boot.jl           588 GenericMemory
  2560         0 @ForwardDiff/src/jacobian.jl  202 chunk_mode_jacobian(f::ACEpotenti…
  2768         0 @ACEpotentials/src/models/ace.jl  685 #evaluate_basis_ed##0
  4023         0 @ForwardDiff/src/jacobian.jl   24 jacobian(f::ACEpotentials.Models.…
  4026         0 @ACEpotentials/src/models/ace.jl  684 evaluate_basis_ed(model::ACEpoten…
  4026         0 @ForwardDiff/src/jacobian.jl   19 jacobian(f::ACEpotentials.Models.…
  5586         0 @Base/client.jl         577 _start()
  5586         0 @Base/client.jl         344 exec_options(opts::Base.JLOptions)
  5586         0 @Base/Base.jl           309 include(mod::Module, _path::Strin…
  5586         0 @Base/loading.jl       3076 _include(mapexpr::Function, mod::…
  5586         0 @Base/loading.jl       3016 include_string(mapexpr::typeof(id…
  5586         0 @Base/boot.jl           489 eval(m::Module, e::Any)
  5586         0 @ACEpotentials/…ssembly/02_profile.jl   11 kwcall(::@NamedTuple{mincount::In…
  5586         0 @ACEpotentials/…ssembly/02_profile.jl   15 flat_profile(name::String, f::var…
  5586         0 @Profile/src/Profile.jl   60 macro expansion
  5586         0 @ACEpotentials/…ssembly/02_profile.jl   32 (::var"#11#12"{ACEpotentials.Mode…
Total snapshots: 17802. Utilization: 67% across all threads and tasks. Use the `groupby` kwarg to break down by thread and/or task.

==== tree profile: evaluate_basis_ed (200 sites) cat_D6 (top-heavy, maxdepth 22) ====
Overhead ╎ [+additional indent] Count File:Line  Function
=========================================================
     ╎5586  @Base/client.jl:577  _start()
     ╎ 5586  @Base/client.jl:344  exec_options(opts::Base.JLOptions)
     ╎  5586  @Base/Base.jl:309  include(mod::Module, _path::String)
     ╎   5586  @Base/loading.jl:3076  _include(mapexpr::Function, mod::Module, …
     ╎    5586  @Base/loading.jl:3016  include_string(mapexpr::typeof(identity)…
     ╎     5586  @Base/boot.jl:489  eval(m::Module, e::Any)
     ╎    ╎ 5586  @ACEpotentials/…e.jl:11  kwcall(::@NamedTuple{mincount::Int64…
     ╎    ╎  5586  @ACEpotentials/….jl:15  flat_profile(name::String, f::var"#1…
     ╎    ╎   5586  @Profile/…rofile.jl:60  macro expansion
     ╎    ╎    5586  @ACEpotentials/…jl:32  (::var"#11#12"{ACEpotentials.Models…
     ╎    ╎     4026  @ACEpotentials/…jl:684  evaluate_basis_ed(model::ACEpoten…
     ╎    ╎    ╎ 4026  @ForwardDiff/…n.jl:19  jacobian(f::ACEpotentials.Models.…
     ╎    ╎    ╎  4023  @ForwardDiff/….jl:19  jacobian(f::ACEpotentials.Models.…
     ╎    ╎    ╎   4023  @ForwardDiff/….jl:24  jacobian(f::ACEpotentials.Models…
     ╎    ╎    ╎    453   @ForwardDiff/…jl:193  chunk_mode_jacobian(f::ACEpoten…
     ╎    ╎    ╎     453   @Base/…tarray.jl:827  similar
     ╎    ╎    ╎    ╎ 453   @Base/array.jl:407  similar
     ╎    ╎    ╎    ╎  453   @Base/boot.jl:662  Array
     ╎    ╎    ╎    ╎   453   @Base/boot.jl:652  Array
     ╎    ╎    ╎    ╎    453   @Base/boot.jl:605  new_as_memoryref
  453╎    ╎    ╎    ╎     453   @Base/boot.jl:588  GenericMemory
     ╎    ╎    ╎    2560  @ForwardDiff/…jl:202  chunk_mode_jacobian(f::ACEpoten…
     ╎    ╎    ╎     2560  @ACEpotentials/…:685  #evaluate_basis_ed##0
     ╎    ╎    ╎    ╎ 1284  @ACEpotentials/…:589  evaluate_basis(model::ACEpote…
     ╎    ╎    ╎    ╎  488   @ACEpotentials/…:76  evaluate_batched(basis::ACEpo…
     ╎    ╎    ╎    ╎   488   @Base/array.jl:622  zeros
     ╎    ╎    ╎    ╎    401   @Base/array.jl:626  zeros
     ╎    ╎    ╎    ╎     401   @Base/boot.jl:662  Array
     ╎    ╎    ╎    ╎    ╎ 401   @Base/boot.jl:652  Array
     ╎    ╎    ╎    ╎    ╎  401   @Base/boot.jl:605  new_as_memoryref
     ╎    ╎    ╎    ╎    87    @Base/array.jl:627  zeros
     ╎    ╎    ╎    ╎     87    @Base/array.jl:359  fill!
     ╎    ╎    ╎    ╎    ╎ 80    @Base/…ray.jl:363  _fill!
     ╎    ╎    ╎    ╎    ╎  80    @Base/…ay.jl:1020  setindex!
     ╎    ╎    ╎    ╎  796   @ACEpotentials/…:77  evaluate_batched(basis::ACEpo…
     ╎    ╎    ╎    ╎   768   @ACEpotentials/…:60  evaluate_batched!(Rnl::Matri…
     ╎    ╎    ╎    ╎    656   @ACEpotentials/…:44  evaluate(basis::ACEpotentia…
     ╎    ╎    ╎    ╎     571   @Interpolations/…:54  Extrapolation
     ╎    ╎    ╎    ╎    ╎ 571   @Interpolations/…:82  ScaledInterpolation
     ╎    ╎    ╎    ╎    ╎  567   @Interpolations/…:8  BSplineInterpolation
     ╎    ╎    ╎    ╎     82    @StaticArrays/…:22  *
     ╎    ╎    ╎    ╎    ╎ 82    @StaticArrays/…:33  map
     ╎    ╎    ╎    ╎    ╎  82    @StaticArrays/…:42  _map
     ╎    ╎    ╎    ╎ 626   @ACEpotentials/…:597  evaluate_basis(model::ACEpote…
     ╎    ╎    ╎    ╎  186   @EquivariantTensors/…:102  evaluate
     ╎    ╎    ╎    ╎   186   @EquivariantTensors/…:24  ka_evaluate
     ╎    ╎    ╎    ╎    181   @EquivariantTensors/…:25  ka_evaluate(basis::Equ…
     ╎    ╎    ╎    ╎     181   @EquivariantTensors/…:33  ka_evaluate!
     ╎    ╎    ╎    ╎    ╎ 181   @EquivariantTensors/…:43  _ka_evaluate_launche…
     ╎    ╎    ╎    ╎    ╎  181   @KernelAbstractions/…:39  Kernel
     ╎    ╎    ╎    ╎  219   @EquivariantTensors/…:103  evaluate
     ╎    ╎    ╎    ╎   219   @EquivariantTensors/…:18  ka_evaluate
     ╎    ╎    ╎    ╎    113   @EquivariantTensors/…:18  ka_evaluate
     ╎    ╎    ╎    ╎     113   @Base/array.jl:408  similar
     ╎    ╎    ╎    ╎    ╎ 113   @Base/boot.jl:661  Array
     ╎    ╎    ╎    ╎    ╎  113   @Base/boot.jl:648  Array
     ╎    ╎    ╎    ╎    106   @EquivariantTensors/…:19  ka_evaluate
    3╎    ╎    ╎    ╎     106   @EquivariantTensors/…:44  _ka_evaluate_launcher…
     ╎    ╎    ╎    ╎    ╎ 103   @KernelAbstractions/…:39  Kernel
    1╎    ╎    ╎    ╎    ╎  102   @KernelAbstractions/…:46  (::KernelAbstractio…
     ╎    ╎    ╎    ╎  221   @EquivariantTensors/…:105  evaluate
     ╎    ╎    ╎    ╎   221   @Base/…cast.jl:899  materialize
     ╎    ╎    ╎    ╎    221   @Base/…cast.jl:1129  copy
     ╎    ╎    ╎    ╎     221   @Base/…uple.jl:65  ntuple
     ╎    ╎    ╎    ╎    ╎ 221   @Base/…uple.jl:68  macro expansion
     ╎    ╎    ╎    ╎    ╎  221   @Base/…st.jl:1129  #copy##0
     ╎    ╎    ╎    ╎ 108   @ACEpotentials/…:600  evaluate_basis(model::ACEpote…
     ╎    ╎    ╎    ╎  108   @Base/array.jl:622  zeros
     ╎    ╎    ╎    ╎   80    @Base/array.jl:627  zeros
     ╎    ╎    ╎    ╎    80    @Base/array.jl:359  fill!
     ╎    ╎    ╎    ╎     74    @Base/array.jl:363  _fill!
     ╎    ╎    ╎    ╎    ╎ 74    @Base/…ray.jl:1020  setindex!
   31╎    ╎    ╎    ╎    ╎  31    @Base/…ay.jl:1024  _setindex!
   43╎    ╎    ╎    ╎    ╎  43    @Base/…ay.jl:1025  _setindex!
     ╎    ╎    ╎    ╎ 458   @ACEpotentials/…:606  evaluate_basis(model::ACEpote…
     ╎    ╎    ╎    ╎  237   @ACEpotentials/…:76  evaluate_batched(basis::ACEpo…
     ╎    ╎    ╎    ╎   237   @Base/array.jl:622  zeros
     ╎    ╎    ╎    ╎    205   @Base/array.jl:626  zeros
     ╎    ╎    ╎    ╎     205   @Base/boot.jl:662  Array
     ╎    ╎    ╎    ╎    ╎ 205   @Base/boot.jl:652  Array
     ╎    ╎    ╎    ╎    ╎  205   @Base/boot.jl:605  new_as_memoryref
     ╎    ╎    ╎    ╎    32    @Base/array.jl:627  zeros
     ╎    ╎    ╎    ╎     32    @Base/array.jl:359  fill!
     ╎    ╎    ╎    ╎    ╎ 32    @Base/…ray.jl:363  _fill!
     ╎    ╎    ╎    ╎    ╎  32    @Base/…ay.jl:1020  setindex!
     ╎    ╎    ╎    ╎  221   @ACEpotentials/…:77  evaluate_batched(basis::ACEpo…
    1╎    ╎    ╎    ╎   208   @ACEpotentials/…:60  evaluate_batched!(Rnl::Matri…
     ╎    ╎    ╎    ╎    144   @ACEpotentials/…:44  evaluate(basis::ACEpotentia…
     ╎    ╎    ╎    ╎     123   @Interpolations/…:54  Extrapolation
     ╎    ╎    ╎    ╎    ╎ 121   @Interpolations/…:82  ScaledInterpolation
     ╎    ╎    ╎    ╎    ╎  112   @Interpolations/…:8  BSplineInterpolation
     ╎    ╎    ╎    727   @ForwardDiff/…jl:203  chunk_mode_jacobian(f::ACEpoten…
     ╎    ╎    ╎     727   @ForwardDiff/…jl:116  extract_jacobian_chunk!(::Type…
     ╎    ╎    ╎    ╎ 727   @Base/…dcast.jl:907  materialize!
     ╎    ╎    ╎    ╎  727   @Base/…dcast.jl:910  materialize!
     ╎    ╎    ╎    ╎   727   @Base/…cast.jl:952  copyto!
     ╎    ╎    ╎    ╎    727   @Base/…cast.jl:999  copyto!
     ╎    ╎    ╎    ╎     174   @Base/…loop.jl:75  macro expansion
  173╎    ╎    ╎    ╎    ╎ 174   @Base/int.jl:83  <
     ╎    ╎    ╎    ╎     553   @Base/…loop.jl:77  macro expansion
     ╎    ╎    ╎    ╎    ╎ 553   @Base/…ast.jl:1000  macro expansion
     ╎    ╎    ╎    ╎    ╎  509   @Base/…st.jl:617  getindex
    1╎    ╎     927   @ACEpotentials/…jl:689  evaluate_basis_ed(model::ACEpoten…
     ╎    ╎    ╎ 682   @Base/array.jl:761  collect(A::Adjoint{Float64, Matrix{F…
     ╎    ╎    ╎  359   @Base/array.jl:782  _collect_indices
     ╎    ╎    ╎   359   @Base/boot.jl:671  Array
     ╎    ╎    ╎    359   @Base/boot.jl:662  Array
     ╎    ╎    ╎     359   @Base/boot.jl:652  Array
     ╎    ╎    ╎    ╎ 359   @Base/boot.jl:605  new_as_memoryref
  359╎    ╎    ╎    ╎  359   @Base/boot.jl:588  GenericMemory
     ╎    ╎    ╎  323   @Base/array.jl:784  _collect_indices
     ╎    ╎    ╎   323   @LinearAlgebra/…:252  copyto_unaliased!
     ╎    ╎    ╎    323   @LinearAlgebra/…:76  adjoint!
     ╎    ╎    ╎     323   @LinearAlgebra/…:114  transpose_f!(f::typeof(adjoint…
     ╎    ╎    ╎    ╎ 168   @LinearAlgebra/…:129  transposeblock!(f::typeof(adj…
     ╎    ╎    ╎    ╎  74    @LinearAlgebra/…:129  transposeblock!(f::typeof(ad…
     ╎    ╎    ╎    ╎   33    @LinearAlgebra/…:129  transposeblock!(f::typeof(a…
     ╎    ╎    ╎    ╎   41    @LinearAlgebra/…:130  transposeblock!(f::typeof(a…
     ╎    ╎    ╎    ╎  94    @LinearAlgebra/…:130  transposeblock!(f::typeof(ad…
     ╎    ╎    ╎    ╎   56    @LinearAlgebra/…:129  transposeblock!(f::typeof(a…
     ╎    ╎    ╎    ╎    30    @LinearAlgebra/…:129  transposeblock!(f::typeof(…
     ╎    ╎    ╎    ╎   38    @LinearAlgebra/…:130  transposeblock!(f::typeof(a…
     ╎    ╎    ╎    ╎ 155   @LinearAlgebra/…:130  transposeblock!(f::typeof(adj…
     ╎    ╎    ╎    ╎  79    @LinearAlgebra/…:129  transposeblock!(f::typeof(ad…
     ╎    ╎    ╎    ╎   56    @LinearAlgebra/…:130  transposeblock!(f::typeof(a…
     ╎    ╎    ╎    ╎  76    @LinearAlgebra/…:130  transposeblock!(f::typeof(ad…
     ╎    ╎    ╎    ╎   40    @LinearAlgebra/…:129  transposeblock!(f::typeof(a…
     ╎    ╎    ╎    ╎   36    @LinearAlgebra/…:130  transposeblock!(f::typeof(a…
     ╎    ╎    ╎ 244   @Base/array.jl:983  getindex(A::Matrix{Float64}, c::Colo…
     ╎    ╎    ╎  244   @Base/array.jl:406  similar
     ╎    ╎    ╎   244   @Base/boot.jl:648  Array
  244╎    ╎    ╎    244   @Base/boot.jl:588  GenericMemory
     ╎    ╎     608   @ACEpotentials/…jl:690  evaluate_basis_ed(model::ACEpoten…
     ╎    ╎    ╎ 113   @Base/array.jl:761  collect(A::Matrix{SVector{3, Float64…
     ╎    ╎    ╎  84    @Base/array.jl:784  _collect_indices(indsA::Tuple{Base.…
     ╎    ╎    ╎   36    @Base/…tarray.jl:1100  copyto_unaliased!
     ╎    ╎    ╎    36    @Base/array.jl:1020  setindex!
   36╎    ╎    ╎     36    @Base/array.jl:1025  _setindex!
     ╎    ╎    ╎   48    @Base/…tarray.jl:1101  copyto_unaliased!
     ╎    ╎    ╎    48    @Base/indices.jl:569  iterate
     ╎    ╎    ╎     48    @Base/…rators.jl:425  >
   48╎    ╎    ╎    ╎ 48    @Base/int.jl:83  <
     ╎    ╎    ╎ 267   @Base/…nsional.jl:1662  permutedims(B::Base.ReshapedArra…
     ╎    ╎    ╎  267   @Base/…ctarray.jl:825  similar
     ╎    ╎    ╎   267   @Base/…darray.jl:255  similar
     ╎    ╎    ╎    267   @Base/…tarray.jl:223  similar
     ╎    ╎    ╎     267   @Base/array.jl:407  similar
     ╎    ╎    ╎    ╎ 267   @Base/boot.jl:662  Array
     ╎    ╎    ╎    ╎  267   @Base/boot.jl:652  Array
     ╎    ╎    ╎    ╎   267   @Base/boot.jl:605  new_as_memoryref
  267╎    ╎    ╎    ╎    267   @Base/boot.jl:588  GenericMemory
     ╎    ╎    ╎ 228   @Base/…nsional.jl:1663  permutedims(B::Base.ReshapedArra…
     ╎    ╎    ╎  228   @Base/…sional.jl:1677  permutedims!(P::Matrix{SVector{3…
     ╎    ╎    ╎   228   @Base/…sional.jl:1691  macro expansion
     ╎    ╎    ╎    217   @Base/…tesian.jl:65  macro expansion
     ╎    ╎    ╎     217   @Base/…ional.jl:1695  macro expansion
     ╎    ╎    ╎    ╎ 148   @Base/array.jl:1020  setindex!
  145╎    ╎    ╎    ╎  148   @Base/array.jl:1025  _setindex!
     ╎    ╎    ╎    ╎ 69    @Base/…array.jl:298  getindex
     ╎    ╎    ╎    ╎  69    @Base/…array.jl:422  getindex
     ╎    ╎    ╎    ╎   69    @Base/…rray.jl:448  _getindex_ptr
     ╎    ╎    ╎    ╎    69    @Base/…rray.jl:393  cconvert
   69╎    ╎    ╎    ╎     69    @Base/…nter.jl:63  cconvert
Total snapshots: 17802. Utilization: 67% across all threads and tasks. Use the `groupby` kwarg to break down by thread and/or task.
emb16_D8   n_B/elem=  753  NZ=5  length_basis=  3805  nR=384 nY= 25 nA=  380 nAA=  1217 npair=8 rcut=6.25

==== flat profile: energy_forces_virial_basis emb16_D8 (sorted by count, mincount=40) ====
 Count  Overhead File                    Line Function
 =====  ======== ====                    ==== ========
    40         0 @Base/abstractarray.jl 1363 getindex(::Matrix{SVector{3, Floa…
    41         0 @Base/boot.jl           648 Array
    42         0 @ACEpotentials/src/models/ace.jl  689 evaluate_basis_ed(model::ACEpoten…
    42         0 @Base/simdloop.jl        77 macro expansion
    43         0 @Base/broadcast.jl      907 materialize!
    43         0 @Base/broadcast.jl      910 materialize!
    44        42 @Base/array.jl         1025 _setindex!
    45         0 @StaticArrays/src/linalg.jl   22 (::StaticArrays.var"#*##2#*##3"{F…
    46         0 @ACEpotentials/src/models/ace.jl  690 evaluate_basis_ed(model::ACEpoten…
    49        17 @Base/reduce.jl          30 mul_prod(x::ForwardDiff.Dual{Forw…
    52         0 @Base/boot.jl           661 Array
    56         0 @Base/array.jl          761 collect(A::Matrix{SVector{3, Floa…
    56         0 @Base/reduce.jl         620 prod
    56         0 @Base/reduce.jl         620 #prod#282
    56         0 @Base/reduce.jl          66 _foldl_impl
    56         0 @Base/operators.jl      611 afoldl
    57         0 @ForwardDiff/src/partials.jl   96 _mul_partials
    57         0 @ForwardDiff/src/partials.jl  222 mul_tuples
    60         0 @Base/array.jl          363 _fill!
    60         7 @Base/reduce.jl          84 BottomRF
    61         0 @Base/array.jl          627 zeros
    61         0 @Base/array.jl          359 fill!
    64         0 @Base/reduce.jl         306 mapreduce
    64         0 @Base/reduce.jl         306 #mapreduce#275
    64         0 @Base/reduce.jl         173 mapfoldl
    64         0 @Base/reduce.jl         173 #mapfoldl#271
    64         0 @Base/reduce.jl          42 mapfoldl_impl
    64         0 @Base/reduce.jl          46 foldl_impl
    67         0 @Base/multidimensional.jl 1050 macro expansion
    71         0 @EquivariantTensors/…/sparseprodpool_ka.jl   53 macro expansion
    73         0 @Base/multidimensional.jl 1036 _setindex!
    73         0 @Base/multidimensional.jl 1048 _unsafe_setindex!
    75         1 @Interpolations/src/Interpolations.jl  316 _weight_itp(w::ForwardDiff.Dual{F…
    75         0 @ForwardDiff/src/dual.jl  285 *
    75         0 @ForwardDiff/src/dual.jl  217 dual_definition_retval
    77        27 @ACEpotentials/…models/calculators.jl  317 energy_forces_virial_basis(at::Ex…
    81         0 @Base/array.jl         1020 setindex!
    83         0 @Base/cartesian.jl       65 macro expansion
    83         0 @Base/array.jl         1031 setindex!
    85        85 @Base/array.jl         1037 _setindex!
    86         0 @ForwardDiff/src/partials.jl  121 _mul_partial
    88         0 @Base/abstractarray.jl 1464 setindex!
    89         0 @ForwardDiff/src/jacobian.jl  209 chunk_mode_jacobian(f::ACEpotenti…
    95         0 @StaticArrays/src/linalg.jl   22 *
    96         0 none                      ? cpu__ka_evaluate_PooledSparseProd…
    96        96 @Base/float.jl          494 *
    98         0 @EquivariantTensors/…/sparseprodpool_ka.jl   25 ka_evaluate(basis::EquivariantTen…
    98         0 @EquivariantTensors/…/sparseprodpool_ka.jl   33 ka_evaluate!
    98         0 @EquivariantTensors/…/sparseprodpool_ka.jl   43 _ka_evaluate_launcher!
    98         0 @KernelAbstractions/src/cpu.jl  147 __thread_run
    99         0 @EquivariantTensors/…e/sparse_ace_basis.jl  102 evaluate
    99         0 @EquivariantTensors/…/sparseprodpool_ka.jl   24 ka_evaluate
   101         0 @KernelAbstractions/src/cpu.jl   46 (::KernelAbstractions.Kernel{Kern…
   101         0 @KernelAbstractions/src/cpu.jl  112 __run(obj::KernelAbstractions.Ker…
   101         0 @KernelAbstractions/src/macros.jl  314 macro expansion
   103         0 @ForwardDiff/src/jacobian.jl  191 chunk_mode_jacobian(f::ACEpotenti…
   105         0 @KernelAbstractions/src/cpu.jl   39 Kernel
   105         0 @ForwardDiff/src/dual.jl   59 Dual
   105       105 @ForwardDiff/src/dual.jl   19 Dual
   116         0 @ForwardDiff/src/dual.jl  290 *
   116         0 @ForwardDiff/src/dual.jl  214 dual_definition_retval
   123         5 @StaticArrays/src/linalg.jl   21 (::StaticArrays.var"#*##0#*##1"{F…
   125         0 @ACEpotentials/src/models/ace.jl  597 evaluate_basis(model::ACEpotentia…
   162         1 @StaticArrays/src/linalg.jl   21 *
   218       184 @Base/array.jl          963 getindex
   256         0 @StaticArrays/src/mapreduce.jl   33 map
   407         0 @StaticArrays/src/mapreduce.jl   78 macro expansion
   411       411 @StaticArraysCore/…c/StaticArraysCore.jl  122 SArray
   470       351 @ACEpotentials/…models/calculators.jl  314 energy_forces_virial_basis(at::Ex…
   497         0 @Base/array.jl          626 zeros
   511       379 @ACEpotentials/…models/calculators.jl  315 energy_forces_virial_basis(at::Ex…
   511         0 @Base/boot.jl           662 Array
   511         0 @Base/boot.jl           652 Array
   511         0 @Base/boot.jl           605 new_as_memoryref
   538         0 @ACEpotentials/…models/Rnl_splines.jl   76 evaluate_batched(basis::ACEpotent…
   552       552 @Base/boot.jl           588 GenericMemory
   558         0 @Base/array.jl          622 zeros
   827         0 @ForwardDiff/src/partials.jl   82 +
   827         0 @ForwardDiff/src/partials.jl  210 add_tuples
   905         0 @ForwardDiff/src/dual.jl  503 +
   913         0 @ForwardDiff/src/partials.jl  159 macro expansion
   913       913 @Base/float.jl          492 +
   979         0 @Interpolations/src/Interpolations.jl  306 interp_getindex
  1152        96 @StaticArrays/src/mapreduce.jl   77 macro expansion
  1290         0 @StaticArrays/src/linalg.jl   12 +
  1303         0 @StaticArrays/src/mapreduce.jl   39 map
  1375         1 @Interpolations/src/Interpolations.jl  314 _weight_itp(w::ForwardDiff.Dual{F…
  1460         0 @Interpolations/…tion/extrapolation.jl   54 Extrapolation
  1460         0 @Interpolations/…rc/scaling/scaling.jl   82 ScaledInterpolation
  1460         0 @Interpolations/…b-splines/indexing.jl    8 BSplineInterpolation
  1460         0 @Interpolations/src/Interpolations.jl  289 getindex
  1460         1 @Interpolations/src/Interpolations.jl  307 interp_getindex
  1556         0 @ACEpotentials/…models/Rnl_splines.jl   44 evaluate(basis::ACEpotentials.Mod…
  1559         0 @StaticArrays/src/mapreduce.jl   42 _map
  1636         1 @ACEpotentials/…models/Rnl_splines.jl   60 evaluate_batched!(Rnl::Matrix{For…
  1660         0 @ACEpotentials/…models/Rnl_splines.jl   77 evaluate_batched(basis::ACEpotent…
  2168         0 @ForwardDiff/src/jacobian.jl  202 chunk_mode_jacobian(f::ACEpotenti…
  2182         1 @ACEpotentials/src/models/ace.jl  589 evaluate_basis(model::ACEpotentia…
  2360         0 @ACEpotentials/src/models/ace.jl  685 #evaluate_basis_ed##0
  2404         0 @ACEpotentials/src/models/ace.jl  684 evaluate_basis_ed(model::ACEpoten…
  2404         0 @ForwardDiff/src/jacobian.jl   19 jacobian(f::ACEpotentials.Models.…
  2404         0 @ForwardDiff/src/jacobian.jl   24 jacobian(f::ACEpotentials.Models.…
  2498         0 @ACEpotentials/…models/calculators.jl  309 energy_forces_virial_basis(at::Ex…
  3616         0 @Base/client.jl         577 _start()
  3616         0 @Base/client.jl         344 exec_options(opts::Base.JLOptions)
  3616         0 @Base/Base.jl           309 include(mod::Module, _path::Strin…
  3616         0 @Base/loading.jl       3076 _include(mapexpr::Function, mod::…
  3616         0 @Base/loading.jl       3016 include_string(mapexpr::typeof(id…
  3616         0 @Base/boot.jl           489 eval(m::Module, e::Any)
  3616         0 @ACEpotentials/…ssembly/02_profile.jl   11 kwcall(::@NamedTuple{mincount::In…
  3616         0 @ACEpotentials/…ssembly/02_profile.jl   15 flat_profile(name::String, f::var…
  3616         0 @Profile/src/Profile.jl   60 macro expansion
  3616         0 @ACEpotentials/…ssembly/02_profile.jl   28 (::var"#9#10"{ACEpotentials.Model…
  3616         0 @ACEpotentials/…models/calculators.jl  284 energy_forces_virial_basis(at::Ex…
  3616        47 @ACEpotentials/…models/calculators.jl  288 energy_forces_virial_basis(at::Ex…
Total snapshots: 11973. Utilization: 67% across all threads and tasks. Use the `groupby` kwarg to break down by thread and/or task.

==== tree profile: energy_forces_virial_basis emb16_D8 (top-heavy, maxdepth 22) ====
Overhead ╎ [+additional indent] Count File:Line  Function
=========================================================
    ╎3616  @Base/client.jl:577  _start()
    ╎ 3616  @Base/client.jl:344  exec_options(opts::Base.JLOptions)
    ╎  3616  @Base/Base.jl:309  include(mod::Module, _path::String)
    ╎   3616  @Base/loading.jl:3076  _include(mapexpr::Function, mod::Module, _…
    ╎    3616  @Base/loading.jl:3016  include_string(mapexpr::typeof(identity),…
    ╎     3616  @Base/boot.jl:489  eval(m::Module, e::Any)
    ╎    ╎ 3616  @ACEpotentials/…e.jl:11  kwcall(::@NamedTuple{mincount::Int64}…
    ╎    ╎  3616  @ACEpotentials/…e.jl:15  flat_profile(name::String, f::var"#9…
    ╎    ╎   3616  @Profile/…rofile.jl:60  macro expansion
    ╎    ╎    3616  @ACEpotentials/….jl:28  (::var"#9#10"{ACEpotentials.Models.…
    ╎    ╎     3616  @ACEpotentials/…jl:284  energy_forces_virial_basis(at::Ext…
  47╎    ╎    ╎ 3616  @ACEpotentials/…jl:288  energy_forces_virial_basis(at::Ex…
    ╎    ╎    ╎  2498  @ACEpotentials/…l:309  energy_forces_virial_basis(at::Ex…
    ╎    ╎    ╎   2404  @ACEpotentials/…l:684  evaluate_basis_ed(model::ACEpote…
    ╎    ╎    ╎    2404  @ForwardDiff/….jl:19  jacobian(f::ACEpotentials.Models…
    ╎    ╎    ╎     2404  @ForwardDiff/…jl:19  jacobian(f::ACEpotentials.Models…
    ╎    ╎    ╎    ╎ 2404  @ForwardDiff/…jl:24  jacobian(f::ACEpotentials.Model…
    ╎    ╎    ╎    ╎  103   @ForwardDiff/…l:191  chunk_mode_jacobian(f::ACEpote…
    ╎    ╎    ╎    ╎   103   @ACEpotentials/…:685  #evaluate_basis_ed##0
    ╎    ╎    ╎    ╎    90    @ACEpotentials/…:589  evaluate_basis(model::ACEpo…
    ╎    ╎    ╎    ╎     87    @ACEpotentials/…:77  evaluate_batched(basis::ACE…
    ╎    ╎    ╎    ╎    ╎ 84    @ACEpotentials/…:60  evaluate_batched!(Rnl::Mat…
    ╎    ╎    ╎    ╎    ╎  78    @ACEpotentials/…:44  evaluate(basis::ACEpotent…
    ╎    ╎    ╎    ╎  2168  @ForwardDiff/…l:202  chunk_mode_jacobian(f::ACEpote…
    ╎    ╎    ╎    ╎   2168  @ACEpotentials/…:685  #evaluate_basis_ed##0
   1╎    ╎    ╎    ╎    2005  @ACEpotentials/…:589  evaluate_basis(model::ACEpo…
    ╎    ╎    ╎    ╎     528   @ACEpotentials/…:76  evaluate_batched(basis::ACE…
    ╎    ╎    ╎    ╎    ╎ 528   @Base/array.jl:622  zeros
    ╎    ╎    ╎    ╎    ╎  484   @Base/…ray.jl:626  zeros
    ╎    ╎    ╎    ╎     1476  @ACEpotentials/…:77  evaluate_batched(basis::ACE…
   1╎    ╎    ╎    ╎    ╎ 1459  @ACEpotentials/…:60  evaluate_batched!(Rnl::Mat…
    ╎    ╎    ╎    ╎    ╎  1380  @ACEpotentials/…:44  evaluate(basis::ACEpotent…
    ╎    ╎    ╎    ╎    109   @ACEpotentials/…:597  evaluate_basis(model::ACEpo…
    ╎    ╎    ╎    ╎     84    @EquivariantTensors/…:102  evaluate
    ╎    ╎    ╎    ╎    ╎ 84    @EquivariantTensors/…:24  ka_evaluate
    ╎    ╎    ╎    ╎    ╎  84    @EquivariantTensors/…:25  ka_evaluate(basis::E…
 351╎    ╎    ╎  470   @ACEpotentials/…l:314  energy_forces_virial_basis(at::Ex…
  91╎    ╎    ╎   94    @Base/array.jl:963  getindex
 379╎    ╎    ╎  511   @ACEpotentials/…l:315  energy_forces_virial_basis(at::Ex…
  93╎    ╎    ╎   105   @Base/array.jl:963  getindex
Total snapshots: 11973. Utilization: 67% across all threads and tasks. Use the `groupby` kwarg to break down by thread and/or task.

==== flat profile: evaluate_basis_ed (200 sites) emb16_D8 (sorted by count, mincount=30) ====
 Count  Overhead File                    Line Function
 =====  ======== ====                    ==== ========
    30         0 @Base/indices.jl        400 iterate
    31         0 @Base/array.jl          962 getindex
    31         0 @Base/abstractarray.jl  702 checkbounds
    31         0 @Base/abstractarray.jl  684 checkbounds
    31        31 @Base/essentials.jl      10 size
    31         0 @Base/indices.jl        569 iterate
    31         0 @Base/operators.jl      425 >
    32         1 @Base/abstractarray.jl 1101 copyto_unaliased!
    35        28 @ACEpotentials/…models/Rnl_splines.jl   38 evaluate(basis::ACEpotentials.Mod…
    41         0 @Base/cartesian.jl       67 macro expansion
    44         0 @SpheriCart/…rc/batched_kernels.jl   71 solid_harmonics!(Z::UnsafeArrays.…
    45         0 @Base/subarray.jl       387 setindex!
    48         0 @Base/array.jl          784 _collect_indices(indsA::Tuple{Bas…
    50        50 @Base/promotion.jl      641 ==
    54         0 @EquivariantTensors/…/sparsesymmprod_ka.jl   19 ka_evaluate
    54         2 @EquivariantTensors/…/sparsesymmprod_ka.jl   44 _ka_evaluate_launcher!(AA::Vector…
    58         0 @EquivariantTensors/…e/sparse_ace_basis.jl  103 evaluate
    58         0 @EquivariantTensors/…/sparsesymmprod_ka.jl   18 ka_evaluate
    63        13 @Base/range.jl          928 iterate
    63        36 @ACEpotentials/…models/Rnl_splines.jl   39 evaluate(basis::ACEpotentials.Mod…
    66         0 @UnsafeArrays/src/unsafe_array.jl   62 setindex!
    66        66 @Base/pointer.jl        178 unsafe_store!
    66         0 @Base/array.jl          963 getindex
    71         0 @LinearAlgebra/src/transpose.jl  123 transposeblock!(f::typeof(adjoint…
    75         0 @Base/multidimensional.jl 1695 macro expansion
    79         0 @Base/array.jl          782 _collect_indices(indsA::Tuple{Bas…
    86         0 @Base/multidimensional.jl 1663 permutedims(B::Base.ReshapedArray…
    86         0 @Base/multidimensional.jl 1677 permutedims!(P::Matrix{SVector{3,…
    86         0 @Base/multidimensional.jl 1691 macro expansion
    96         0 @LinearAlgebra/src/transpose.jl  134 transposeblock!(f::typeof(adjoint…
    98         0 @ForwardDiff/src/jacobian.jl  193 chunk_mode_jacobian(f::ACEpotenti…
   100         0 @Base/abstractarray.jl  827 similar
   101         0 @ACEpotentials/src/models/ace.jl  606 evaluate_basis(model::ACEpotentia…
   102         0 @Bumper/src/internals.jl   76 macro expansion
   102         0 @SpheriCart/src/api.jl  102 macro expansion
   102         0 @Base/boot.jl           671 Array
   105         0 @ACEpotentials/src/models/ace.jl  593 evaluate_basis(model::ACEpotentia…
   105         0 @Polynomials4ML/src/sphericart.jl  124 evaluate!
   105         0 @SpheriCart/src/api.jl   89 compute!(Z::UnsafeArrays.UnsafeAr…
   107         0 @Base/abstractarray.jl 1487 _setindex!
   108         0 @WithAlloc/src/WithAlloc.jl   11 macro expansion
   108         0 @WithAlloc/src/WithAlloc.jl   17 withalloc
   108         0 none                      ? _genwithalloc
   108         0 none                      ? macro expansion
   108         0 @WithAlloc/src/WithAlloc.jl   37 macro expansion
   109         0 @LinearAlgebra/src/transpose.jl  130 transposeblock!(f::typeof(adjoint…
   109         0 @LinearAlgebra/src/transpose.jl  133 transposeblock!(f::typeof(adjoint…
   109         0 @Base/broadcast.jl      617 getindex
   109         0 @Base/broadcast.jl      621 _getindex
   109         0 @Base/broadcast.jl      676 _broadcast_getindex
   109         0 @Base/broadcast.jl      700 _getindex
   109         0 @Base/broadcast.jl      670 _broadcast_getindex
   110         0 @Base/array.jl          784 _collect_indices
   110         0 @LinearAlgebra/src/transpose.jl  252 copyto_unaliased!
   110         0 @LinearAlgebra/src/transpose.jl   76 adjoint!
   110         0 @LinearAlgebra/src/transpose.jl  114 transpose_f!(f::typeof(adjoint), …
   110         0 @LinearAlgebra/src/transpose.jl  129 transposeblock!(f::typeof(adjoint…
   115         0 @Base/simdloop.jl        75 macro expansion
   138         0 @Base/abstractarray.jl 1363 getindex
   138         0 @Base/abstractarray.jl 1392 _getindex
   144         0 @UnsafeArrays/src/unsafe_array.jl   57 getindex
   144       144 @Base/pointer.jl        151 unsafe_load
   146       146 @Base/int.jl             83 <
   154         0 @Base/broadcast.jl     1000 macro expansion
   156         0 @ACEpotentials/…models/Rnl_splines.jl   53 evaluate_batched!(Rnl::Matrix{For…
   156         0 @Base/multidimensional.jl 1662 permutedims(B::Base.ReshapedArray…
   156         0 @Base/abstractarray.jl  825 similar
   156         0 @Base/reshapedarray.jl  255 similar
   156         0 @Base/reinterpretarray.jl  223 similar
   183         0 @ForwardDiff/src/partials.jl   85 *
   183         0 @ForwardDiff/src/partials.jl   88 *
   183         0 @ForwardDiff/src/partials.jl  202 scale_tuple
   189       189 @Base/essentials.jl     970 getindex
   190         0 @EquivariantTensors/…/sparseprodpool_ka.jl   52 macro expansion
   190         0 @EquivariantTensors/…/sparseprodpool_ka.jl   52 #cpu__ka_evaluate_PooledSparsePro…
   202         0 @Base/ntuple.jl          19 ntuple
   218         0 @Base/boot.jl           661 Array
   221       220 @Base/array.jl         1024 _setindex!
   242       236 @Base/array.jl         1025 _setindex!
   243         0 @Base/array.jl          983 getindex(A::Matrix{Float64}, c::C…
   243         0 @Base/array.jl          406 similar
   247         0 @ForwardDiff/src/jacobian.jl  203 chunk_mode_jacobian(f::ACEpotenti…
   253         0 @ACEpotentials/src/models/ace.jl  600 evaluate_basis(model::ACEpotentia…
   254         6 @StaticArrays/src/linalg.jl   22 (::StaticArrays.var"#*##2#*##3"{F…
   255         0 @Base/simdloop.jl        77 macro expansion
   256         0 @Base/array.jl          407 similar
   260         0 @Base/array.jl          761 collect(A::Adjoint{Float64, Matri…
   269         0 @Base/broadcast.jl      999 copyto!
   270         0 @ForwardDiff/src/jacobian.jl  116 extract_jacobian_chunk!(::Type{Fo…
   273         0 @Base/broadcast.jl      952 copyto!
   279         0 @Base/broadcast.jl      907 materialize!
   279         0 @Base/broadcast.jl      910 materialize!
   279       114 @Base/reduce.jl          30 mul_prod(x::ForwardDiff.Dual{Forw…
   303         0 @ForwardDiff/src/partials.jl   96 _mul_partials
   303         0 @ForwardDiff/src/partials.jl  222 mul_tuples
   318         0 @Base/array.jl          363 _fill!
   322         0 @Base/array.jl          627 zeros
   322         0 @Base/array.jl          359 fill!
   322         0 @Base/operators.jl      611 afoldl
   325         0 @Base/reduce.jl         620 prod
   325         0 @Base/reduce.jl         620 #prod#282
   325         0 @Base/reduce.jl         306 mapreduce
   325         0 @Base/reduce.jl         306 #mapreduce#275
   325         0 @Base/reduce.jl         173 mapfoldl
   325         0 @Base/reduce.jl         173 #mapfoldl#271
   325         0 @Base/reduce.jl          42 mapfoldl_impl
   325         0 @Base/reduce.jl          46 foldl_impl
   325         0 @Base/reduce.jl          66 _foldl_impl
   325        46 @Base/reduce.jl          84 BottomRF
   343         0 @Base/multidimensional.jl 1050 macro expansion
   369         0 @ACEpotentials/src/models/ace.jl  690 evaluate_basis_ed(model::ACEpoten…
   373         0 @Base/multidimensional.jl 1036 _setindex!
   373         0 @Base/multidimensional.jl 1048 _unsafe_setindex!
   377         1 @ACEpotentials/src/models/ace.jl  689 evaluate_basis_ed(model::ACEpoten…
   390         0 @EquivariantTensors/…/sparseprodpool_ka.jl   53 macro expansion
   400         0 @Base/array.jl         1031 setindex!
   400       400 @Base/array.jl         1037 _setindex!
   405         0 @ForwardDiff/src/dual.jl  285 *
   406         0 @ForwardDiff/src/dual.jl  217 dual_definition_retval
   418         0 @Base/cartesian.jl       65 macro expansion
   460         0 @Base/boot.jl           648 Array
   463         0 @Base/array.jl         1020 setindex!
   464         4 @Interpolations/src/Interpolations.jl  316 _weight_itp(w::ForwardDiff.Dual{F…
   480         0 @Base/abstractarray.jl 1464 setindex!
   483         0 @ForwardDiff/src/partials.jl  121 _mul_partial
   510         2 @StaticArrays/src/linalg.jl   22 *
   511       511 @Base/float.jl          494 *
   569         0 @ForwardDiff/src/jacobian.jl  209 chunk_mode_jacobian(f::ACEpotenti…
   570         0 @ForwardDiff/src/jacobian.jl  191 chunk_mode_jacobian(f::ACEpotenti…
   583         0 none                      ? cpu__ka_evaluate_PooledSparseProd…
   591         0 @EquivariantTensors/…/sparseprodpool_ka.jl   25 ka_evaluate(basis::EquivariantTen…
   591         0 @EquivariantTensors/…/sparseprodpool_ka.jl   33 ka_evaluate!
   591         0 @EquivariantTensors/…/sparseprodpool_ka.jl   43 _ka_evaluate_launcher!
   593         0 @EquivariantTensors/…e/sparse_ace_basis.jl  102 evaluate
   593         0 @EquivariantTensors/…/sparseprodpool_ka.jl   24 ka_evaluate
   596         0 @KernelAbstractions/src/cpu.jl  147 __thread_run
   616         0 @ForwardDiff/src/dual.jl   59 Dual
   616       616 @ForwardDiff/src/dual.jl   19 Dual
   623         0 @KernelAbstractions/src/macros.jl  314 macro expansion
   625         0 @KernelAbstractions/src/cpu.jl  112 __run(obj::KernelAbstractions.Ker…
   631         6 @KernelAbstractions/src/cpu.jl   46 (::KernelAbstractions.Kernel{Kern…
   642         1 @KernelAbstractions/src/cpu.jl   39 Kernel
   669         0 @ACEpotentials/src/models/ace.jl  597 evaluate_basis(model::ACEpotentia…
   692         0 @ForwardDiff/src/dual.jl  290 *
   696         0 @ForwardDiff/src/dual.jl  214 dual_definition_retval
   728        29 @StaticArrays/src/linalg.jl   21 (::StaticArrays.var"#*##0#*##1"{F…
   984         3 @StaticArrays/src/linalg.jl   21 *
  1489         0 @StaticArrays/src/mapreduce.jl   33 map
  1803         0 @Base/array.jl          626 zeros
  1872         0 @ACEpotentials/…models/Rnl_splines.jl   76 evaluate_batched(basis::ACEpotent…
  1949         0 @Base/boot.jl           662 Array
  1949         0 @Base/boot.jl           652 Array
  1949         0 @Base/boot.jl           605 new_as_memoryref
  2125         0 @Base/array.jl          622 zeros
  2409      2409 @Base/boot.jl           588 GenericMemory
  2574         0 @StaticArrays/src/mapreduce.jl   78 macro expansion
  2574      2574 @StaticArraysCore/…c/StaticArraysCore.jl  122 SArray
  5222         0 @ForwardDiff/src/partials.jl   82 +
  5222         0 @ForwardDiff/src/partials.jl  210 add_tuples
  5708         0 @ForwardDiff/src/partials.jl  159 macro expansion
  5712         0 @ForwardDiff/src/dual.jl  503 +
  5717      5717 @Base/float.jl          492 +
  6352         0 @Interpolations/src/Interpolations.jl  306 interp_getindex
  7112       523 @StaticArrays/src/mapreduce.jl   77 macro expansion
  8197         0 @StaticArrays/src/linalg.jl   12 +
  8197         0 @StaticArrays/src/mapreduce.jl   39 map
  8731        10 @Interpolations/src/Interpolations.jl  314 _weight_itp(w::ForwardDiff.Dual{F…
  9210         2 @Interpolations/src/Interpolations.jl  307 interp_getindex
  9213         0 @Interpolations/…b-splines/indexing.jl    8 BSplineInterpolation
  9213         0 @Interpolations/src/Interpolations.jl  289 getindex
  9225         0 @Interpolations/…rc/scaling/scaling.jl   82 ScaledInterpolation
  9227         0 @Interpolations/…tion/extrapolation.jl   54 Extrapolation
  9686         0 @StaticArrays/src/mapreduce.jl   42 _map
  9744         2 @ACEpotentials/…models/Rnl_splines.jl   44 evaluate(basis::ACEpotentials.Mod…
 10146         1 @ACEpotentials/…models/Rnl_splines.jl   60 evaluate_batched!(Rnl::Matrix{For…
 10310         1 @ACEpotentials/…models/Rnl_splines.jl   77 evaluate_batched(basis::ACEpotent…
 12054         0 @ForwardDiff/src/jacobian.jl  202 chunk_mode_jacobian(f::ACEpotenti…
 12082         0 @ACEpotentials/src/models/ace.jl  589 evaluate_basis(model::ACEpotentia…
 13193         0 @ACEpotentials/src/models/ace.jl  685 #evaluate_basis_ed##0
 13562         0 @ForwardDiff/src/jacobian.jl   24 jacobian(f::ACEpotentials.Models.…
 13563         0 @ACEpotentials/src/models/ace.jl  684 evaluate_basis_ed(model::ACEpoten…
 13563         0 @ForwardDiff/src/jacobian.jl   19 jacobian(f::ACEpotentials.Models.…
 14333         0 @Base/client.jl         577 _start()
 14333         0 @Base/client.jl         344 exec_options(opts::Base.JLOptions)
 14333         0 @Base/Base.jl           309 include(mod::Module, _path::Strin…
 14333         0 @Base/loading.jl       3076 _include(mapexpr::Function, mod::…
 14333         0 @Base/loading.jl       3016 include_string(mapexpr::typeof(id…
 14333         0 @Base/boot.jl           489 eval(m::Module, e::Any)
 14333         0 @ACEpotentials/…ssembly/02_profile.jl   11 kwcall(::@NamedTuple{mincount::In…
 14333         0 @ACEpotentials/…ssembly/02_profile.jl   15 flat_profile(name::String, f::var…
 14333         0 @Profile/src/Profile.jl   60 macro expansion
 14333         0 @ACEpotentials/…ssembly/02_profile.jl   32 (::var"#11#12"{ACEpotentials.Mode…
Total snapshots: 45897. Utilization: 67% across all threads and tasks. Use the `groupby` kwarg to break down by thread and/or task.

==== tree profile: evaluate_basis_ed (200 sites) emb16_D8 (top-heavy, maxdepth 22) ====
Overhead ╎ [+additional indent] Count File:Line  Function
=========================================================
     ╎14333 @Base/client.jl:577  _start()
     ╎ 14333 @Base/client.jl:344  exec_options(opts::Base.JLOptions)
     ╎  14333 @Base/Base.jl:309  include(mod::Module, _path::String)
     ╎   14333 @Base/loading.jl:3076  _include(mapexpr::Function, mod::Module, …
     ╎    14333 @Base/loading.jl:3016  include_string(mapexpr::typeof(identity)…
     ╎     14333 @Base/boot.jl:489  eval(m::Module, e::Any)
     ╎    ╎ 14333 @ACEpotentials/…e.jl:11  kwcall(::@NamedTuple{mincount::Int64…
     ╎    ╎  14333 @ACEpotentials/….jl:15  flat_profile(name::String, f::var"#1…
     ╎    ╎   14333 @Profile/…rofile.jl:60  macro expansion
     ╎    ╎    14333 @ACEpotentials/…jl:32  (::var"#11#12"{ACEpotentials.Models…
     ╎    ╎     13563 @ACEpotentials/…jl:684  evaluate_basis_ed(model::ACEpoten…
     ╎    ╎    ╎ 13563 @ForwardDiff/…n.jl:19  jacobian(f::ACEpotentials.Models.…
     ╎    ╎    ╎  13562 @ForwardDiff/….jl:19  jacobian(f::ACEpotentials.Models.…
     ╎    ╎    ╎   13562 @ForwardDiff/….jl:24  jacobian(f::ACEpotentials.Models…
     ╎    ╎    ╎    570   @ForwardDiff/…jl:191  chunk_mode_jacobian(f::ACEpoten…
     ╎    ╎    ╎     570   @ACEpotentials/…:685  #evaluate_basis_ed##0
     ╎    ╎    ╎    ╎ 524   @ACEpotentials/…:589  evaluate_basis(model::ACEpote…
     ╎    ╎    ╎    ╎  512   @ACEpotentials/…:77  evaluate_batched(basis::ACEpo…
     ╎    ╎    ╎    ╎   500   @ACEpotentials/…:60  evaluate_batched!(Rnl::Matri…
     ╎    ╎    ╎    ╎    473   @ACEpotentials/…:44  evaluate(basis::ACEpotentia…
     ╎    ╎    ╎    ╎     447   @Interpolations/…:54  Extrapolation
     ╎    ╎    ╎    ╎    ╎ 447   @Interpolations/…:82  ScaledInterpolation
     ╎    ╎    ╎    ╎    ╎  447   @Interpolations/…:8  BSplineInterpolation
     ╎    ╎    ╎    12054 @ForwardDiff/…jl:202  chunk_mode_jacobian(f::ACEpoten…
     ╎    ╎    ╎     12054 @ACEpotentials/…:685  #evaluate_basis_ed##0
     ╎    ╎    ╎    ╎ 11029 @ACEpotentials/…:589  evaluate_basis(model::ACEpote…
     ╎    ╎    ╎    ╎  1834  @ACEpotentials/…:76  evaluate_batched(basis::ACEpo…
     ╎    ╎    ╎    ╎   1834  @Base/array.jl:622  zeros
     ╎    ╎    ╎    ╎    1583  @Base/array.jl:626  zeros
     ╎    ╎    ╎    ╎     1583  @Base/boot.jl:662  Array
     ╎    ╎    ╎    ╎    ╎ 1583  @Base/boot.jl:652  Array
     ╎    ╎    ╎    ╎    ╎  1583  @Base/boot.jl:605  new_as_memoryref
     ╎    ╎    ╎    ╎    251   @Base/array.jl:627  zeros
     ╎    ╎    ╎    ╎     251   @Base/array.jl:359  fill!
     ╎    ╎    ╎    ╎    ╎ 248   @Base/…ray.jl:363  _fill!
     ╎    ╎    ╎    ╎    ╎  248   @Base/…ay.jl:1020  setindex!
    1╎    ╎    ╎    ╎  9195  @ACEpotentials/…:77  evaluate_batched(basis::ACEpo…
     ╎    ╎    ╎    ╎   9056  @ACEpotentials/…:60  evaluate_batched!(Rnl::Matri…
     ╎    ╎    ╎    ╎    336   @Base/…rray.jl:1464  setindex!
     ╎    ╎    ╎    ╎     336   @Base/…nal.jl:1036  _setindex!
     ╎    ╎    ╎    ╎    ╎ 336   @Base/…nal.jl:1048  _unsafe_setindex!
     ╎    ╎    ╎    ╎    ╎  311   @Base/…ian.jl:65  macro expansion
    2╎    ╎    ╎    ╎    8598  @ACEpotentials/…:44  evaluate(basis::ACEpotentia…
     ╎    ╎    ╎    ╎     8146  @Interpolations/…:54  Extrapolation
     ╎    ╎    ╎    ╎    ╎ 8146  @Interpolations/…:82  ScaledInterpolation
     ╎    ╎    ╎    ╎    ╎  8141  @Interpolations/…:8  BSplineInterpolation
    2╎    ╎    ╎    ╎     448   @StaticArrays/…:22  *
     ╎    ╎    ╎    ╎    ╎ 446   @StaticArrays/…:33  map
     ╎    ╎    ╎    ╎    ╎  446   @StaticArrays/…:42  _map
     ╎    ╎    ╎    ╎ 594   @ACEpotentials/…:597  evaluate_basis(model::ACEpote…
     ╎    ╎    ╎    ╎  530   @EquivariantTensors/…:102  evaluate
     ╎    ╎    ╎    ╎   530   @EquivariantTensors/…:24  ka_evaluate
     ╎    ╎    ╎    ╎    528   @EquivariantTensors/…:25  ka_evaluate(basis::Equ…
     ╎    ╎    ╎    ╎     528   @EquivariantTensors/…:33  ka_evaluate!
     ╎    ╎    ╎    ╎    ╎ 528   @EquivariantTensors/…:43  _ka_evaluate_launche…
     ╎    ╎    ╎    ╎    ╎  528   @KernelAbstractions/…:39  Kernel
     ╎    ╎    ╎    ╎  50    @EquivariantTensors/…:103  evaluate
     ╎    ╎    ╎    ╎   50    @EquivariantTensors/…:18  ka_evaluate
     ╎    ╎    ╎    ╎    47    @EquivariantTensors/…:19  ka_evaluate
    2╎    ╎    ╎    ╎     47    @EquivariantTensors/…:44  _ka_evaluate_launcher…
    1╎    ╎    ╎    ╎    ╎ 44    @KernelAbstractions/…:39  Kernel
    3╎    ╎    ╎    ╎    ╎  39    @KernelAbstractions/…:46  (::KernelAbstractio…
     ╎    ╎    ╎    ╎ 246   @ACEpotentials/…:600  evaluate_basis(model::ACEpote…
     ╎    ╎    ╎    ╎  246   @Base/array.jl:622  zeros
     ╎    ╎    ╎    ╎   210   @Base/array.jl:626  zeros
     ╎    ╎    ╎    ╎    210   @Base/boot.jl:661  Array
     ╎    ╎    ╎    ╎     209   @Base/boot.jl:648  Array
  209╎    ╎    ╎    ╎    ╎ 209   @Base/boot.jl:588  GenericMemory
     ╎    ╎    ╎    ╎   36    @Base/array.jl:627  zeros
     ╎    ╎    ╎    ╎    36    @Base/array.jl:359  fill!
     ╎    ╎    ╎    ╎     36    @Base/array.jl:363  _fill!
     ╎    ╎    ╎    ╎    ╎ 36    @Base/…ray.jl:1020  setindex!
     ╎    ╎    ╎    247   @ForwardDiff/…jl:203  chunk_mode_jacobian(f::ACEpoten…
     ╎    ╎    ╎     247   @ForwardDiff/…jl:116  extract_jacobian_chunk!(::Type…
     ╎    ╎    ╎    ╎ 246   @Base/…dcast.jl:907  materialize!
     ╎    ╎    ╎    ╎  246   @Base/…dcast.jl:910  materialize!
     ╎    ╎    ╎    ╎   246   @Base/…cast.jl:952  copyto!
     ╎    ╎    ╎    ╎    246   @Base/…cast.jl:999  copyto!
     ╎    ╎    ╎    ╎     105   @Base/…loop.jl:75  macro expansion
  105╎    ╎    ╎    ╎    ╎ 105   @Base/int.jl:83  <
     ╎    ╎    ╎    ╎     140   @Base/…loop.jl:77  macro expansion
     ╎    ╎    ╎    ╎    ╎ 140   @Base/…ast.jl:1000  macro expansion
     ╎    ╎    ╎    ╎    ╎  44    @Base/…ay.jl:1464  setindex!
     ╎    ╎    ╎    ╎    ╎  96    @Base/…st.jl:617  getindex
     ╎    ╎    ╎    569   @ForwardDiff/…jl:209  chunk_mode_jacobian(f::ACEpoten…
     ╎    ╎    ╎     569   @ACEpotentials/…:685  #evaluate_basis_ed##0
     ╎    ╎    ╎    ╎ 516   @ACEpotentials/…:589  evaluate_basis(model::ACEpote…
     ╎    ╎    ╎    ╎  496   @ACEpotentials/…:77  evaluate_batched(basis::ACEpo…
     ╎    ╎    ╎    ╎   491   @ACEpotentials/…:60  evaluate_batched!(Rnl::Matri…
     ╎    ╎    ╎    ╎    471   @ACEpotentials/…:44  evaluate(basis::ACEpotentia…
     ╎    ╎    ╎    ╎     447   @Interpolations/…:54  Extrapolation
     ╎    ╎    ╎    ╎    ╎ 447   @Interpolations/…:82  ScaledInterpolation
     ╎    ╎    ╎    ╎    ╎  447   @Interpolations/…:8  BSplineInterpolation
    1╎    ╎     377   @ACEpotentials/…jl:689  evaluate_basis_ed(model::ACEpoten…
     ╎    ╎    ╎ 133   @Base/array.jl:761  collect(A::Adjoint{Float64, Matrix{F…
     ╎    ╎    ╎  110   @Base/array.jl:784  _collect_indices
     ╎    ╎    ╎   110   @LinearAlgebra/…:252  copyto_unaliased!
     ╎    ╎    ╎    110   @LinearAlgebra/…:76  adjoint!
     ╎    ╎    ╎     110   @LinearAlgebra/…:114  transpose_f!(f::typeof(adjoint…
     ╎    ╎    ╎    ╎ 54    @LinearAlgebra/…:129  transposeblock!(f::typeof(adj…
     ╎    ╎    ╎    ╎  31    @LinearAlgebra/…:130  transposeblock!(f::typeof(ad…
     ╎    ╎    ╎    ╎ 56    @LinearAlgebra/…:130  transposeblock!(f::typeof(adj…
     ╎    ╎    ╎ 243   @Base/array.jl:983  getindex(A::Matrix{Float64}, c::Colo…
     ╎    ╎    ╎  243   @Base/array.jl:406  similar
     ╎    ╎    ╎   243   @Base/boot.jl:648  Array
  243╎    ╎    ╎    243   @Base/boot.jl:588  GenericMemory
     ╎    ╎     369   @ACEpotentials/…jl:690  evaluate_basis_ed(model::ACEpoten…
     ╎    ╎    ╎ 127   @Base/array.jl:761  collect(A::Matrix{SVector{3, Float64…
     ╎    ╎    ╎  79    @Base/array.jl:782  _collect_indices(indsA::Tuple{Base.…
     ╎    ╎    ╎   79    @Base/boot.jl:671  Array
     ╎    ╎    ╎    79    @Base/boot.jl:662  Array
     ╎    ╎    ╎     79    @Base/boot.jl:652  Array
     ╎    ╎    ╎    ╎ 79    @Base/boot.jl:605  new_as_memoryref
   79╎    ╎    ╎    ╎  79    @Base/boot.jl:588  GenericMemory
     ╎    ╎    ╎  48    @Base/array.jl:784  _collect_indices(indsA::Tuple{Base.…
    1╎    ╎    ╎   32    @Base/…tarray.jl:1101  copyto_unaliased!
     ╎    ╎    ╎    31    @Base/indices.jl:569  iterate
     ╎    ╎    ╎     31    @Base/…rators.jl:425  >
   31╎    ╎    ╎    ╎ 31    @Base/int.jl:83  <
     ╎    ╎    ╎ 156   @Base/…nsional.jl:1662  permutedims(B::Base.ReshapedArra…
     ╎    ╎    ╎  156   @Base/…ctarray.jl:825  similar
     ╎    ╎    ╎   156   @Base/…darray.jl:255  similar
     ╎    ╎    ╎    156   @Base/…tarray.jl:223  similar
     ╎    ╎    ╎     156   @Base/array.jl:407  similar
     ╎    ╎    ╎    ╎ 156   @Base/boot.jl:662  Array
     ╎    ╎    ╎    ╎  156   @Base/boot.jl:652  Array
     ╎    ╎    ╎    ╎   156   @Base/boot.jl:605  new_as_memoryref
  156╎    ╎    ╎    ╎    156   @Base/boot.jl:588  GenericMemory
     ╎    ╎    ╎ 86    @Base/…nsional.jl:1663  permutedims(B::Base.ReshapedArra…
     ╎    ╎    ╎  86    @Base/…sional.jl:1677  permutedims!(P::Matrix{SVector{3…
     ╎    ╎    ╎   86    @Base/…sional.jl:1691  macro expansion
     ╎    ╎    ╎    75    @Base/…tesian.jl:65  macro expansion
     ╎    ╎    ╎     75    @Base/…ional.jl:1695  macro expansion
     ╎    ╎    ╎    ╎ 65    @Base/array.jl:1020  setindex!
   59╎    ╎    ╎    ╎  65    @Base/array.jl:1025  _setindex!
Total snapshots: 45897. Utilization: 67% across all threads and tasks. Use the `groupby` kwarg to break down by thread and/or task.
ERROR: LoadError: UndefVarError: `code_warntype` not defined in `Main`
Suggestion: check for spelling errors or missing imports.
Hint: a global variable of this name also exists in InteractiveUtils.
Stacktrace:
 [1] audit(label::String, f::Function, args::Tuple{ACEpotentials.Models.ACEModel{5, ACEpotentials.Models.SplineRnlrzzBasis{5, ACEpotentials.Models.NormalizedTransform{Float64, ACEpotentials.Models.GeneralizedAgnesiTransform{Float64}}, ACEpotentials.Models.PolyEnvelope2sX{Float64}, 74, Float64}, Polynomials4ML.RealSCWrapper{SpheriCart.SphericalHarmonics{2, :L2, false, Matrix{Float64}}}, EquivariantTensors.SparseACEbasis{1, EquivariantTensors.PooledSparseProduct{2}, EquivariantTensors.SparseSymmProd{3, Tuple{Vector{Tuple{Int64}}, Vector{Tuple{Int64, Int64}}, Vector{Tuple{Int64, Int64, Int64}}}}, Tuple{SparseArrays.SparseMatrixCSC{Float64, Int64}}}, ACEpotentials.Models.SplineRnlrzzBasis{5, ACEpotentials.Models.NormalizedTransform{Float64, ACEpotentials.Models.GeneralizedAgnesiTransform{Float64}}, ACEpotentials.Models.ACE1_PolyEnvelope1sR{Float64}, 30, Float64}, ACEpotentials.Models.OneBody{Float64, Unitful.FreeUnits{(), NoDims, nothing}, Unitful.FreeUnits{(Å,), 𝐋, nothing}}}, Vector{SVector{3, Float64}}, Vector{Int64}, Int64, @NamedTuple{WB::Matrix{Float64}, Wpair::Matrix{Float64}, rbasis::@NamedTuple{}, pairbasis::@NamedTuple{}}, @NamedTuple{rbasis::@NamedTuple{}, pairbasis::@NamedTuple{}}})
   @ Main ~/.julia/dev/ACEpotentials/acejax/bench/profile_assembly/02_profile.jl:47
 [2] top-level scope
   @ ~/.julia/dev/ACEpotentials/acejax/bench/profile_assembly/02_profile.jl:60
 [3] include(mod::Module, _path::String)
   @ Base ./Base.jl:309
 [4] exec_options(opts::Base.JLOptions)
   @ Base ./client.jl:344
 [5] _start()
   @ Base ./client.jl:577
in expression starting at /Users/u1470235/.julia/dev/ACEpotentials/acejax/bench/profile_assembly/02_profile.jl:60


==== TYPE STABILITY AUDIT ====
