

==== TYPE STABILITY AUDIT ====

--- evaluate_basis
    return type(s): Any[Vector{Float64}]
    lines with ::Any or ::Union in code_warntype: 0 of 112

--- evaluate_basis_ed
    return type(s): Any[Tuple{Vector{Float64}, Any}]
    lines with ::Any or ::Union in code_warntype: 11 of 90
      dB1::ANY
      dB_vec::ANY
      dB::ANY
      │   %47 = dB_vec::ANY
      │   %48 = (%46)(%47)::ANY
      │   %49 = (%45)(%48)::ANY
      │   %51 = Base.getindex(%49, %50)::ANY
      │   %56 = dB1::ANY
      │   %62 = (%55)(%56, %58, %61)::ANY
      │   %64 = (%54)(%62, %63)::ANY
      │   %67 = dB::ANY

--- evaluate_ed
    return type(s): Any[Tuple{Float64, Vector{SVector{3, Float64}}}]
    lines with ::Any or ::Union in code_warntype: 4 of 333
      ∂Ylm::ANY
      ∂Rnl::ANY
      │    %162 = ∂Rnl::ANY
      │    %164 = ∂Ylm::ANY

--- ET.evaluate(tensor)
    return type(s): Any[Tuple{Vector{Float64}}]
    lines with ::Any or ::Union in code_warntype: 0 of 33

--- energy_forces_virial_basis(at, calc, ps, st)
    return type(s): Any[NamedTuple{(:energy, :forces, :virial), <:Tuple{Any, Any, Any}}]
    lines with ::Any or ::Union in code_warntype: 0 of 29

--- ACEfit.feature_matrix
    return type(s): Any[Matrix{Float64}]
    lines with ::Any or ::Union in code_warntype: 0 of 14

--- energy_forces_virial_basis BODY
    return type(s): Any[NamedTuple{(:energy, :forces, :virial), <:Tuple{Vector, Matrix, Vector}}]
    lines with ::Any or ::Union in code_warntype: 31 of 270
      _e0::ANY
      z0::ANY
      dv::ANY
      │    %22  = z0::ANY
      │    %32  = _e0::ANY
      │    %33  = (%31)(%32)::ANY
      │    %39  = (%37)(%38)::ANY
      │    %42  = (%36)(%39, %41)::ANY
      │    %51  = (%47)(%50)::ANY
      │    %54  = (%46)(%51, %53)::ANY
      │    %65  = (%61)(%64)::ANY
      │    %68  = (%60)(%65, %67)::ANY
      │    %102 = z0::ANY
      │    %124 = Base.getindex(%122, %123)::ANY
      │    %132 = (%121)(%124, %131)::ANY
      │    %155 = Base.getindex(%153, %151, %154)::ANY
      │    %157 = dv::ANY
      │    %160 = Base.getindex(%157, %158, %159)::ANY
      │    %163 = (%156)(%160, %162)::ANY
      │    %164 = (%152)(%155, %163)::ANY
      │    %172 = Base.getindex(%169, %170, %171)::ANY
      │    %174 = dv::ANY
      │    %177 = Base.getindex(%174, %175, %176)::ANY
      │    %180 = (%173)(%177, %179)::ANY
      │    %181 = (%168)(%172, %180)::ANY

--- get_neighbours
    return type(s): Any[Tuple{Vector{Int64}, Vector{SVector{3, Float64}}, Vector, Any}]
    lines with ::Any or ::Union in code_warntype: 0 of 37


==== ALLOCATION PROFILE (Profile.Allocs, sample_rate=1e-4) ====
sampled allocations: 23712
top allocation types (count, bytes) [sampled]:
      10123         0.3 MB  SVector{3, Unitful.Quantity{Float64, 𝐋 𝐌 𝐓⁻², Unitful.FreeUnits{(Å⁻¹, eV), 𝐋 𝐌 𝐓⁻², nothing}}}
       9961         0.1 MB  Int64
       3380         0.1 MB  SVector{3, Float64}
         71         0.0 MB  SMatrix{3, 3, Unitful.Quantity{Float64, 𝐋² 𝐌 𝐓⁻², Unitful.FreeUnits{(eV,), 𝐋² 𝐌 𝐓⁻², nothing}}, 9}
         68         0.0 MB  Unitful.Quantity{Float64, 𝐋² 𝐌 𝐓⁻², Unitful.FreeUnits{(eV,), 𝐋² 𝐌 𝐓⁻², nothing}}
         24         0.0 MB  Memory{SVector{3, Float64}}
         22         0.0 MB  Vector{SVector{3, Float64}}
         21         0.0 MB  SMatrix{3, 3, Float64, 9}
         19         0.0 MB  Tuple{Int64, Colon}
         10         0.0 MB  ACEpotentials.Models.NormalizedTransform{Float64, ACEpotentials.Models.GeneralizedAgnesiTransform{Float64}}
          4         0.0 MB  Interpolations.Extrapolation{SVector{74, Float64}, 1, Interpolations.ScaledInterpolation{SVector{74, Float64},
          3         0.0 MB  ACEpotentials.Models.PolyEnvelope2sX{Float64}
          3         0.0 MB  Interpolations.Extrapolation{SVector{30, Float64}, 1, Interpolations.ScaledInterpolation{SVector{30, Float64},
          2         0.0 MB  ACEpotentials.Models.ACE1_PolyEnvelope1sR{Float64}
          1         0.0 MB  Tuple{Vector{ForwardDiff.Dual{ForwardDiff.Tag{ACEpotentials.Models.var"#evaluate_basis_ed##0#evaluate_basis_ed
top allocation sites (first ACEpotentials/ET/ForwardDiff frame) [sampled count]:
      11687  calculators.jl:314 #energy_forces_virial_basis#157
      11638  calculators.jl:315 #energy_forces_virial_basis#157
        253  calculators.jl:317 #energy_forces_virial_basis#157
        111  calculators.jl:312 #energy_forces_virial_basis#157
         10  Rnl_splines.jl:37 evaluate
          7  Rnl_splines.jl:39 evaluate
          5  Rnl_splines.jl:38 evaluate
          1  sparsesymmprod_ka.jl:44 _ka_evaluate_launcher!
