threads: 4
cat_D6     n_B/elem= 1348  NZ=5  length_basis=  6890  nR= 74 nY=  9 nA=   72 nAA=  1964 npair=30 rcut=6.25
   original          4.635 s     9616.4 MB  gc 14.6%
   v1 stable-acc  max rel err  E 0.0e+00  F 4.9e-16  V 0.0e+00
   v1 stable-acc     0.732 s     3277.7 MB  gc 25.3%   speed-up    6.3x
   v2 fd-block    max rel err  E 0.0e+00  F 4.9e-16  V 0.0e+00
   v2 fd-block       2.633 s     1758.8 MB  gc  3.6%   speed-up    1.8x
   v3 pushfwd     max rel err  E 1.3e-16  F 5.7e-15  V 1.3e-15
   v3 pushfwd        0.041 s      422.4 MB  gc  4.3%   speed-up  111.8x
   v3t threaded   max rel err  E 2.0e-16  F 5.7e-15  V 1.3e-15
   v3t threaded      0.022 s      461.8 MB  gc  9.9%   speed-up  213.0x
   per-site  evaluate_basis_ed (orig)    16.26 ms    101.8 MB
   per-site  basis_ed_fd (block)        119.48 ms     55.1 MB
   per-site  basis_ed_pf (pushfwd)        1.00 ms     12.7 MB
   per-site  evaluate_ed (1 eval+grad)    0.19 ms      0.2 MB
emb16_D6   n_B/elem=  323  NZ=5  length_basis=  1645  nR=224 nY=  9 nA=  177 nAA=   415 npair=6 rcut=6.25
   original          1.846 s     3295.4 MB  gc  7.8%
   v1 stable-acc  max rel err  E 0.0e+00  F 8.0e-16  V 0.0e+00
   v1 stable-acc     0.949 s     1857.9 MB  gc  7.3%   speed-up    1.9x
   v2 fd-block    max rel err  E 0.0e+00  F 8.0e-16  V 0.0e+00
   v2 fd-block       1.453 s     1530.6 MB  gc  6.3%   speed-up    1.3x
   v3 pushfwd     max rel err  E 1.9e-16  F 6.1e-15  V 7.0e-16
   v3 pushfwd        0.013 s      124.7 MB  gc  0.0%   speed-up  136.9x
   v3t threaded   max rel err  E 1.9e-16  F 6.1e-15  V 7.6e-16
   v3t threaded      0.005 s      135.6 MB  gc  0.0%   speed-up  366.9x
   per-site  evaluate_basis_ed (orig)    25.04 ms     58.6 MB
   per-site  basis_ed_fd (block)         62.35 ms     48.4 MB
   per-site  basis_ed_pf (pushfwd)        0.38 ms      3.8 MB
   per-site  evaluate_ed (1 eval+grad)    0.23 ms      0.2 MB
cat_D8     n_B/elem= 3824  NZ=5  length_basis= 19320  nR=126 nY= 25 nA=  157 nAA=  7600 npair=40 rcut=6.25
   original         13.477 s    26412.6 MB  gc 16.5%
   v1 stable-acc  max rel err  E 0.0e+00  F 4.1e-16  V 0.0e+00
   v1 stable-acc     2.038 s     8495.9 MB  gc 27.9%   speed-up    6.6x
   v2 fd-block    max rel err  E 0.0e+00  F 4.1e-16  V 0.0e+00
   v2 fd-block       7.289 s     4397.2 MB  gc  4.5%   speed-up    1.8x
   v3 pushfwd     max rel err  E 1.8e-16  F 3.8e-15  V 1.3e-15
   v3 pushfwd        0.209 s     1410.1 MB  gc 26.8%   speed-up   64.5x
   v3t threaded   max rel err  E 1.8e-16  F 3.8e-15  V 1.3e-15
   v3t threaded      0.129 s     1530.9 MB  gc 42.8%   speed-up  104.5x
   per-site  evaluate_basis_ed (orig)    38.97 ms    266.7 MB
   per-site  basis_ed_fd (block)        186.25 ms    137.4 MB
   per-site  basis_ed_pf (pushfwd)        3.83 ms     42.9 MB
   per-site  evaluate_ed (1 eval+grad)    0.29 ms      0.3 MB
emb16_D8   n_B/elem=  753  NZ=5  length_basis=  3805  nR=384 nY= 25 nA=  380 nAA=  1217 npair=8 rcut=6.25
   original          5.344 s     6990.5 MB  gc  8.1%
   v1 stable-acc  max rel err  E 0.0e+00  F 6.3e-16  V 0.0e+00
   v1 stable-acc     3.430 s     3536.4 MB  gc  7.5%   speed-up    1.6x
   v2 fd-block    max rel err  E 0.0e+00  F 6.3e-16  V 0.0e+00
   v2 fd-block       5.428 s     2793.6 MB  gc  6.7%   speed-up    1.0x
   v3 pushfwd     max rel err  E 1.4e-16  F 4.4e-15  V 3.1e-15
   v3 pushfwd        0.036 s      349.8 MB  gc  5.7%   speed-up  148.9x
   v3t threaded   max rel err  E 1.4e-16  F 4.4e-15  V 3.1e-15
   v3t threaded      0.024 s      373.6 MB  gc  3.7%   speed-up  227.4x
   per-site  evaluate_basis_ed (orig)    90.48 ms    111.2 MB
   per-site  basis_ed_fd (block)        125.00 ms     88.0 MB
   per-site  basis_ed_pf (pushfwd)        0.87 ms     10.8 MB
   per-site  evaluate_ed (1 eval+grad)    0.72 ms      0.3 MB
