map: nB=734 per z0, N_c=1160 per z0, #β=30 (embedded-spec 16), maxres=3.3e-16
train data: AΦ (25544, 5800) built in 4.9 s
flop model: n_A1=11, DAG nodes per order/depth [[5], [6, 19], [5, 12, 26]], blocks per order [5, 11, 14]
  categorical lam=1      test F=0.7691 E=0.07850 V=0.4064 | train F=0.7760
  categorical lam=0.1    test F=0.3883 E=0.03242 V=0.2311 | train F=0.3901
  categorical lam=0.01   test F=0.1758 E=0.00846 V=0.0949 | train F=0.1723
  categorical lam=0.001  test F=0.1303 E=0.00657 V=0.0427 | train F=0.1169
  categorical lam=0.0001 test F=0.1197 E=0.00739 V=0.0433 | train F=0.0991
  categorical lam=1e-05  test F=0.1126 E=0.00676 V=0.0369 | train F=0.0925
  categorical lam=1e-06  test F=0.1123 E=0.00689 V=0.0362 | train F=0.0918
  categorical lam=1e-07  test F=0.1119 E=0.00674 V=0.0358 | train F=0.0911
  categorical lam=1e-08  test F=0.1120 E=0.00668 V=0.0358 | train F=0.0910
RES categorical   nparams= 3795  test F=0.1119 E=0.00674 V=0.0358  train F=0.0911  lambda=1e-07
CHECK tikh_solve vs TikhonovFactor at lam=1e-07: test F 0.111876 vs 0.111876, |dx|/|x| = 2.74e-04
  CP-16 lam=1e-05  test F=0.1131 E=0.00548 V=0.0328
  CP-16 lam=1e-06  test F=0.1125 E=0.00546 V=0.0323
  CP-16 lam=1e-07  test F=0.1118 E=0.00533 V=0.0324
  CP-16 lam=1e-08  test F=0.1118 E=0.00530 V=0.0325
RES CP-4                               nparams=  725 (cores    0, readout  600, pair 125) flops/site=     632  test F=0.1172 E=0.00513 V=0.0321  train F=0.1161 vstep=6.6s
RES CP-8                               nparams= 1250 (cores    0, readout 1125, pair 125) flops/site=    1249  test F=0.1170 E=0.00554 V=0.0348  train F=0.1127 vstep=8.7s
RES CP-16                              nparams= 2195 (cores    0, readout 2070, pair 125) flops/site=    2462  test F=0.1118 E=0.00533 V=0.0324  train F=0.1041 vstep=13.2s
RES CP-16 (embedded-spec β only)       nparams= 2195 (cores    0, readout 2070, pair 125) flops/site=    2462  test F=0.1169 E=0.00487 V=0.0346  train F=0.1129 
RES CP-35                              nparams= 3525 (cores    0, readout 3400, pair 125) flops/site=    5160  test F=0.1101 E=0.00560 V=0.0330  train F=0.0994 vstep=41.1s
categorical flops/site (species-resolved 𝔸 nodes) = 4105 ; CP-4/8/16/35 = 632/1249/2462/5160
  flops/site TT(1,2,2,2)    = 1310
  flops/site TT(1,4,4,4)    = 4396
  flops/site TT(1,5,8,8)    = 11954
  flops/site TT(1,5,15,16)  = 31334
  flops/site TT(1,5,25,16)  = 48025
  flops/site TT(1,5,25,35)  = 90195
TT TT(1,5,15,16) from CP-16 init (cp, K=16, noise=0): test F=0.1118
TT(1,5,15,16) from CP-16  init  J = 2.8077432589e+02
TT(1,5,15,16) from CP-16  G1     J = 2.8043454925e+02  (0.8 s)
TT(1,5,15,16) from CP-16  G2     J = 2.6689415911e+02  (5.3 s)
TT(1,5,15,16) from CP-16  G3     J = 2.5711635283e+02  (11.1 s)
TT(1,5,15,16) from CP-16  v      J = 2.4288803595e+02  (20.6 s)
TT(1,5,15,16) from CP-16  G3     J = 2.4020320586e+02  (9.2 s)
TT(1,5,15,16) from CP-16  G2     J = 2.3943347695e+02  (4.7 s)
TT(1,5,15,16) from CP-16  G1     J = 2.3942358255e+02  (0.6 s)
TT(1,5,15,16) from CP-16  v      J = 2.3733044979e+02  (18.9 s)
   sweep 1 test F=0.1099 E=0.00586 V=0.0330
TT(1,5,15,16) from CP-16 sweep 1: J = 2.3733044979e+02  rel change 1.547e-01  wall 76.2 s
TT(1,5,15,16) from CP-16  G1     J = 2.3732299427e+02  (1.1 s)
TT(1,5,15,16) from CP-16  G2     J = 2.3675449188e+02  (5.7 s)
TT(1,5,15,16) from CP-16  G3     J = 2.3578402624e+02  (13.2 s)
TT(1,5,15,16) from CP-16  v      J = 2.3484825236e+02  (18.8 s)
TT(1,5,15,16) from CP-16  G3     J = 2.3425220938e+02  (10.2 s)
TT(1,5,15,16) from CP-16  G2     J = 2.3394864773e+02  (4.2 s)
TT(1,5,15,16) from CP-16  G1     J = 2.3394630669e+02  (0.8 s)
TT(1,5,15,16) from CP-16  v      J = 2.3333432429e+02  (15.3 s)
   sweep 2 test F=0.1099 E=0.00592 V=0.0336
TT(1,5,15,16) from CP-16 sweep 2: J = 2.3333432429e+02  rel change 1.684e-02  wall 74.8 s
TT(1,5,15,16) from CP-16  G1     J = 2.3333141770e+02  (1.2 s)
TT(1,5,15,16) from CP-16  G2     J = 2.3309214097e+02  (3.7 s)
TT(1,5,15,16) from CP-16  G3     J = 2.3266594853e+02  (8.6 s)
TT(1,5,15,16) from CP-16  v      J = 2.3225840862e+02  (15.8 s)
TT(1,5,15,16) from CP-16  G3     J = 2.3196101926e+02  (6.9 s)
TT(1,5,15,16) from CP-16  G2     J = 2.3176971220e+02  (5.3 s)
TT(1,5,15,16) from CP-16  G1     J = 2.3176810336e+02  (0.4 s)
TT(1,5,15,16) from CP-16  v      J = 2.3144917374e+02  (16.3 s)
   sweep 3 test F=0.1099 E=0.00592 V=0.0342
TT(1,5,15,16) from CP-16 sweep 3: J = 2.3144917374e+02  rel change 8.079e-03  wall 61.5 s
TT(1,5,15,16) from CP-16  G1     J = 2.3144688697e+02  (0.9 s)
TT(1,5,15,16) from CP-16  G2     J = 2.3130341170e+02  (4.2 s)
TT(1,5,15,16) from CP-16  G3     J = 2.3104274054e+02  (7.6 s)
TT(1,5,15,16) from CP-16  v      J = 2.3079216380e+02  (14.5 s)
TT(1,5,15,16) from CP-16  G3     J = 2.3059922581e+02  (6.8 s)
TT(1,5,15,16) from CP-16  G2     J = 2.3045548756e+02  (3.6 s)
TT(1,5,15,16) from CP-16  G1     J = 2.3045425548e+02  (0.5 s)
TT(1,5,15,16) from CP-16  v      J = 2.3023627090e+02  (16.9 s)
   sweep 4 test F=0.1099 E=0.00593 V=0.0346
TT(1,5,15,16) from CP-16 sweep 4: J = 2.3023627090e+02  rel change 5.240e-03  wall 59.9 s
TT(1,5,15,16) from CP-16  G1     J = 2.3023446936e+02  (1.6 s)
TT(1,5,15,16) from CP-16  G2     J = 2.3012900711e+02  (4.1 s)
TT(1,5,15,16) from CP-16  G3     J = 2.2993431521e+02  (7.8 s)
TT(1,5,15,16) from CP-16  v      J = 2.2974644788e+02  (16.1 s)
TT(1,5,15,16) from CP-16  G3     J = 2.2959894454e+02  (6.9 s)
TT(1,5,15,16) from CP-16  G2     J = 2.2948193771e+02  (5.9 s)
TT(1,5,15,16) from CP-16  G1     J = 2.2948095048e+02  (1.9 s)
TT(1,5,15,16) from CP-16  v      J = 2.2931150866e+02  (16.0 s)
   sweep 5 test F=0.1099 E=0.00594 V=0.0349
TT(1,5,15,16) from CP-16 sweep 5: J = 2.2931150866e+02  rel change 4.017e-03  wall 66.1 s
TT(1,5,15,16) from CP-16  G1     J = 2.2931017286e+02  (1.2 s)
TT(1,5,15,16) from CP-16  G2     J = 2.2922600467e+02  (6.1 s)
TT(1,5,15,16) from CP-16  G3     J = 2.2907100035e+02  (14.7 s)
TT(1,5,15,16) from CP-16  v      J = 2.2892643859e+02  (18.7 s)
TT(1,5,15,16) from CP-16  G3     J = 2.2881087723e+02  (9.3 s)
TT(1,5,15,16) from CP-16  G2     J = 2.2871654107e+02  (5.0 s)
TT(1,5,15,16) from CP-16  G1     J = 2.2871574594e+02  (0.6 s)
TT(1,5,15,16) from CP-16  v      J = 2.2858274320e+02  (18.3 s)
   sweep 6 test F=0.1099 E=0.00596 V=0.0351
TT(1,5,15,16) from CP-16 sweep 6: J = 2.2858274320e+02  rel change 3.178e-03  wall 79.6 s
RES TT(1,5,15,16) from CP-16           nparams= 4220 (cores 2025, readout 2070, pair 125) flops/site=   31334  test F=0.1099 E=0.00596 V=0.0351  train F=0.0943 sweeps=6 wall/sweep=70s nonmono=0 initF=0.1118
TT TT(1,5,8,8) from CP-8 init (cp, K=8, noise=0): test F=0.1170
TT(1,5,8,8) from CP-8  init  J = 3.3859983710e+02
TT(1,5,8,8) from CP-8  G1     J = 3.3691145703e+02  (1.0 s)
TT(1,5,8,8) from CP-8  G2     J = 3.1978610525e+02  (5.1 s)
TT(1,5,8,8) from CP-8  G3     J = 3.1476108474e+02  (4.1 s)
TT(1,5,8,8) from CP-8  v      J = 2.9159718468e+02  (9.6 s)
TT(1,5,8,8) from CP-8  G3     J = 2.8925979520e+02  (3.0 s)
TT(1,5,8,8) from CP-8  G2     J = 2.8610529584e+02  (4.0 s)
TT(1,5,8,8) from CP-8  G1     J = 2.8602882183e+02  (0.4 s)
TT(1,5,8,8) from CP-8  v      J = 2.8209183380e+02  (8.3 s)
   sweep 1 test F=0.1099 E=0.00557 V=0.0304
TT(1,5,8,8) from CP-8 sweep 1: J = 2.8209183380e+02  rel change 1.669e-01  wall 40.5 s
TT(1,5,8,8) from CP-8  G1     J = 2.8193965138e+02  (0.9 s)
TT(1,5,8,8) from CP-8  G2     J = 2.7983400194e+02  (3.1 s)
TT(1,5,8,8) from CP-8  G3     J = 2.7905959363e+02  (1.8 s)
TT(1,5,8,8) from CP-8  v      J = 2.7714202289e+02  (8.2 s)
TT(1,5,8,8) from CP-8  G3     J = 2.7645775087e+02  (2.4 s)
TT(1,5,8,8) from CP-8  G2     J = 2.7544960333e+02  (3.1 s)
TT(1,5,8,8) from CP-8  G1     J = 2.7542094684e+02  (0.5 s)
TT(1,5,8,8) from CP-8  v      J = 2.7411255613e+02  (7.8 s)
   sweep 2 test F=0.1091 E=0.00549 V=0.0297
TT(1,5,8,8) from CP-8 sweep 2: J = 2.7411255613e+02  rel change 2.829e-02  wall 30.8 s
TT(1,5,8,8) from CP-8  G1     J = 2.7404160249e+02  (2.0 s)
TT(1,5,8,8) from CP-8  G2     J = 2.7319807674e+02  (4.8 s)
TT(1,5,8,8) from CP-8  G3     J = 2.7278357470e+02  (2.0 s)
TT(1,5,8,8) from CP-8  v      J = 2.7193014167e+02  (8.3 s)
TT(1,5,8,8) from CP-8  G3     J = 2.7153715988e+02  (1.1 s)
TT(1,5,8,8) from CP-8  G2     J = 2.7096672437e+02  (3.0 s)
TT(1,5,8,8) from CP-8  G1     J = 2.7094949927e+02  (1.1 s)
TT(1,5,8,8) from CP-8  v      J = 2.7020721615e+02  (11.4 s)
   sweep 3 test F=0.1088 E=0.00542 V=0.0294
TT(1,5,8,8) from CP-8 sweep 3: J = 2.7020721615e+02  rel change 1.425e-02  wall 39.1 s
TT(1,5,8,8) from CP-8  G1     J = 2.7015636832e+02  (2.8 s)
TT(1,5,8,8) from CP-8  G2     J = 2.6964809275e+02  (4.7 s)
TT(1,5,8,8) from CP-8  G3     J = 2.6933930994e+02  (4.6 s)
TT(1,5,8,8) from CP-8  v      J = 2.6876950349e+02  (10.2 s)
TT(1,5,8,8) from CP-8  G3     J = 2.6848253454e+02  (2.3 s)
TT(1,5,8,8) from CP-8  G2     J = 2.6808942519e+02  (3.6 s)
TT(1,5,8,8) from CP-8  G1     J = 2.6807795014e+02  (1.5 s)
TT(1,5,8,8) from CP-8  v      J = 2.6757709130e+02  (11.1 s)
   sweep 4 test F=0.1086 E=0.00534 V=0.0293
TT(1,5,8,8) from CP-8 sweep 4: J = 2.6757709130e+02  rel change 9.734e-03  wall 44.7 s
TT(1,5,8,8) from CP-8  G1     J = 2.6753708426e+02  (1.4 s)
TT(1,5,8,8) from CP-8  G2     J = 2.6719462924e+02  (3.2 s)
TT(1,5,8,8) from CP-8  G3     J = 2.6696533292e+02  (2.1 s)
TT(1,5,8,8) from CP-8  v      J = 2.6657096598e+02  (6.4 s)
TT(1,5,8,8) from CP-8  G3     J = 2.6636010945e+02  (2.7 s)
TT(1,5,8,8) from CP-8  G2     J = 2.6608554764e+02  (2.4 s)
TT(1,5,8,8) from CP-8  G1     J = 2.6607724405e+02  (0.8 s)
TT(1,5,8,8) from CP-8  v      J = 2.6571646909e+02  (7.6 s)
   sweep 5 test F=0.1085 E=0.00531 V=0.0293
TT(1,5,8,8) from CP-8 sweep 5: J = 2.6571646909e+02  rel change 6.954e-03  wall 29.5 s
TT(1,5,8,8) from CP-8  G1     J = 2.6568420264e+02  (0.8 s)
TT(1,5,8,8) from CP-8  G2     J = 2.6543569039e+02  (2.6 s)
TT(1,5,8,8) from CP-8  G3     J = 2.6526119914e+02  (2.3 s)
TT(1,5,8,8) from CP-8  v      J = 2.6497407024e+02  (7.6 s)
TT(1,5,8,8) from CP-8  G3     J = 2.6481469337e+02  (2.0 s)
TT(1,5,8,8) from CP-8  G2     J = 2.6460027189e+02  (3.8 s)
TT(1,5,8,8) from CP-8  G1     J = 2.6459322765e+02  (2.1 s)
TT(1,5,8,8) from CP-8  v      J = 2.6431577000e+02  (12.8 s)
   sweep 6 test F=0.1084 E=0.00531 V=0.0294
TT(1,5,8,8) from CP-8 sweep 6: J = 2.6431577000e+02  rel change 5.271e-03  wall 39.1 s
RES TT(1,5,8,8) from CP-8              nparams= 2045 (cores  795, readout 1125, pair 125) flops/site=   11954  test F=0.1084 E=0.00531 V=0.0294  train F=0.1006 sweeps=6 wall/sweep=37s nonmono=0 initF=0.1170
TT TT(1,4,4,4) from CP-4 init (cp, K=4, noise=0): test F=0.1172
TT(1,4,4,4) from CP-4  init  J = 3.6485282545e+02
TT(1,4,4,4) from CP-4  G1     J = 3.6307494216e+02  (0.4 s)
TT(1,4,4,4) from CP-4  G2     J = 3.5541709521e+02  (1.9 s)
TT(1,4,4,4) from CP-4  G3     J = 3.5309364840e+02  (1.6 s)
TT(1,4,4,4) from CP-4  v      J = 3.4392157761e+02  (4.1 s)
TT(1,4,4,4) from CP-4  G3     J = 3.4209698113e+02  (0.9 s)
TT(1,4,4,4) from CP-4  G2     J = 3.3916158999e+02  (0.8 s)
TT(1,4,4,4) from CP-4  G1     J = 3.3883182359e+02  (0.9 s)
TT(1,4,4,4) from CP-4  v      J = 3.3548868768e+02  (3.4 s)
   sweep 1 test F=0.1139 E=0.00495 V=0.0318
TT(1,4,4,4) from CP-4 sweep 1: J = 3.3548868768e+02  rel change 8.048e-02  wall 15.9 s
TT(1,4,4,4) from CP-4  G1     J = 3.3521287798e+02  (0.9 s)
TT(1,4,4,4) from CP-4  G2     J = 3.3335118106e+02  (2.0 s)
TT(1,4,4,4) from CP-4  G3     J = 3.3271910841e+02  (0.8 s)
TT(1,4,4,4) from CP-4  v      J = 3.3073391794e+02  (4.0 s)
TT(1,4,4,4) from CP-4  G3     J = 3.3007950349e+02  (0.5 s)
TT(1,4,4,4) from CP-4  G2     J = 3.2893053687e+02  (1.3 s)
TT(1,4,4,4) from CP-4  G1     J = 3.2876888279e+02  (1.2 s)
TT(1,4,4,4) from CP-4  v      J = 3.2732547324e+02  (3.5 s)
   sweep 2 test F=0.1131 E=0.00471 V=0.0307
TT(1,4,4,4) from CP-4 sweep 2: J = 3.2732547324e+02  rel change 2.433e-02  wall 16.3 s
TT(1,4,4,4) from CP-4  G1     J = 3.2713280428e+02  (0.5 s)
TT(1,4,4,4) from CP-4  G2     J = 3.2610990254e+02  (1.6 s)
TT(1,4,4,4) from CP-4  G3     J = 3.2564398193e+02  (0.8 s)
TT(1,4,4,4) from CP-4  v      J = 3.2438679913e+02  (4.6 s)
TT(1,4,4,4) from CP-4  G3     J = 3.2393854879e+02  (0.4 s)
TT(1,4,4,4) from CP-4  G2     J = 3.2298681524e+02  (0.8 s)
TT(1,4,4,4) from CP-4  G1     J = 3.2281966397e+02  (0.3 s)
TT(1,4,4,4) from CP-4  v      J = 3.2161302660e+02  (5.2 s)
   sweep 3 test F=0.1125 E=0.00452 V=0.0299
TT(1,4,4,4) from CP-4 sweep 3: J = 3.2161302660e+02  rel change 1.745e-02  wall 16.5 s
TT(1,4,4,4) from CP-4  G1     J = 3.2139614774e+02  (0.8 s)
TT(1,4,4,4) from CP-4  G2     J = 3.2047502819e+02  (1.4 s)
TT(1,4,4,4) from CP-4  G3     J = 3.2000405909e+02  (0.6 s)
TT(1,4,4,4) from CP-4  v      J = 3.1884355047e+02  (3.0 s)
TT(1,4,4,4) from CP-4  G3     J = 3.1848001458e+02  (0.5 s)
TT(1,4,4,4) from CP-4  G2     J = 3.1751489250e+02  (0.7 s)
TT(1,4,4,4) from CP-4  G1     J = 3.1735327772e+02  (0.3 s)
TT(1,4,4,4) from CP-4  v      J = 3.1622294675e+02  (4.3 s)
   sweep 4 test F=0.1118 E=0.00437 V=0.0295
TT(1,4,4,4) from CP-4 sweep 4: J = 3.1622294675e+02  rel change 1.676e-02  wall 12.7 s
TT(1,4,4,4) from CP-4  G1     J = 3.1601080894e+02  (0.4 s)
TT(1,4,4,4) from CP-4  G2     J = 3.1520367188e+02  (0.8 s)
TT(1,4,4,4) from CP-4  G3     J = 3.1479547799e+02  (1.1 s)
TT(1,4,4,4) from CP-4  v      J = 3.1389681306e+02  (3.5 s)
TT(1,4,4,4) from CP-4  G3     J = 3.1363478698e+02  (0.6 s)
TT(1,4,4,4) from CP-4  G2     J = 3.1290377256e+02  (0.9 s)
TT(1,4,4,4) from CP-4  G1     J = 3.1277259143e+02  (0.5 s)
TT(1,4,4,4) from CP-4  v      J = 3.1197038000e+02  (3.2 s)
   sweep 5 test F=0.1113 E=0.00434 V=0.0295
TT(1,4,4,4) from CP-4 sweep 5: J = 3.1197038000e+02  rel change 1.345e-02  wall 12.8 s
TT(1,4,4,4) from CP-4  G1     J = 3.1181524683e+02  (0.6 s)
TT(1,4,4,4) from CP-4  G2     J = 3.1126094938e+02  (0.9 s)
TT(1,4,4,4) from CP-4  G3     J = 3.1095569495e+02  (0.5 s)
TT(1,4,4,4) from CP-4  v      J = 3.1037284455e+02  (3.2 s)
TT(1,4,4,4) from CP-4  G3     J = 3.1018448177e+02  (0.7 s)
TT(1,4,4,4) from CP-4  G2     J = 3.0967984447e+02  (1.2 s)
TT(1,4,4,4) from CP-4  G1     J = 3.0958397246e+02  (0.5 s)
TT(1,4,4,4) from CP-4  v      J = 3.0903423405e+02  (3.2 s)
   sweep 6 test F=0.1110 E=0.00436 V=0.0295
TT(1,4,4,4) from CP-4 sweep 6: J = 3.0903423405e+02  rel change 9.412e-03  wall 11.7 s
RES TT(1,4,4,4) from CP-4              nparams= 1025 (cores  300, readout  600, pair 125) flops/site=    4396  test F=0.1110 E=0.00436 V=0.0295  train F=0.1077 sweeps=6 wall/sweep=14s nonmono=0 initF=0.1172
TT TT(1,5,25,16) wide from CP-16 init (cp, K=16, noise=0.01): test F=0.1109
TT(1,5,25,16) wide from CP-16  init  J = 2.7097654470e+02
TT(1,5,25,16) wide from CP-16  G1     J = 2.7081355473e+02  (0.5 s)
TT(1,5,25,16) wide from CP-16  G2     J = 2.5586184574e+02  (6.8 s)
TT(1,5,25,16) wide from CP-16  G3     J = 2.4551945644e+02  (15.9 s)
TT(1,5,25,16) wide from CP-16  v      J = 2.3772543003e+02  (15.8 s)
TT(1,5,25,16) wide from CP-16  G3     J = 2.3522568720e+02  (17.8 s)
TT(1,5,25,16) wide from CP-16  G2     J = 2.3461327508e+02  (7.0 s)
TT(1,5,25,16) wide from CP-16  G1     J = 2.3460438627e+02  (0.5 s)
TT(1,5,25,16) wide from CP-16  v      J = 2.3283377256e+02  (18.4 s)
   sweep 1 test F=0.1102 E=0.00606 V=0.0339
TT(1,5,25,16) wide from CP-16 sweep 1: J = 2.3283377256e+02  rel change 1.408e-01  wall 88.4 s
TT(1,5,25,16) wide from CP-16  G1     J = 2.3282927114e+02  (0.8 s)
TT(1,5,25,16) wide from CP-16  G2     J = 2.3220040367e+02  (7.0 s)
TT(1,5,25,16) wide from CP-16  G3     J = 2.3133669319e+02  (18.3 s)
TT(1,5,25,16) wide from CP-16  v      J = 2.3045500825e+02  (17.1 s)
TT(1,5,25,16) wide from CP-16  G3     J = 2.2985400042e+02  (15.2 s)
TT(1,5,25,16) wide from CP-16  G2     J = 2.2953994826e+02  (6.3 s)
TT(1,5,25,16) wide from CP-16  G1     J = 2.2953701548e+02  (0.4 s)
TT(1,5,25,16) wide from CP-16  v      J = 2.2890903001e+02  (16.4 s)
   sweep 2 test F=0.1102 E=0.00624 V=0.0346
TT(1,5,25,16) wide from CP-16 sweep 2: J = 2.2890903001e+02  rel change 1.686e-02  wall 86.4 s
TT(1,5,25,16) wide from CP-16  G1     J = 2.2890700892e+02  (1.5 s)
TT(1,5,25,16) wide from CP-16  G2     J = 2.2862832562e+02  (9.4 s)
TT(1,5,25,16) wide from CP-16  G3     J = 2.2821565673e+02  (16.3 s)
TT(1,5,25,16) wide from CP-16  v      J = 2.2778689338e+02  (16.9 s)
TT(1,5,25,16) wide from CP-16  G3     J = 2.2747264025e+02  (14.1 s)
TT(1,5,25,16) wide from CP-16  G2     J = 2.2728182418e+02  (6.3 s)
TT(1,5,25,16) wide from CP-16  G1     J = 2.2728082686e+02  (0.3 s)
TT(1,5,25,16) wide from CP-16  v      J = 2.2690272955e+02  (18.8 s)
   sweep 3 test F=0.1103 E=0.00629 V=0.0353
TT(1,5,25,16) wide from CP-16 sweep 3: J = 2.2690272955e+02  rel change 8.765e-03  wall 88.7 s
TT(1,5,25,16) wide from CP-16  G1     J = 2.2690121180e+02  (1.1 s)
TT(1,5,25,16) wide from CP-16  G2     J = 2.2671980118e+02  (6.7 s)
TT(1,5,25,16) wide from CP-16  G3     J = 2.2647485366e+02  (13.6 s)
TT(1,5,25,16) wide from CP-16  v      J = 2.2621468981e+02  (13.9 s)
TT(1,5,25,16) wide from CP-16  G3     J = 2.2601427621e+02  (13.8 s)
TT(1,5,25,16) wide from CP-16  G2     J = 2.2588627951e+02  (6.0 s)
TT(1,5,25,16) wide from CP-16  G1     J = 2.2588552822e+02  (1.0 s)
TT(1,5,25,16) wide from CP-16  v      J = 2.2564930647e+02  (17.0 s)
   sweep 4 test F=0.1103 E=0.00630 V=0.0358
TT(1,5,25,16) wide from CP-16 sweep 4: J = 2.2564930647e+02  rel change 5.524e-03  wall 78.4 s
TT(1,5,25,16) wide from CP-16  G1     J = 2.2564830212e+02  (1.3 s)
TT(1,5,25,16) wide from CP-16  G2     J = 2.2552621979e+02  (7.1 s)
TT(1,5,25,16) wide from CP-16  G3     J = 2.2535908146e+02  (16.0 s)
TT(1,5,25,16) wide from CP-16  v      J = 2.2517894407e+02  (17.6 s)
TT(1,5,25,16) wide from CP-16  G3     J = 2.2503342785e+02  (20.2 s)
TT(1,5,25,16) wide from CP-16  G2     J = 2.2493947791e+02  (9.7 s)
TT(1,5,25,16) wide from CP-16  G1     J = 2.2493874672e+02  (0.4 s)
TT(1,5,25,16) wide from CP-16  v      J = 2.2476995632e+02  (17.7 s)
   sweep 5 test F=0.1103 E=0.00630 V=0.0360
TT(1,5,25,16) wide from CP-16 sweep 5: J = 2.2476995632e+02  rel change 3.897e-03  wall 94.6 s
TT(1,5,25,16) wide from CP-16  G1     J = 2.2476923914e+02  (1.2 s)
TT(1,5,25,16) wide from CP-16  G2     J = 2.2467889728e+02  (5.2 s)
TT(1,5,25,16) wide from CP-16  G3     J = 2.2455265632e+02  (16.4 s)
TT(1,5,25,16) wide from CP-16  v      J = 2.2441405164e+02  (13.7 s)
TT(1,5,25,16) wide from CP-16  G3     J = 2.2430006264e+02  (17.1 s)
TT(1,5,25,16) wide from CP-16  G2     J = 2.2422694055e+02  (8.1 s)
TT(1,5,25,16) wide from CP-16  G1     J = 2.2422624490e+02  (0.4 s)
TT(1,5,25,16) wide from CP-16  v      J = 2.2409860438e+02  (17.0 s)
   sweep 6 test F=0.1104 E=0.00629 V=0.0361
TT(1,5,25,16) wide from CP-16 sweep 6: J = 2.2409860438e+02  rel change 2.987e-03  wall 84.6 s
RES TT(1,5,25,16) wide from CP-16      nparams= 5350 (cores 3100, readout 2125, pair 125) flops/site=   48025  test F=0.1104 E=0.00629 V=0.0361  train F=0.0934 sweeps=6 wall/sweep=87s nonmono=0 initF=0.1109
TT TT(1,5,25,35) wide from CP-35 init (cp, K=35, noise=0.01): test F=0.1089
TT(1,5,25,35) wide from CP-35  init  J = 2.2959785410e+02
TT(1,5,25,35) wide from CP-35  G1     J = 2.2959605633e+02  (0.5 s)
TT(1,5,25,35) wide from CP-35  G2     J = 2.2722725318e+02  (6.0 s)
TT(1,5,25,35) wide from CP-35  G3     J = 2.2015957272e+02  (55.3 s)
TT(1,5,25,35) wide from CP-35  v      J = 2.1741700650e+02  (61.3 s)
TT(1,5,25,35) wide from CP-35  G3     J = 2.1649098123e+02  (69.3 s)
TT(1,5,25,35) wide from CP-35  G2     J = 2.1631911907e+02  (8.2 s)
TT(1,5,25,35) wide from CP-35  G1     J = 2.1631828232e+02  (1.2 s)
TT(1,5,25,35) wide from CP-35  v      J = 2.1561508899e+02  (51.1 s)
   sweep 1 test F=0.1115 E=0.00691 V=0.0358
TT(1,5,25,35) wide from CP-35 sweep 1: J = 2.1561508899e+02  rel change 6.090e-02  wall 265.6 s
TT(1,5,25,35) wide from CP-35  G1     J = 2.1561488896e+02  (0.7 s)
TT(1,5,25,35) wide from CP-35  G2     J = 2.1549130929e+02  (7.8 s)
TT(1,5,25,35) wide from CP-35  G3     J = 2.1513856404e+02  (56.8 s)
TT(1,5,25,35) wide from CP-35  v      J = 2.1482104353e+02  (52.6 s)
TT(1,5,25,35) wide from CP-35  G3     J = 2.1461740527e+02  (72.4 s)
TT(1,5,25,35) wide from CP-35  G2     J = 2.1455428443e+02  (9.6 s)
TT(1,5,25,35) wide from CP-35  G1     J = 2.1455384885e+02  (0.8 s)
TT(1,5,25,35) wide from CP-35  v      J = 2.1435213642e+02  (56.1 s)
   sweep 2 test F=0.1118 E=0.00683 V=0.0359
TT(1,5,25,35) wide from CP-35 sweep 2: J = 2.1435213642e+02  rel change 5.857e-03  wall 267.7 s
TT(1,5,25,35) wide from CP-35  G1     J = 2.1435210453e+02  (1.0 s)
TT(1,5,25,35) wide from CP-35  G2     J = 2.1430536939e+02  (10.7 s)
TT(1,5,25,35) wide from CP-35  G3     J = 2.1417043563e+02  (66.7 s)
TT(1,5,25,35) wide from CP-35  v      J = 2.1405034758e+02  (61.0 s)
TT(1,5,25,35) wide from CP-35  G3     J = 2.1396130896e+02  (58.3 s)
TT(1,5,25,35) wide from CP-35  G2     J = 2.1393042104e+02  (4.1 s)
TT(1,5,25,35) wide from CP-35  G1     J = 2.1393016106e+02  (0.6 s)
TT(1,5,25,35) wide from CP-35  v      J = 2.1383900966e+02  (30.7 s)
   sweep 3 test F=0.1118 E=0.00679 V=0.0360
TT(1,5,25,35) wide from CP-35 sweep 3: J = 2.1383900966e+02  rel change 2.394e-03  wall 240.7 s
TT(1,5,25,35) wide from CP-35  G1     J = 2.1383899087e+02  (0.4 s)
TT(1,5,25,35) wide from CP-35  G2     J = 2.1381476614e+02  (5.0 s)
TT(1,5,25,35) wide from CP-35  G3     J = 2.1374507616e+02  (36.1 s)
TT(1,5,25,35) wide from CP-35  v      J = 2.1367666344e+02  (41.6 s)
TT(1,5,25,35) wide from CP-35  G3     J = 2.1362099033e+02  (37.6 s)
TT(1,5,25,35) wide from CP-35  G2     J = 2.1360107280e+02  (4.6 s)
TT(1,5,25,35) wide from CP-35  G1     J = 2.1360085508e+02  (0.5 s)
TT(1,5,25,35) wide from CP-35  v      J = 2.1354181294e+02  (29.4 s)
   sweep 4 test F=0.1118 E=0.00676 V=0.0360
TT(1,5,25,35) wide from CP-35 sweep 4: J = 2.1354181294e+02  rel change 1.390e-03  wall 159.1 s
TT(1,5,25,35) wide from CP-35  G1     J = 2.1354179883e+02  (0.6 s)
TT(1,5,25,35) wide from CP-35  G2     J = 2.1352778877e+02  (4.4 s)
TT(1,5,25,35) wide from CP-35  G3     J = 2.1347615352e+02  (37.6 s)
TT(1,5,25,35) wide from CP-35  v      J = 2.1342832646e+02  (34.3 s)
TT(1,5,25,35) wide from CP-35  G3     J = 2.1338921041e+02  (40.4 s)
TT(1,5,25,35) wide from CP-35  G2     J = 2.1337595920e+02  (5.1 s)
TT(1,5,25,35) wide from CP-35  G1     J = 2.1337318792e+02  (0.5 s)
TT(1,5,25,35) wide from CP-35  v      J = 2.1333386301e+02  (31.0 s)
   sweep 5 test F=0.1118 E=0.00675 V=0.0361
TT(1,5,25,35) wide from CP-35 sweep 5: J = 2.1333386301e+02  rel change 9.738e-04  wall 157.7 s
TT(1,5,25,35) wide from CP-35  G1     J = 2.1333385469e+02  (0.3 s)
TT(1,5,25,35) wide from CP-35  G2     J = 2.1332462185e+02  (5.2 s)
TT(1,5,25,35) wide from CP-35  G3     J = 2.1328778425e+02  (38.3 s)
TT(1,5,25,35) wide from CP-35  v      J = 2.1325488380e+02  (29.5 s)
TT(1,5,25,35) wide from CP-35  G3     J = 2.1322684984e+02  (41.0 s)
TT(1,5,25,35) wide from CP-35  G2     J = 2.1321765448e+02  (6.1 s)
TT(1,5,25,35) wide from CP-35  G1     J = 2.1321489281e+02  (0.5 s)
TT(1,5,25,35) wide from CP-35  v      J = 2.1318642910e+02  (30.7 s)
   sweep 6 test F=0.1118 E=0.00674 V=0.0361
TT(1,5,25,35) wide from CP-35 sweep 6: J = 2.1318642910e+02  rel change 6.911e-04  wall 154.9 s
RES TT(1,5,25,35) wide from CP-35      nparams= 9775 (cores 5700, readout 3950, pair 125) flops/site=   90195  test F=0.1118 E=0.00674 V=0.0361  train F=0.0913 sweeps=6 wall/sweep=208s nonmono=0 initF=0.1089
TT TT(1,2,2,2) from CP-2 init (cp, K=2, noise=0): test F=0.1216
TT(1,2,2,2) from CP-2  init  J = 4.3274068897e+02
TT(1,2,2,2) from CP-2  G1     J = 4.2981453952e+02  (0.2 s)
TT(1,2,2,2) from CP-2  G2     J = 4.2575347953e+02  (0.2 s)
TT(1,2,2,2) from CP-2  G3     J = 4.2417161192e+02  (0.1 s)
TT(1,2,2,2) from CP-2  v      J = 4.1589420836e+02  (0.8 s)
TT(1,2,2,2) from CP-2  G3     J = 4.1471917074e+02  (0.1 s)
TT(1,2,2,2) from CP-2  G2     J = 4.1032563268e+02  (0.3 s)
TT(1,2,2,2) from CP-2  G1     J = 4.0865166023e+02  (0.1 s)
TT(1,2,2,2) from CP-2  v      J = 4.0382951903e+02  (0.8 s)
   sweep 1 test F=0.1189 E=0.00424 V=0.0343
TT(1,2,2,2) from CP-2 sweep 1: J = 4.0382951903e+02  rel change 6.681e-02  wall 2.9 s
TT(1,2,2,2) from CP-2  G1     J = 4.0297860067e+02  (0.1 s)
TT(1,2,2,2) from CP-2  G2     J = 4.0061681390e+02  (0.2 s)
TT(1,2,2,2) from CP-2  G3     J = 3.9995953053e+02  (0.1 s)
TT(1,2,2,2) from CP-2  v      J = 3.9767456629e+02  (0.8 s)
TT(1,2,2,2) from CP-2  G3     J = 3.9717578333e+02  (0.1 s)
TT(1,2,2,2) from CP-2  G2     J = 3.9602621624e+02  (0.2 s)
TT(1,2,2,2) from CP-2  G1     J = 3.9554336551e+02  (0.2 s)
TT(1,2,2,2) from CP-2  v      J = 3.9409340907e+02  (0.9 s)
   sweep 2 test F=0.1182 E=0.00443 V=0.0344
TT(1,2,2,2) from CP-2 sweep 2: J = 3.9409340907e+02  rel change 2.411e-02  wall 2.7 s
TT(1,2,2,2) from CP-2  G1     J = 3.9376798639e+02  (0.2 s)
TT(1,2,2,2) from CP-2  G2     J = 3.9285484137e+02  (0.2 s)
TT(1,2,2,2) from CP-2  G3     J = 3.9264672159e+02  (0.1 s)
TT(1,2,2,2) from CP-2  v      J = 3.9159983397e+02  (0.8 s)
TT(1,2,2,2) from CP-2  G3     J = 3.9128447004e+02  (0.1 s)
TT(1,2,2,2) from CP-2  G2     J = 3.9070948450e+02  (0.2 s)
TT(1,2,2,2) from CP-2  G1     J = 3.9049106988e+02  (0.2 s)
TT(1,2,2,2) from CP-2  v      J = 3.8964178572e+02  (0.9 s)
   sweep 3 test F=0.1177 E=0.00443 V=0.0338
TT(1,2,2,2) from CP-2 sweep 3: J = 3.8964178572e+02  rel change 1.130e-02  wall 2.8 s
TT(1,2,2,2) from CP-2  G1     J = 3.8943709688e+02  (0.2 s)
TT(1,2,2,2) from CP-2  G2     J = 3.8887965294e+02  (0.2 s)
TT(1,2,2,2) from CP-2  G3     J = 3.8872763296e+02  (0.1 s)
TT(1,2,2,2) from CP-2  v      J = 3.8799845953e+02  (0.8 s)
TT(1,2,2,2) from CP-2  G3     J = 3.8775648186e+02  (0.1 s)
TT(1,2,2,2) from CP-2  G2     J = 3.8732057010e+02  (0.2 s)
TT(1,2,2,2) from CP-2  G1     J = 3.8719761424e+02  (0.2 s)
TT(1,2,2,2) from CP-2  v      J = 3.8657355054e+02  (0.8 s)
   sweep 4 test F=0.1173 E=0.00444 V=0.0331
TT(1,2,2,2) from CP-2 sweep 4: J = 3.8657355054e+02  rel change 7.875e-03  wall 2.7 s
TT(1,2,2,2) from CP-2  G1     J = 3.8644442478e+02  (0.2 s)
TT(1,2,2,2) from CP-2  G2     J = 3.8601414718e+02  (0.2 s)
TT(1,2,2,2) from CP-2  G3     J = 3.8586807718e+02  (0.2 s)
TT(1,2,2,2) from CP-2  v      J = 3.8531425024e+02  (0.8 s)
TT(1,2,2,2) from CP-2  G3     J = 3.8513288621e+02  (0.1 s)
TT(1,2,2,2) from CP-2  G2     J = 3.8476520695e+02  (0.2 s)
TT(1,2,2,2) from CP-2  G1     J = 3.8468005250e+02  (0.2 s)
TT(1,2,2,2) from CP-2  v      J = 3.8418437757e+02  (0.8 s)
   sweep 5 test F=0.1170 E=0.00447 V=0.0324
TT(1,2,2,2) from CP-2 sweep 5: J = 3.8418437757e+02  rel change 6.180e-03  wall 2.6 s
TT(1,2,2,2) from CP-2  G1     J = 3.8408224719e+02  (0.2 s)
TT(1,2,2,2) from CP-2  G2     J = 3.8373157165e+02  (0.2 s)
TT(1,2,2,2) from CP-2  G3     J = 3.8360916039e+02  (0.1 s)
TT(1,2,2,2) from CP-2  v      J = 3.8317719380e+02  (0.8 s)
TT(1,2,2,2) from CP-2  G3     J = 3.8305182181e+02  (0.1 s)
TT(1,2,2,2) from CP-2  G2     J = 3.8275464308e+02  (0.2 s)
TT(1,2,2,2) from CP-2  G1     J = 3.8267690733e+02  (0.2 s)
TT(1,2,2,2) from CP-2  v      J = 3.8227398212e+02  (0.9 s)
   sweep 6 test F=0.1167 E=0.00449 V=0.0318
TT(1,2,2,2) from CP-2 sweep 6: J = 3.8227398212e+02  rel change 4.973e-03  wall 2.8 s
RES TT(1,2,2,2) from CP-2              nparams=  515 (cores   90, readout  300, pair 125) flops/site=    1310  test F=0.1167 E=0.00449 V=0.0318  train F=0.1169 sweeps=6 wall/sweep=3s nonmono=0 initF=0.1216
[ Info: degree 5, lambda 1.0e-7, stages SubString{String}["base", "cp", "tt", "cost"]
┌ Warning: Assignment to `e1` in soft scope is ambiguous because a global variable by the same name exists: `e1` will be treated as a new local. Disambiguate by using `local e1` to suppress this warning or `global e1` to assign to the existing global variable.
└ @ ~/.julia/dev/ACEpotentials/acejax/spike_tt/run_tt.jl:293
┌ Warning: Assignment to `e1` in soft scope is ambiguous because a global variable by the same name exists: `e1` will be treated as a new local. Disambiguate by using `local e1` to suppress this warning or `global e1` to assign to the existing global variable.
└ @ ~/.julia/dev/ACEpotentials/acejax/spike_tt/run_tt.jl:298
COST core step t=1: map 0.01 s, design gemm 0.61 s ((25544, 200)), full step 0.53 s, 75 columns
COST core step t=2: map 0.01 s, design gemm 2.43 s ((25544, 875)), full step 2.61 s, 750 columns
COST core step t=3: map 0.03 s, design gemm 6.15 s ((25544, 1325)), full step 5.01 s, 1200 columns
COST readout step: 11.25 s, 2070 columns
COST categorical solve: augmented QR 23.42 s (3795 columns); TikhonovFactor 18.43 s
done.
