map: nB=734 per z0, N_c=1160 per z0, #β=30 (embedded-spec 16), maxres=3.3e-16
train data: AΦ (25544, 5800) built in 2.3 s
flop model: n_A1=11, DAG nodes per order/depth [[5], [6, 19], [5, 12, 26]], blocks per order [5, 11, 14]
TT TT(1,4,4,4) 24 sweeps init (cp, K=4, noise=0): test F=0.1172
TT(1,4,4,4) 24 sweeps  init  J = 3.6485282545e+02
TT(1,4,4,4) 24 sweeps  G1     J = 3.6307494216e+02  (0.7 s)
TT(1,4,4,4) 24 sweeps  G2     J = 3.5541709521e+02  (0.8 s)
TT(1,4,4,4) 24 sweeps  G3     J = 3.5309364840e+02  (0.3 s)
TT(1,4,4,4) 24 sweeps  v      J = 3.4392157761e+02  (1.9 s)
TT(1,4,4,4) 24 sweeps  G3     J = 3.4209698113e+02  (0.3 s)
TT(1,4,4,4) 24 sweeps  G2     J = 3.3916158999e+02  (0.7 s)
TT(1,4,4,4) 24 sweeps  G1     J = 3.3883182359e+02  (0.4 s)
TT(1,4,4,4) 24 sweeps  v      J = 3.3548868768e+02  (2.3 s)
   sweep 1 test F=0.1139 E=0.00495 V=0.0318
TT(1,4,4,4) 24 sweeps sweep 1: J = 3.3548868768e+02  rel change 8.048e-02  wall 8.4 s
TT(1,4,4,4) 24 sweeps  G1     J = 3.3521287798e+02  (0.8 s)
TT(1,4,4,4) 24 sweeps  G2     J = 3.3335118106e+02  (0.7 s)
TT(1,4,4,4) 24 sweeps  G3     J = 3.3271910841e+02  (0.4 s)
TT(1,4,4,4) 24 sweeps  v      J = 3.3073391794e+02  (2.6 s)
TT(1,4,4,4) 24 sweeps  G3     J = 3.3007950349e+02  (0.9 s)
TT(1,4,4,4) 24 sweeps  G2     J = 3.2893053687e+02  (0.6 s)
TT(1,4,4,4) 24 sweeps  G1     J = 3.2876888279e+02  (0.6 s)
TT(1,4,4,4) 24 sweeps  v      J = 3.2732547324e+02  (1.8 s)
   sweep 2 test F=0.1131 E=0.00471 V=0.0307
TT(1,4,4,4) 24 sweeps sweep 2: J = 3.2732547324e+02  rel change 2.433e-02  wall 9.7 s
TT(1,4,4,4) 24 sweeps  G1     J = 3.2713280428e+02  (0.2 s)
TT(1,4,4,4) 24 sweeps  G2     J = 3.2610990254e+02  (0.8 s)
TT(1,4,4,4) 24 sweeps  G3     J = 3.2564398193e+02  (0.3 s)
TT(1,4,4,4) 24 sweeps  v      J = 3.2438679913e+02  (1.9 s)
TT(1,4,4,4) 24 sweeps  G3     J = 3.2393854879e+02  (0.3 s)
TT(1,4,4,4) 24 sweeps  G2     J = 3.2298681524e+02  (0.5 s)
TT(1,4,4,4) 24 sweeps  G1     J = 3.2281966397e+02  (0.4 s)
TT(1,4,4,4) 24 sweeps  v      J = 3.2161302660e+02  (1.8 s)
   sweep 3 test F=0.1125 E=0.00452 V=0.0299
TT(1,4,4,4) 24 sweeps sweep 3: J = 3.2161302660e+02  rel change 1.745e-02  wall 6.4 s
TT(1,4,4,4) 24 sweeps  G1     J = 3.2139614774e+02  (0.2 s)
TT(1,4,4,4) 24 sweeps  G2     J = 3.2047502819e+02  (0.5 s)
TT(1,4,4,4) 24 sweeps  G3     J = 3.2000405909e+02  (0.5 s)
TT(1,4,4,4) 24 sweeps  v      J = 3.1884355047e+02  (1.8 s)
TT(1,4,4,4) 24 sweeps  G3     J = 3.1848001458e+02  (0.3 s)
TT(1,4,4,4) 24 sweeps  G2     J = 3.1751489250e+02  (0.5 s)
TT(1,4,4,4) 24 sweeps  G1     J = 3.1735327772e+02  (0.2 s)
TT(1,4,4,4) 24 sweeps  v      J = 3.1622294675e+02  (2.5 s)
   sweep 4 test F=0.1118 E=0.00437 V=0.0295
TT(1,4,4,4) 24 sweeps sweep 4: J = 3.1622294675e+02  rel change 1.676e-02  wall 7.0 s
TT(1,4,4,4) 24 sweeps  G1     J = 3.1601080894e+02  (0.6 s)
TT(1,4,4,4) 24 sweeps  G2     J = 3.1520367188e+02  (0.7 s)
TT(1,4,4,4) 24 sweeps  G3     J = 3.1479547799e+02  (0.3 s)
TT(1,4,4,4) 24 sweeps  v      J = 3.1389681306e+02  (2.0 s)
TT(1,4,4,4) 24 sweeps  G3     J = 3.1363478698e+02  (0.3 s)
TT(1,4,4,4) 24 sweeps  G2     J = 3.1290377256e+02  (0.5 s)
TT(1,4,4,4) 24 sweeps  G1     J = 3.1277259143e+02  (0.2 s)
TT(1,4,4,4) 24 sweeps  v      J = 3.1197038000e+02  (2.0 s)
   sweep 5 test F=0.1113 E=0.00434 V=0.0295
TT(1,4,4,4) 24 sweeps sweep 5: J = 3.1197038000e+02  rel change 1.345e-02  wall 7.2 s
TT(1,4,4,4) 24 sweeps  G1     J = 3.1181524683e+02  (0.8 s)
TT(1,4,4,4) 24 sweeps  G2     J = 3.1126094938e+02  (0.6 s)
TT(1,4,4,4) 24 sweeps  G3     J = 3.1095569495e+02  (0.9 s)
TT(1,4,4,4) 24 sweeps  v      J = 3.1037284455e+02  (5.6 s)
TT(1,4,4,4) 24 sweeps  G3     J = 3.1018448177e+02  (0.8 s)
TT(1,4,4,4) 24 sweeps  G2     J = 3.0967984447e+02  (1.1 s)
TT(1,4,4,4) 24 sweeps  G1     J = 3.0958397246e+02  (0.3 s)
TT(1,4,4,4) 24 sweeps  v      J = 3.0903423405e+02  (3.2 s)
   sweep 6 test F=0.1110 E=0.00436 V=0.0295
TT(1,4,4,4) 24 sweeps sweep 6: J = 3.0903423405e+02  rel change 9.412e-03  wall 15.0 s
TT(1,4,4,4) 24 sweeps  G1     J = 3.0892677381e+02  (0.3 s)
TT(1,4,4,4) 24 sweeps  G2     J = 3.0853791081e+02  (0.5 s)
TT(1,4,4,4) 24 sweeps  G3     J = 3.0830458203e+02  (0.3 s)
TT(1,4,4,4) 24 sweeps  v      J = 3.0788456363e+02  (1.6 s)
TT(1,4,4,4) 24 sweeps  G3     J = 3.0773604967e+02  (0.3 s)
TT(1,4,4,4) 24 sweeps  G2     J = 3.0736191955e+02  (0.6 s)
TT(1,4,4,4) 24 sweeps  G1     J = 3.0728965515e+02  (0.2 s)
TT(1,4,4,4) 24 sweeps  v      J = 3.0688702067e+02  (1.6 s)
   sweep 7 test F=0.1107 E=0.00439 V=0.0295
TT(1,4,4,4) 24 sweeps sweep 7: J = 3.0688702067e+02  rel change 6.948e-03  wall 5.6 s
TT(1,4,4,4) 24 sweeps  G1     J = 3.0680658509e+02  (0.2 s)
TT(1,4,4,4) 24 sweeps  G2     J = 3.0652156135e+02  (0.5 s)
TT(1,4,4,4) 24 sweeps  G3     J = 3.0634061789e+02  (0.3 s)
TT(1,4,4,4) 24 sweeps  v      J = 3.0601215886e+02  (1.7 s)
TT(1,4,4,4) 24 sweeps  G3     J = 3.0588963578e+02  (0.4 s)
TT(1,4,4,4) 24 sweeps  G2     J = 3.0560402504e+02  (1.2 s)
TT(1,4,4,4) 24 sweeps  G1     J = 3.0554724876e+02  (0.3 s)
TT(1,4,4,4) 24 sweeps  v      J = 3.0524141244e+02  (1.9 s)
   sweep 8 test F=0.1106 E=0.00443 V=0.0294
TT(1,4,4,4) 24 sweeps sweep 8: J = 3.0524141244e+02  rel change 5.362e-03  wall 6.8 s
TT(1,4,4,4) 24 sweeps  G1     J = 3.0517709849e+02  (0.2 s)
TT(1,4,4,4) 24 sweeps  G2     J = 3.0496342216e+02  (0.5 s)
TT(1,4,4,4) 24 sweeps  G3     J = 3.0482165103e+02  (0.3 s)
TT(1,4,4,4) 24 sweeps  v      J = 3.0455366542e+02  (1.6 s)
TT(1,4,4,4) 24 sweeps  G3     J = 3.0444985727e+02  (0.5 s)
TT(1,4,4,4) 24 sweeps  G2     J = 3.0422580493e+02  (0.4 s)
TT(1,4,4,4) 24 sweeps  G1     J = 3.0417998657e+02  (0.2 s)
TT(1,4,4,4) 24 sweeps  v      J = 3.0393590149e+02  (1.7 s)
   sweep 9 test F=0.1105 E=0.00446 V=0.0293
TT(1,4,4,4) 24 sweeps sweep 9: J = 3.0393590149e+02  rel change 4.277e-03  wall 5.6 s
TT(1,4,4,4) 24 sweeps  G1     J = 3.0388167485e+02  (0.2 s)
TT(1,4,4,4) 24 sweeps  G2     J = 3.0371308156e+02  (0.7 s)
TT(1,4,4,4) 24 sweeps  G3     J = 3.0360153086e+02  (0.3 s)
TT(1,4,4,4) 24 sweeps  v      J = 3.0337332799e+02  (2.6 s)
TT(1,4,4,4) 24 sweeps  G3     J = 3.0328399499e+02  (0.7 s)
TT(1,4,4,4) 24 sweeps  G2     J = 3.0310053797e+02  (0.7 s)
TT(1,4,4,4) 24 sweeps  G1     J = 3.0306289171e+02  (0.7 s)
TT(1,4,4,4) 24 sweeps  v      J = 3.0285759418e+02  (2.2 s)
   sweep 10 test F=0.1104 E=0.00447 V=0.0292
TT(1,4,4,4) 24 sweeps sweep 10: J = 3.0285759418e+02  rel change 3.548e-03  wall 8.7 s
TT(1,4,4,4) 24 sweeps  G1     J = 3.0281001085e+02  (0.3 s)
TT(1,4,4,4) 24 sweeps  G2     J = 3.0266865677e+02  (0.7 s)
TT(1,4,4,4) 24 sweeps  G3     J = 3.0258014506e+02  (0.8 s)
TT(1,4,4,4) 24 sweeps  v      J = 3.0238002356e+02  (2.1 s)
TT(1,4,4,4) 24 sweeps  G3     J = 3.0230304201e+02  (0.3 s)
TT(1,4,4,4) 24 sweeps  G2     J = 3.0214591827e+02  (0.4 s)
TT(1,4,4,4) 24 sweeps  G1     J = 3.0211429760e+02  (0.2 s)
TT(1,4,4,4) 24 sweeps  v      J = 3.0193521093e+02  (2.1 s)
   sweep 11 test F=0.1104 E=0.00447 V=0.0291
TT(1,4,4,4) 24 sweeps sweep 11: J = 3.0193521093e+02  rel change 3.046e-03  wall 7.9 s
TT(1,4,4,4) 24 sweeps  G1     J = 3.0189251615e+02  (0.3 s)
TT(1,4,4,4) 24 sweeps  G2     J = 3.0176801999e+02  (0.5 s)
TT(1,4,4,4) 24 sweeps  G3     J = 3.0169604032e+02  (0.3 s)
TT(1,4,4,4) 24 sweeps  v      J = 3.0151785292e+02  (2.0 s)
TT(1,4,4,4) 24 sweeps  G3     J = 3.0145182627e+02  (0.4 s)
TT(1,4,4,4) 24 sweeps  G2     J = 3.0131161324e+02  (0.4 s)
TT(1,4,4,4) 24 sweeps  G1     J = 3.0128415267e+02  (0.2 s)
TT(1,4,4,4) 24 sweeps  v      J = 3.0112349601e+02  (1.8 s)
   sweep 12 test F=0.1103 E=0.00446 V=0.0290
TT(1,4,4,4) 24 sweeps sweep 12: J = 3.0112349601e+02  rel change 2.688e-03  wall 6.6 s
TT(1,4,4,4) 24 sweeps  G1     J = 3.0108418439e+02  (0.3 s)
TT(1,4,4,4) 24 sweeps  G2     J = 3.0097016225e+02  (0.6 s)
TT(1,4,4,4) 24 sweeps  G3     J = 3.0090878390e+02  (0.3 s)
TT(1,4,4,4) 24 sweeps  v      J = 3.0074756542e+02  (1.7 s)
TT(1,4,4,4) 24 sweeps  G3     J = 3.0069043498e+02  (0.6 s)
TT(1,4,4,4) 24 sweeps  G2     J = 3.0055979734e+02  (0.6 s)
TT(1,4,4,4) 24 sweeps  G1     J = 3.0053478221e+02  (0.3 s)
TT(1,4,4,4) 24 sweeps  v      J = 3.0038462792e+02  (2.8 s)
   sweep 13 test F=0.1102 E=0.00445 V=0.0289
TT(1,4,4,4) 24 sweeps sweep 13: J = 3.0038462792e+02  rel change 2.454e-03  wall 8.2 s
TT(1,4,4,4) 24 sweeps  G1     J = 3.0034627439e+02  (0.3 s)
TT(1,4,4,4) 24 sweeps  G2     J = 3.0023713301e+02  (0.9 s)
TT(1,4,4,4) 24 sweeps  G3     J = 3.0018069123e+02  (0.3 s)
TT(1,4,4,4) 24 sweeps  v      J = 3.0002933052e+02  (3.2 s)
TT(1,4,4,4) 24 sweeps  G3     J = 2.9997764198e+02  (0.3 s)
TT(1,4,4,4) 24 sweeps  G2     J = 2.9984894499e+02  (0.5 s)
TT(1,4,4,4) 24 sweeps  G1     J = 2.9982463711e+02  (0.2 s)
TT(1,4,4,4) 24 sweeps  v      J = 2.9967543872e+02  (2.8 s)
   sweep 14 test F=0.1101 E=0.00444 V=0.0288
TT(1,4,4,4) 24 sweeps sweep 14: J = 2.9967543872e+02  rel change 2.361e-03  wall 9.0 s
TT(1,4,4,4) 24 sweeps  G1     J = 2.9963514126e+02  (0.5 s)
TT(1,4,4,4) 24 sweeps  G2     J = 2.9952535403e+02  (0.5 s)
TT(1,4,4,4) 24 sweeps  G3     J = 2.9946833498e+02  (0.3 s)
TT(1,4,4,4) 24 sweeps  v      J = 2.9932026453e+02  (1.8 s)
TT(1,4,4,4) 24 sweeps  G3     J = 2.9927149943e+02  (0.3 s)
TT(1,4,4,4) 24 sweeps  G2     J = 2.9913981301e+02  (0.4 s)
TT(1,4,4,4) 24 sweeps  G1     J = 2.9911485858e+02  (0.2 s)
TT(1,4,4,4) 24 sweeps  v      J = 2.9896543285e+02  (2.0 s)
   sweep 15 test F=0.1100 E=0.00443 V=0.0287
TT(1,4,4,4) 24 sweeps sweep 15: J = 2.9896543285e+02  rel change 2.369e-03  wall 6.7 s
TT(1,4,4,4) 24 sweeps  G1     J = 2.9892444996e+02  (0.3 s)
TT(1,4,4,4) 24 sweeps  G2     J = 2.9881425141e+02  (0.5 s)
TT(1,4,4,4) 24 sweeps  G3     J = 2.9875433238e+02  (0.5 s)
TT(1,4,4,4) 24 sweeps  v      J = 2.9861481553e+02  (1.8 s)
TT(1,4,4,4) 24 sweeps  G3     J = 2.9857103462e+02  (0.3 s)
TT(1,4,4,4) 24 sweeps  G2     J = 2.9844062566e+02  (0.8 s)
TT(1,4,4,4) 24 sweeps  G1     J = 2.9841468045e+02  (0.2 s)
TT(1,4,4,4) 24 sweeps  v      J = 2.9827172387e+02  (1.6 s)
   sweep 16 test F=0.1099 E=0.00442 V=0.0286
TT(1,4,4,4) 24 sweeps sweep 16: J = 2.9827172387e+02  rel change 2.320e-03  wall 6.4 s
TT(1,4,4,4) 24 sweeps  G1     J = 2.9823278439e+02  (0.3 s)
TT(1,4,4,4) 24 sweeps  G2     J = 2.9812312538e+02  (0.5 s)
TT(1,4,4,4) 24 sweeps  G3     J = 2.9806301358e+02  (0.4 s)
TT(1,4,4,4) 24 sweeps  v      J = 2.9793346879e+02  (1.8 s)
TT(1,4,4,4) 24 sweeps  G3     J = 2.9789424840e+02  (0.3 s)
TT(1,4,4,4) 24 sweeps  G2     J = 2.9776837846e+02  (0.4 s)
TT(1,4,4,4) 24 sweeps  G1     J = 2.9774057054e+02  (0.2 s)
TT(1,4,4,4) 24 sweeps  v      J = 2.9760140774e+02  (1.7 s)
   sweep 17 test F=0.1098 E=0.00440 V=0.0285
TT(1,4,4,4) 24 sweeps sweep 17: J = 2.9760140774e+02  rel change 2.247e-03  wall 6.0 s
TT(1,4,4,4) 24 sweeps  G1     J = 2.9756408671e+02  (0.3 s)
TT(1,4,4,4) 24 sweeps  G2     J = 2.9745292059e+02  (0.5 s)
TT(1,4,4,4) 24 sweeps  G3     J = 2.9739483418e+02  (0.3 s)
TT(1,4,4,4) 24 sweeps  v      J = 2.9727124806e+02  (2.7 s)
TT(1,4,4,4) 24 sweeps  G3     J = 2.9723412300e+02  (0.4 s)
TT(1,4,4,4) 24 sweeps  G2     J = 2.9711408645e+02  (0.6 s)
TT(1,4,4,4) 24 sweeps  G1     J = 2.9708389356e+02  (0.3 s)
TT(1,4,4,4) 24 sweeps  v      J = 2.9694600160e+02  (2.7 s)
   sweep 18 test F=0.1097 E=0.00439 V=0.0284
TT(1,4,4,4) 24 sweeps sweep 18: J = 2.9694600160e+02  rel change 2.202e-03  wall 8.4 s
TT(1,4,4,4) 24 sweeps  G1     J = 2.9690982109e+02  (0.5 s)
TT(1,4,4,4) 24 sweeps  G2     J = 2.9679690151e+02  (0.5 s)
TT(1,4,4,4) 24 sweeps  G3     J = 2.9674164092e+02  (0.5 s)
TT(1,4,4,4) 24 sweeps  v      J = 2.9662192399e+02  (2.4 s)
TT(1,4,4,4) 24 sweeps  G3     J = 2.9658497332e+02  (0.9 s)
TT(1,4,4,4) 24 sweeps  G2     J = 2.9647218997e+02  (0.5 s)
TT(1,4,4,4) 24 sweeps  G1     J = 2.9644022413e+02  (0.3 s)
TT(1,4,4,4) 24 sweeps  v      J = 2.9630369616e+02  (2.0 s)
   sweep 19 test F=0.1096 E=0.00437 V=0.0283
TT(1,4,4,4) 24 sweeps sweep 19: J = 2.9630369616e+02  rel change 2.163e-03  wall 8.8 s
TT(1,4,4,4) 24 sweeps  G1     J = 2.9626859886e+02  (0.5 s)
TT(1,4,4,4) 24 sweeps  G2     J = 2.9615613945e+02  (1.8 s)
TT(1,4,4,4) 24 sweeps  G3     J = 2.9610424041e+02  (0.5 s)
TT(1,4,4,4) 24 sweeps  v      J = 2.9598871337e+02  (1.9 s)
TT(1,4,4,4) 24 sweeps  G3     J = 2.9595115461e+02  (0.3 s)
TT(1,4,4,4) 24 sweeps  G2     J = 2.9584729869e+02  (0.4 s)
TT(1,4,4,4) 24 sweeps  G1     J = 2.9581544045e+02  (0.3 s)
TT(1,4,4,4) 24 sweeps  v      J = 2.9568238728e+02  (1.9 s)
   sweep 20 test F=0.1096 E=0.00435 V=0.0282
TT(1,4,4,4) 24 sweeps sweep 20: J = 2.9568238728e+02  rel change 2.097e-03  wall 8.4 s
TT(1,4,4,4) 24 sweeps  G1     J = 2.9564881835e+02  (0.3 s)
TT(1,4,4,4) 24 sweeps  G2     J = 2.9554046043e+02  (0.5 s)
TT(1,4,4,4) 24 sweeps  G3     J = 2.9549243343e+02  (0.3 s)
TT(1,4,4,4) 24 sweeps  v      J = 2.9538278176e+02  (2.1 s)
TT(1,4,4,4) 24 sweeps  G3     J = 2.9534489071e+02  (0.3 s)
TT(1,4,4,4) 24 sweeps  G2     J = 2.9525084745e+02  (0.5 s)
TT(1,4,4,4) 24 sweeps  G1     J = 2.9522148746e+02  (0.2 s)
TT(1,4,4,4) 24 sweeps  v      J = 2.9509431820e+02  (2.3 s)
   sweep 21 test F=0.1095 E=0.00433 V=0.0281
TT(1,4,4,4) 24 sweeps sweep 21: J = 2.9509431820e+02  rel change 1.989e-03  wall 6.9 s
TT(1,4,4,4) 24 sweeps  G1     J = 2.9506290422e+02  (0.5 s)
TT(1,4,4,4) 24 sweeps  G2     J = 2.9496143175e+02  (0.5 s)
TT(1,4,4,4) 24 sweeps  G3     J = 2.9491738061e+02  (0.3 s)
TT(1,4,4,4) 24 sweeps  v      J = 2.9481483770e+02  (2.6 s)
TT(1,4,4,4) 24 sweeps  G3     J = 2.9477737954e+02  (0.5 s)
TT(1,4,4,4) 24 sweeps  G2     J = 2.9469237969e+02  (0.7 s)
TT(1,4,4,4) 24 sweeps  G1     J = 2.9466708498e+02  (0.2 s)
TT(1,4,4,4) 24 sweeps  v      J = 2.9454689597e+02  (2.0 s)
   sweep 22 test F=0.1094 E=0.00431 V=0.0281
TT(1,4,4,4) 24 sweeps sweep 22: J = 2.9454689597e+02  rel change 1.855e-03  wall 8.1 s
TT(1,4,4,4) 24 sweeps  G1     J = 2.9451795015e+02  (0.3 s)
TT(1,4,4,4) 24 sweeps  G2     J = 2.9442398719e+02  (0.5 s)
TT(1,4,4,4) 24 sweeps  G3     J = 2.9438356519e+02  (0.3 s)
TT(1,4,4,4) 24 sweeps  v      J = 2.9428807126e+02  (1.7 s)
TT(1,4,4,4) 24 sweeps  G3     J = 2.9425173849e+02  (0.3 s)
TT(1,4,4,4) 24 sweeps  G2     J = 2.9417398329e+02  (0.7 s)
TT(1,4,4,4) 24 sweeps  G1     J = 2.9415289211e+02  (0.2 s)
TT(1,4,4,4) 24 sweeps  v      J = 2.9403965139e+02  (1.7 s)
   sweep 23 test F=0.1094 E=0.00430 V=0.0280
TT(1,4,4,4) 24 sweeps sweep 23: J = 2.9403965139e+02  rel change 1.722e-03  wall 6.0 s
TT(1,4,4,4) 24 sweeps  G1     J = 2.9401310914e+02  (0.3 s)
TT(1,4,4,4) 24 sweeps  G2     J = 2.9392595157e+02  (0.7 s)
TT(1,4,4,4) 24 sweeps  G3     J = 2.9388870987e+02  (0.3 s)
TT(1,4,4,4) 24 sweeps  v      J = 2.9379956276e+02  (1.7 s)
TT(1,4,4,4) 24 sweeps  G3     J = 2.9376474372e+02  (0.5 s)
TT(1,4,4,4) 24 sweeps  G2     J = 2.9369277756e+02  (0.5 s)
TT(1,4,4,4) 24 sweeps  G1     J = 2.9367501847e+02  (0.2 s)
TT(1,4,4,4) 24 sweeps  v      J = 2.9356879200e+02  (1.6 s)
   sweep 24 test F=0.1093 E=0.00430 V=0.0279
TT(1,4,4,4) 24 sweeps sweep 24: J = 2.9356879200e+02  rel change 1.601e-03  wall 6.1 s
RES TT(1,4,4,4) 24 sweeps              nparams= 1025 (cores  300, readout  600, pair 125) flops/site=    4396  test F=0.1093 E=0.00430 V=0.0279  train F=0.1050 sweeps=24 wall/sweep=8s nonmono=0 initF=0.1172
TT TT(1,5,8,8) 24 sweeps init (cp, K=8, noise=0): test F=0.1170
TT(1,5,8,8) 24 sweeps  init  J = 3.3859983710e+02
TT(1,5,8,8) 24 sweeps  G1     J = 3.3691145703e+02  (0.4 s)
TT(1,5,8,8) 24 sweeps  G2     J = 3.1978610525e+02  (2.1 s)
TT(1,5,8,8) 24 sweeps  G3     J = 3.1476108474e+02  (1.6 s)
TT(1,5,8,8) 24 sweeps  v      J = 2.9159718468e+02  (4.0 s)
TT(1,5,8,8) 24 sweeps  G3     J = 2.8925979520e+02  (0.9 s)
TT(1,5,8,8) 24 sweeps  G2     J = 2.8610529584e+02  (1.1 s)
TT(1,5,8,8) 24 sweeps  G1     J = 2.8602882183e+02  (0.2 s)
TT(1,5,8,8) 24 sweeps  v      J = 2.8209183380e+02  (3.1 s)
   sweep 1 test F=0.1099 E=0.00557 V=0.0304
TT(1,5,8,8) 24 sweeps sweep 1: J = 2.8209183380e+02  rel change 1.669e-01  wall 14.5 s
TT(1,5,8,8) 24 sweeps  G1     J = 2.8193965138e+02  (0.3 s)
TT(1,5,8,8) 24 sweeps  G2     J = 2.7983400194e+02  (1.4 s)
TT(1,5,8,8) 24 sweeps  G3     J = 2.7905959363e+02  (0.9 s)
TT(1,5,8,8) 24 sweeps  v      J = 2.7714202289e+02  (3.9 s)
TT(1,5,8,8) 24 sweeps  G3     J = 2.7645775087e+02  (0.9 s)
TT(1,5,8,8) 24 sweeps  G2     J = 2.7544960333e+02  (1.1 s)
TT(1,5,8,8) 24 sweeps  G1     J = 2.7542094684e+02  (0.3 s)
TT(1,5,8,8) 24 sweeps  v      J = 2.7411255613e+02  (4.3 s)
   sweep 2 test F=0.1091 E=0.00549 V=0.0297
TT(1,5,8,8) 24 sweeps sweep 2: J = 2.7411255613e+02  rel change 2.829e-02  wall 14.5 s
TT(1,5,8,8) 24 sweeps  G1     J = 2.7404160249e+02  (0.9 s)
TT(1,5,8,8) 24 sweeps  G2     J = 2.7319807674e+02  (2.8 s)
TT(1,5,8,8) 24 sweeps  G3     J = 2.7278357470e+02  (1.1 s)
TT(1,5,8,8) 24 sweeps  v      J = 2.7193014167e+02  (4.0 s)
TT(1,5,8,8) 24 sweeps  G3     J = 2.7153715988e+02  (1.0 s)
TT(1,5,8,8) 24 sweeps  G2     J = 2.7096672437e+02  (1.5 s)
TT(1,5,8,8) 24 sweeps  G1     J = 2.7094949927e+02  (0.3 s)
TT(1,5,8,8) 24 sweeps  v      J = 2.7020721615e+02  (4.0 s)
   sweep 3 test F=0.1088 E=0.00542 V=0.0294
TT(1,5,8,8) 24 sweeps sweep 3: J = 2.7020721615e+02  rel change 1.425e-02  wall 17.2 s
TT(1,5,8,8) 24 sweeps  G1     J = 2.7015636832e+02  (0.5 s)
TT(1,5,8,8) 24 sweeps  G2     J = 2.6964809275e+02  (2.1 s)
TT(1,5,8,8) 24 sweeps  G3     J = 2.6933930994e+02  (1.1 s)
TT(1,5,8,8) 24 sweeps  v      J = 2.6876950349e+02  (4.2 s)
TT(1,5,8,8) 24 sweeps  G3     J = 2.6848253454e+02  (1.0 s)
TT(1,5,8,8) 24 sweeps  G2     J = 2.6808942519e+02  (1.0 s)
TT(1,5,8,8) 24 sweeps  G1     J = 2.6807795014e+02  (0.5 s)
TT(1,5,8,8) 24 sweeps  v      J = 2.6757709130e+02  (3.5 s)
   sweep 4 test F=0.1086 E=0.00534 V=0.0293
TT(1,5,8,8) 24 sweeps sweep 4: J = 2.6757709130e+02  rel change 9.734e-03  wall 15.3 s
TT(1,5,8,8) 24 sweeps  G1     J = 2.6753708426e+02  (1.0 s)
TT(1,5,8,8) 24 sweeps  G2     J = 2.6719462924e+02  (2.0 s)
TT(1,5,8,8) 24 sweeps  G3     J = 2.6696533292e+02  (0.9 s)
TT(1,5,8,8) 24 sweeps  v      J = 2.6657096598e+02  (5.8 s)
TT(1,5,8,8) 24 sweeps  G3     J = 2.6636010945e+02  (1.9 s)
TT(1,5,8,8) 24 sweeps  G2     J = 2.6608554764e+02  (2.5 s)
TT(1,5,8,8) 24 sweeps  G1     J = 2.6607724405e+02  (0.4 s)
TT(1,5,8,8) 24 sweeps  v      J = 2.6571646909e+02  (4.1 s)
   sweep 5 test F=0.1085 E=0.00531 V=0.0293
TT(1,5,8,8) 24 sweeps sweep 5: J = 2.6571646909e+02  rel change 6.954e-03  wall 21.0 s
TT(1,5,8,8) 24 sweeps  G1     J = 2.6568420264e+02  (0.7 s)
TT(1,5,8,8) 24 sweeps  G2     J = 2.6543569039e+02  (1.3 s)
TT(1,5,8,8) 24 sweeps  G3     J = 2.6526119914e+02  (1.2 s)
TT(1,5,8,8) 24 sweeps  v      J = 2.6497407024e+02  (4.3 s)
TT(1,5,8,8) 24 sweeps  G3     J = 2.6481469337e+02  (1.0 s)
TT(1,5,8,8) 24 sweeps  G2     J = 2.6460027189e+02  (1.2 s)
TT(1,5,8,8) 24 sweeps  G1     J = 2.6459322765e+02  (0.5 s)
TT(1,5,8,8) 24 sweeps  v      J = 2.6431577000e+02  (3.4 s)
   sweep 6 test F=0.1084 E=0.00531 V=0.0294
TT(1,5,8,8) 24 sweeps sweep 6: J = 2.6431577000e+02  rel change 5.271e-03  wall 14.5 s
TT(1,5,8,8) 24 sweeps  G1     J = 2.6429022464e+02  (0.4 s)
TT(1,5,8,8) 24 sweeps  G2     J = 2.6409384370e+02  (1.1 s)
TT(1,5,8,8) 24 sweeps  G3     J = 2.6395157707e+02  (1.4 s)
TT(1,5,8,8) 24 sweeps  v      J = 2.6372570907e+02  (3.7 s)
TT(1,5,8,8) 24 sweeps  G3     J = 2.6360165855e+02  (1.0 s)
TT(1,5,8,8) 24 sweeps  G2     J = 2.6341806117e+02  (1.2 s)
TT(1,5,8,8) 24 sweeps  G1     J = 2.6341176482e+02  (0.3 s)
TT(1,5,8,8) 24 sweeps  v      J = 2.6318764965e+02  (3.8 s)
   sweep 7 test F=0.1083 E=0.00533 V=0.0294
TT(1,5,8,8) 24 sweeps sweep 7: J = 2.6318764965e+02  rel change 4.268e-03  wall 13.1 s
TT(1,5,8,8) 24 sweeps  G1     J = 2.6316747082e+02  (0.3 s)
TT(1,5,8,8) 24 sweeps  G2     J = 2.6300387238e+02  (1.4 s)
TT(1,5,8,8) 24 sweeps  G3     J = 2.6288340687e+02  (1.5 s)
TT(1,5,8,8) 24 sweeps  v      J = 2.6269808244e+02  (3.9 s)
TT(1,5,8,8) 24 sweeps  G3     J = 2.6259844372e+02  (1.7 s)
TT(1,5,8,8) 24 sweeps  G2     J = 2.6243779489e+02  (1.3 s)
TT(1,5,8,8) 24 sweeps  G1     J = 2.6243220510e+02  (0.3 s)
TT(1,5,8,8) 24 sweeps  v      J = 2.6224614221e+02  (4.5 s)
   sweep 8 test F=0.1082 E=0.00534 V=0.0295
TT(1,5,8,8) 24 sweeps sweep 8: J = 2.6224614221e+02  rel change 3.577e-03  wall 15.6 s
TT(1,5,8,8) 24 sweeps  G1     J = 2.6222984214e+02  (0.4 s)
TT(1,5,8,8) 24 sweeps  G2     J = 2.6209120059e+02  (1.4 s)
TT(1,5,8,8) 24 sweeps  G3     J = 2.6198735960e+02  (1.9 s)
TT(1,5,8,8) 24 sweeps  v      J = 2.6183204243e+02  (4.1 s)
TT(1,5,8,8) 24 sweeps  G3     J = 2.6174936302e+02  (1.1 s)
TT(1,5,8,8) 24 sweeps  G2     J = 2.6160922489e+02  (1.4 s)
TT(1,5,8,8) 24 sweeps  G1     J = 2.6160430702e+02  (0.7 s)
TT(1,5,8,8) 24 sweeps  v      J = 2.6144707077e+02  (4.0 s)
   sweep 9 test F=0.1081 E=0.00535 V=0.0296
TT(1,5,8,8) 24 sweeps sweep 9: J = 2.6144707077e+02  rel change 3.047e-03  wall 15.5 s
TT(1,5,8,8) 24 sweeps  G1     J = 2.6143354635e+02  (0.3 s)
TT(1,5,8,8) 24 sweeps  G2     J = 2.6131503812e+02  (1.3 s)
TT(1,5,8,8) 24 sweeps  G3     J = 2.6122410418e+02  (0.9 s)
TT(1,5,8,8) 24 sweeps  v      J = 2.6109153725e+02  (4.5 s)
TT(1,5,8,8) 24 sweeps  G3     J = 2.6102080306e+02  (0.9 s)
TT(1,5,8,8) 24 sweeps  G2     J = 2.6089809913e+02  (1.3 s)
TT(1,5,8,8) 24 sweeps  G1     J = 2.6089377902e+02  (0.5 s)
TT(1,5,8,8) 24 sweeps  v      J = 2.6075833200e+02  (3.8 s)
   sweep 10 test F=0.1080 E=0.00535 V=0.0297
TT(1,5,8,8) 24 sweeps sweep 10: J = 2.6075833200e+02  rel change 2.634e-03  wall 14.3 s
TT(1,5,8,8) 24 sweeps  G1     J = 2.6074687198e+02  (0.3 s)
TT(1,5,8,8) 24 sweeps  G2     J = 2.6064406435e+02  (1.3 s)
TT(1,5,8,8) 24 sweeps  G3     J = 2.6056290275e+02  (0.8 s)
TT(1,5,8,8) 24 sweeps  v      J = 2.6044731891e+02  (4.3 s)
TT(1,5,8,8) 24 sweeps  G3     J = 2.6038503403e+02  (0.8 s)
TT(1,5,8,8) 24 sweeps  G2     J = 2.6027604856e+02  (1.5 s)
TT(1,5,8,8) 24 sweeps  G1     J = 2.6027220573e+02  (0.3 s)
TT(1,5,8,8) 24 sweeps  v      J = 2.6015288091e+02  (3.8 s)
   sweep 11 test F=0.1080 E=0.00534 V=0.0298
TT(1,5,8,8) 24 sweeps sweep 11: J = 2.6015288091e+02  rel change 2.322e-03  wall 13.9 s
TT(1,5,8,8) 24 sweeps  G1     J = 2.6014304719e+02  (0.3 s)
TT(1,5,8,8) 24 sweeps  G2     J = 2.6005200698e+02  (1.3 s)
TT(1,5,8,8) 24 sweeps  G3     J = 2.5997797657e+02  (1.0 s)
TT(1,5,8,8) 24 sweeps  v      J = 2.5987465849e+02  (5.5 s)
TT(1,5,8,8) 24 sweeps  G3     J = 2.5981813934e+02  (2.0 s)
TT(1,5,8,8) 24 sweeps  G2     J = 2.5971943454e+02  (2.4 s)
TT(1,5,8,8) 24 sweeps  G1     J = 2.5971592314e+02  (0.4 s)
TT(1,5,8,8) 24 sweeps  v      J = 2.5960837605e+02  (3.9 s)
   sweep 12 test F=0.1080 E=0.00532 V=0.0299
TT(1,5,8,8) 24 sweeps sweep 12: J = 2.5960837605e+02  rel change 2.093e-03  wall 18.4 s
TT(1,5,8,8) 24 sweeps  G1     J = 2.5959988708e+02  (0.3 s)
TT(1,5,8,8) 24 sweeps  G2     J = 2.5951759979e+02  (1.1 s)
TT(1,5,8,8) 24 sweeps  G3     J = 2.5944852746e+02  (1.0 s)
TT(1,5,8,8) 24 sweeps  v      J = 2.5935377101e+02  (3.8 s)
TT(1,5,8,8) 24 sweeps  G3     J = 2.5930086047e+02  (1.0 s)
TT(1,5,8,8) 24 sweeps  G2     J = 2.5920993706e+02  (1.6 s)
TT(1,5,8,8) 24 sweeps  G1     J = 2.5920662141e+02  (0.5 s)
TT(1,5,8,8) 24 sweeps  v      J = 2.5910804102e+02  (4.0 s)
   sweep 13 test F=0.1079 E=0.00530 V=0.0299
TT(1,5,8,8) 24 sweeps sweep 13: J = 2.5910804102e+02  rel change 1.927e-03  wall 14.7 s
TT(1,5,8,8) 24 sweeps  G1     J = 2.5910069088e+02  (0.3 s)
TT(1,5,8,8) 24 sweeps  G2     J = 2.5902541123e+02  (1.3 s)
TT(1,5,8,8) 24 sweeps  G3     J = 2.5895984711e+02  (1.0 s)
TT(1,5,8,8) 24 sweeps  v      J = 2.5887150008e+02  (3.6 s)
TT(1,5,8,8) 24 sweeps  G3     J = 2.5882085607e+02  (1.0 s)
TT(1,5,8,8) 24 sweeps  G2     J = 2.5873667205e+02  (1.6 s)
TT(1,5,8,8) 24 sweeps  G1     J = 2.5873349629e+02  (0.4 s)
TT(1,5,8,8) 24 sweeps  v      J = 2.5864311706e+02  (3.7 s)
   sweep 14 test F=0.1079 E=0.00528 V=0.0300
TT(1,5,8,8) 24 sweeps sweep 14: J = 2.5864311706e+02  rel change 1.794e-03  wall 13.3 s
TT(1,5,8,8) 24 sweeps  G1     J = 2.5863673362e+02  (0.5 s)
TT(1,5,8,8) 24 sweeps  G2     J = 2.5856824004e+02  (1.1 s)
TT(1,5,8,8) 24 sweeps  G3     J = 2.5850584509e+02  (1.0 s)
TT(1,5,8,8) 24 sweeps  v      J = 2.5842396404e+02  (3.8 s)
TT(1,5,8,8) 24 sweeps  G3     J = 2.5837553419e+02  (1.0 s)
TT(1,5,8,8) 24 sweeps  G2     J = 2.5829835214e+02  (1.4 s)
TT(1,5,8,8) 24 sweeps  G1     J = 2.5829533835e+02  (0.3 s)
TT(1,5,8,8) 24 sweeps  v      J = 2.5821417188e+02  (4.1 s)
   sweep 15 test F=0.1079 E=0.00525 V=0.0301
TT(1,5,8,8) 24 sweeps sweep 15: J = 2.5821417188e+02  rel change 1.658e-03  wall 13.9 s
TT(1,5,8,8) 24 sweeps  G1     J = 2.5820860464e+02  (0.3 s)
TT(1,5,8,8) 24 sweeps  G2     J = 2.5814754266e+02  (1.2 s)
TT(1,5,8,8) 24 sweeps  G3     J = 2.5808877308e+02  (1.4 s)
TT(1,5,8,8) 24 sweeps  v      J = 2.5801456465e+02  (3.9 s)
TT(1,5,8,8) 24 sweeps  G3     J = 2.5796904307e+02  (1.0 s)
TT(1,5,8,8) 24 sweeps  G2     J = 2.5789910431e+02  (1.0 s)
TT(1,5,8,8) 24 sweeps  G1     J = 2.5789630971e+02  (0.3 s)
TT(1,5,8,8) 24 sweeps  v      J = 2.5782489875e+02  (3.8 s)
   sweep 16 test F=0.1079 E=0.00523 V=0.0301
TT(1,5,8,8) 24 sweeps sweep 16: J = 2.5782489875e+02  rel change 1.508e-03  wall 13.6 s
TT(1,5,8,8) 24 sweeps  G1     J = 2.5781998937e+02  (0.3 s)
TT(1,5,8,8) 24 sweeps  G2     J = 2.5776630302e+02  (1.5 s)
TT(1,5,8,8) 24 sweeps  G3     J = 2.5771137815e+02  (1.0 s)
TT(1,5,8,8) 24 sweeps  v      J = 2.5764490782e+02  (3.3 s)
TT(1,5,8,8) 24 sweeps  G3     J = 2.5760253585e+02  (0.9 s)
TT(1,5,8,8) 24 sweeps  G2     J = 2.5753911472e+02  (1.3 s)
TT(1,5,8,8) 24 sweeps  G1     J = 2.5753655001e+02  (0.3 s)
TT(1,5,8,8) 24 sweeps  v      J = 2.5747370982e+02  (4.2 s)
   sweep 17 test F=0.1079 E=0.00520 V=0.0302
TT(1,5,8,8) 24 sweeps sweep 17: J = 2.5747370982e+02  rel change 1.362e-03  wall 13.6 s
TT(1,5,8,8) 24 sweeps  G1     J = 2.5746929192e+02  (0.4 s)
TT(1,5,8,8) 24 sweeps  G2     J = 2.5742187745e+02  (1.4 s)
TT(1,5,8,8) 24 sweeps  G3     J = 2.5737045431e+02  (0.9 s)
TT(1,5,8,8) 24 sweeps  v      J = 2.5731049667e+02  (3.7 s)
TT(1,5,8,8) 24 sweeps  G3     J = 2.5727095212e+02  (1.2 s)
TT(1,5,8,8) 24 sweeps  G2     J = 2.5721285154e+02  (1.2 s)
TT(1,5,8,8) 24 sweeps  G1     J = 2.5721051065e+02  (0.2 s)
TT(1,5,8,8) 24 sweeps  v      J = 2.5715438943e+02  (3.3 s)
   sweep 18 test F=0.1079 E=0.00519 V=0.0302
TT(1,5,8,8) 24 sweeps sweep 18: J = 2.5715438943e+02  rel change 1.240e-03  wall 13.1 s
TT(1,5,8,8) 24 sweeps  G1     J = 2.5715032594e+02  (0.3 s)
TT(1,5,8,8) 24 sweeps  G2     J = 2.5710786850e+02  (1.1 s)
TT(1,5,8,8) 24 sweeps  G3     J = 2.5705943980e+02  (0.8 s)
TT(1,5,8,8) 24 sweeps  v      J = 2.5700460751e+02  (3.6 s)
TT(1,5,8,8) 24 sweeps  G3     J = 2.5696746281e+02  (0.9 s)
TT(1,5,8,8) 24 sweeps  G2     J = 2.5691363449e+02  (1.4 s)
TT(1,5,8,8) 24 sweeps  G1     J = 2.5691150175e+02  (0.4 s)
TT(1,5,8,8) 24 sweeps  v      J = 2.5686054011e+02  (3.7 s)
   sweep 19 test F=0.1079 E=0.00518 V=0.0303
TT(1,5,8,8) 24 sweeps sweep 19: J = 2.5686054011e+02  rel change 1.143e-03  wall 13.1 s
TT(1,5,8,8) 24 sweeps  G1     J = 2.5685673937e+02  (0.3 s)
TT(1,5,8,8) 24 sweeps  G2     J = 2.5681817390e+02  (1.1 s)
TT(1,5,8,8) 24 sweeps  G3     J = 2.5677233415e+02  (1.0 s)
TT(1,5,8,8) 24 sweeps  v      J = 2.5672156003e+02  (4.2 s)
TT(1,5,8,8) 24 sweeps  G3     J = 2.5668647940e+02  (1.1 s)
TT(1,5,8,8) 24 sweeps  G2     J = 2.5663616253e+02  (1.1 s)
TT(1,5,8,8) 24 sweeps  G1     J = 2.5663422306e+02  (0.4 s)
TT(1,5,8,8) 24 sweeps  v      J = 2.5658729195e+02  (4.0 s)
   sweep 20 test F=0.1079 E=0.00517 V=0.0303
TT(1,5,8,8) 24 sweeps sweep 20: J = 2.5658729195e+02  rel change 1.064e-03  wall 14.9 s
TT(1,5,8,8) 24 sweeps  G1     J = 2.5658369874e+02  (0.5 s)
TT(1,5,8,8) 24 sweeps  G2     J = 2.5654823203e+02  (1.3 s)
TT(1,5,8,8) 24 sweeps  G3     J = 2.5650471066e+02  (1.0 s)
TT(1,5,8,8) 24 sweeps  v      J = 2.5645723991e+02  (3.7 s)
TT(1,5,8,8) 24 sweeps  G3     J = 2.5642398840e+02  (0.8 s)
TT(1,5,8,8) 24 sweeps  G2     J = 2.5637664598e+02  (1.3 s)
TT(1,5,8,8) 24 sweeps  G1     J = 2.5637488394e+02  (0.5 s)
TT(1,5,8,8) 24 sweeps  v      J = 2.5633118057e+02  (4.0 s)
   sweep 21 test F=0.1079 E=0.00516 V=0.0304
TT(1,5,8,8) 24 sweeps sweep 21: J = 2.5633118057e+02  rel change 9.981e-04  wall 14.7 s
TT(1,5,8,8) 24 sweeps  G1     J = 2.5632776305e+02  (0.7 s)
TT(1,5,8,8) 24 sweeps  G2     J = 2.5629480134e+02  (1.4 s)
TT(1,5,8,8) 24 sweeps  G3     J = 2.5625342231e+02  (0.9 s)
TT(1,5,8,8) 24 sweeps  v      J = 2.5620871970e+02  (4.6 s)
TT(1,5,8,8) 24 sweeps  G3     J = 2.5617713553e+02  (1.1 s)
TT(1,5,8,8) 24 sweeps  G2     J = 2.5613237717e+02  (2.0 s)
TT(1,5,8,8) 24 sweeps  G1     J = 2.5613077347e+02  (0.3 s)
TT(1,5,8,8) 24 sweeps  v      J = 2.5608972134e+02  (3.5 s)
   sweep 22 test F=0.1079 E=0.00515 V=0.0304
TT(1,5,8,8) 24 sweeps sweep 22: J = 2.5608972134e+02  rel change 9.420e-04  wall 15.7 s
TT(1,5,8,8) 24 sweeps  G1     J = 2.5608646106e+02  (0.7 s)
TT(1,5,8,8) 24 sweeps  G2     J = 2.5605555115e+02  (1.7 s)
TT(1,5,8,8) 24 sweeps  G3     J = 2.5601619204e+02  (0.9 s)
TT(1,5,8,8) 24 sweeps  v      J = 2.5597387070e+02  (4.9 s)
TT(1,5,8,8) 24 sweeps  G3     J = 2.5594384058e+02  (1.4 s)
TT(1,5,8,8) 24 sweeps  G2     J = 2.5590136989e+02  (1.9 s)
TT(1,5,8,8) 24 sweeps  G1     J = 2.5589990871e+02  (0.7 s)
TT(1,5,8,8) 24 sweeps  v      J = 2.5586107902e+02  (5.0 s)
   sweep 23 test F=0.1079 E=0.00515 V=0.0305
TT(1,5,8,8) 24 sweeps sweep 23: J = 2.5586107902e+02  rel change 8.928e-04  wall 18.9 s
TT(1,5,8,8) 24 sweeps  G1     J = 2.5585796671e+02  (0.3 s)
TT(1,5,8,8) 24 sweeps  G2     J = 2.5582875935e+02  (1.8 s)
TT(1,5,8,8) 24 sweeps  G3     J = 2.5579132286e+02  (1.1 s)
TT(1,5,8,8) 24 sweeps  v      J = 2.5575109968e+02  (6.1 s)
TT(1,5,8,8) 24 sweeps  G3     J = 2.5572254124e+02  (2.4 s)
TT(1,5,8,8) 24 sweeps  G2     J = 2.5568212342e+02  (1.5 s)
TT(1,5,8,8) 24 sweeps  G1     J = 2.5568078727e+02  (0.3 s)
TT(1,5,8,8) 24 sweeps  v      J = 2.5564386115e+02  (6.3 s)
   sweep 24 test F=0.1079 E=0.00514 V=0.0305
TT(1,5,8,8) 24 sweeps sweep 24: J = 2.5564386115e+02  rel change 8.490e-04  wall 21.9 s
RES TT(1,5,8,8) 24 sweeps              nparams= 2045 (cores  795, readout 1125, pair 125) flops/site=   11954  test F=0.1079 E=0.00514 V=0.0305  train F=0.0992 sweeps=24 wall/sweep=15s nonmono=0 initF=0.1170
TT TT(1,5,8,8) per-z0 cores init (cp, K=8, noise=0): test F=0.1170
TT(1,5,8,8) per-z0 cores  init  J = 3.3859983710e+02
TT(1,5,8,8) per-z0 cores  G1     J = 3.2682863955e+02  (2.3 s)
TT(1,5,8,8) per-z0 cores  G2     J = 2.5433742523e+02  (9.2 s)
TT(1,5,8,8) per-z0 cores  G3     J = 2.4679910718e+02  (5.9 s)
TT(1,5,8,8) per-z0 cores  v      J = 2.4292695307e+02  (4.6 s)
TT(1,5,8,8) per-z0 cores  G3     J = 2.4165578926e+02  (5.4 s)
TT(1,5,8,8) per-z0 cores  G2     J = 2.3743117143e+02  (8.2 s)
TT(1,5,8,8) per-z0 cores  G1     J = 2.3734484590e+02  (1.2 s)
TT(1,5,8,8) per-z0 cores  v      J = 2.3643072036e+02  (3.4 s)
   sweep 1 test F=0.1096 E=0.00604 V=0.0335
TT(1,5,8,8) per-z0 cores sweep 1: J = 2.3643072036e+02  rel change 3.017e-01  wall 42.1 s
TT(1,5,8,8) per-z0 cores  G1     J = 2.3640200609e+02  (1.1 s)
TT(1,5,8,8) per-z0 cores  G2     J = 2.3575333673e+02  (7.7 s)
TT(1,5,8,8) per-z0 cores  G3     J = 2.3438573621e+02  (5.9 s)
TT(1,5,8,8) per-z0 cores  v      J = 2.3389997136e+02  (3.4 s)
TT(1,5,8,8) per-z0 cores  G3     J = 2.3362097026e+02  (5.8 s)
TT(1,5,8,8) per-z0 cores  G2     J = 2.3260198482e+02  (8.1 s)
TT(1,5,8,8) per-z0 cores  G1     J = 2.3259019300e+02  (1.1 s)
TT(1,5,8,8) per-z0 cores  v      J = 2.3225557796e+02  (5.2 s)
   sweep 2 test F=0.1097 E=0.00600 V=0.0343
TT(1,5,8,8) per-z0 cores sweep 2: J = 2.3225557796e+02  rel change 1.766e-02  wall 40.2 s
TT(1,5,8,8) per-z0 cores  G1     J = 2.3224082916e+02  (1.5 s)
TT(1,5,8,8) per-z0 cores  G2     J = 2.3201087661e+02  (9.3 s)
TT(1,5,8,8) per-z0 cores  G3     J = 2.3142333809e+02  (6.7 s)
TT(1,5,8,8) per-z0 cores  v      J = 2.3116736167e+02  (4.5 s)
TT(1,5,8,8) per-z0 cores  G3     J = 2.3100132064e+02  (6.2 s)
TT(1,5,8,8) per-z0 cores  G2     J = 2.3045801307e+02  (8.9 s)
TT(1,5,8,8) per-z0 cores  G1     J = 2.3045132218e+02  (1.1 s)
TT(1,5,8,8) per-z0 cores  v      J = 2.3026203794e+02  (3.8 s)
   sweep 3 test F=0.1098 E=0.00604 V=0.0344
TT(1,5,8,8) per-z0 cores sweep 3: J = 2.3026203794e+02  rel change 8.583e-03  wall 44.5 s
TT(1,5,8,8) per-z0 cores  G1     J = 2.3025262106e+02  (1.7 s)
TT(1,5,8,8) per-z0 cores  G2     J = 2.3011137097e+02  (8.3 s)
TT(1,5,8,8) per-z0 cores  G3     J = 2.2972195008e+02  (6.2 s)
TT(1,5,8,8) per-z0 cores  v      J = 2.2955355226e+02  (3.7 s)
TT(1,5,8,8) per-z0 cores  G3     J = 2.2944723581e+02  (6.7 s)
TT(1,5,8,8) per-z0 cores  G2     J = 2.2905000236e+02  (10.2 s)
TT(1,5,8,8) per-z0 cores  G1     J = 2.2904557600e+02  (1.7 s)
TT(1,5,8,8) per-z0 cores  v      J = 2.2890767574e+02  (3.6 s)
   sweep 4 test F=0.1098 E=0.00605 V=0.0344
TT(1,5,8,8) per-z0 cores sweep 4: J = 2.2890767574e+02  rel change 5.882e-03  wall 43.3 s
TT(1,5,8,8) per-z0 cores  G1     J = 2.2890124741e+02  (1.0 s)
TT(1,5,8,8) per-z0 cores  G2     J = 2.2879892872e+02  (8.6 s)
TT(1,5,8,8) per-z0 cores  G3     J = 2.2850196039e+02  (5.5 s)
TT(1,5,8,8) per-z0 cores  v      J = 2.2838339581e+02  (3.4 s)
TT(1,5,8,8) per-z0 cores  G3     J = 2.2830559071e+02  (9.5 s)
TT(1,5,8,8) per-z0 cores  G2     J = 2.2800520213e+02  (10.1 s)
TT(1,5,8,8) per-z0 cores  G1     J = 2.2800167327e+02  (1.2 s)
TT(1,5,8,8) per-z0 cores  v      J = 2.2790610900e+02  (4.1 s)
   sweep 5 test F=0.1098 E=0.00606 V=0.0343
TT(1,5,8,8) per-z0 cores sweep 5: J = 2.2790610900e+02  rel change 4.375e-03  wall 45.1 s
TT(1,5,8,8) per-z0 cores  G1     J = 2.2790126619e+02  (1.9 s)
TT(1,5,8,8) per-z0 cores  G2     J = 2.2782641168e+02  (9.3 s)
TT(1,5,8,8) per-z0 cores  G3     J = 2.2759307308e+02  (7.5 s)
TT(1,5,8,8) per-z0 cores  v      J = 2.2749862377e+02  (3.7 s)
TT(1,5,8,8) per-z0 cores  G3     J = 2.2743501504e+02  (6.7 s)
TT(1,5,8,8) per-z0 cores  G2     J = 2.2720072687e+02  (9.2 s)
TT(1,5,8,8) per-z0 cores  G1     J = 2.2719750972e+02  (1.4 s)
TT(1,5,8,8) per-z0 cores  v      J = 2.2712364995e+02  (4.2 s)
   sweep 6 test F=0.1098 E=0.00605 V=0.0342
TT(1,5,8,8) per-z0 cores sweep 6: J = 2.2712364995e+02  rel change 3.433e-03  wall 46.2 s
TT(1,5,8,8) per-z0 cores  G1     J = 2.2712039908e+02  (1.5 s)
TT(1,5,8,8) per-z0 cores  G2     J = 2.2706096267e+02  (11.0 s)
TT(1,5,8,8) per-z0 cores  G3     J = 2.2687515238e+02  (7.5 s)
TT(1,5,8,8) per-z0 cores  v      J = 2.2679763959e+02  (3.7 s)
TT(1,5,8,8) per-z0 cores  G3     J = 2.2674459850e+02  (6.5 s)
TT(1,5,8,8) per-z0 cores  G2     J = 2.2654943982e+02  (11.2 s)
TT(1,5,8,8) per-z0 cores  G1     J = 2.2654707877e+02  (2.4 s)
TT(1,5,8,8) per-z0 cores  v      J = 2.2648681146e+02  (5.1 s)
   sweep 7 test F=0.1098 E=0.00606 V=0.0342
TT(1,5,8,8) per-z0 cores sweep 7: J = 2.2648681146e+02  rel change 2.804e-03  wall 51.6 s
TT(1,5,8,8) per-z0 cores  G1     J = 2.2648442923e+02  (1.9 s)
TT(1,5,8,8) per-z0 cores  G2     J = 2.2643535253e+02  (8.4 s)
TT(1,5,8,8) per-z0 cores  G3     J = 2.2628018250e+02  (6.9 s)
TT(1,5,8,8) per-z0 cores  v      J = 2.2621281859e+02  (3.8 s)
TT(1,5,8,8) per-z0 cores  G3     J = 2.2616722106e+02  (6.8 s)
TT(1,5,8,8) per-z0 cores  G2     J = 2.2600116720e+02  (9.6 s)
TT(1,5,8,8) per-z0 cores  G1     J = 2.2599928491e+02  (1.9 s)
TT(1,5,8,8) per-z0 cores  v      J = 2.2594726365e+02  (3.9 s)
   sweep 8 test F=0.1098 E=0.00607 V=0.0343
TT(1,5,8,8) per-z0 cores sweep 8: J = 2.2594726365e+02  rel change 2.382e-03  wall 45.3 s
TT(1,5,8,8) per-z0 cores  G1     J = 2.2594504808e+02  (1.9 s)
TT(1,5,8,8) per-z0 cores  G2     J = 2.2590225697e+02  (9.3 s)
TT(1,5,8,8) per-z0 cores  G3     J = 2.2576872216e+02  (6.9 s)
TT(1,5,8,8) per-z0 cores  v      J = 2.2570912251e+02  (3.7 s)
TT(1,5,8,8) per-z0 cores  G3     J = 2.2566389779e+02  (6.5 s)
TT(1,5,8,8) per-z0 cores  G2     J = 2.2551975182e+02  (10.7 s)
TT(1,5,8,8) per-z0 cores  G1     J = 2.2551819566e+02  (1.2 s)
TT(1,5,8,8) per-z0 cores  v      J = 2.2547115263e+02  (3.7 s)
   sweep 9 test F=0.1099 E=0.00607 V=0.0343
TT(1,5,8,8) per-z0 cores sweep 9: J = 2.2547115263e+02  rel change 2.107e-03  wall 45.9 s
TT(1,5,8,8) per-z0 cores  G1     J = 2.2546893129e+02  (1.0 s)
TT(1,5,8,8) per-z0 cores  G2     J = 2.2543069060e+02  (7.8 s)
TT(1,5,8,8) per-z0 cores  G3     J = 2.2531055145e+02  (5.6 s)
TT(1,5,8,8) per-z0 cores  v      J = 2.2525691504e+02  (3.4 s)
TT(1,5,8,8) per-z0 cores  G3     J = 2.2521672746e+02  (6.3 s)
TT(1,5,8,8) per-z0 cores  G2     J = 2.2508945689e+02  (8.8 s)
TT(1,5,8,8) per-z0 cores  G1     J = 2.2508811190e+02  (1.2 s)
TT(1,5,8,8) per-z0 cores  v      J = 2.2504724726e+02  (3.8 s)
   sweep 10 test F=0.1100 E=0.00607 V=0.0342
TT(1,5,8,8) per-z0 cores sweep 10: J = 2.2504724726e+02  rel change 1.880e-03  wall 39.2 s
TT(1,5,8,8) per-z0 cores  G1     J = 2.2504505941e+02  (1.1 s)
TT(1,5,8,8) per-z0 cores  G2     J = 2.2501225645e+02  (8.3 s)
TT(1,5,8,8) per-z0 cores  G3     J = 2.2490684665e+02  (6.6 s)
TT(1,5,8,8) per-z0 cores  v      J = 2.2486083445e+02  (3.8 s)
TT(1,5,8,8) per-z0 cores  G3     J = 2.2482883435e+02  (6.2 s)
TT(1,5,8,8) per-z0 cores  G2     J = 2.2472094013e+02  (9.9 s)
TT(1,5,8,8) per-z0 cores  G1     J = 2.2471977973e+02  (1.2 s)
TT(1,5,8,8) per-z0 cores  v      J = 2.2468442335e+02  (5.0 s)
   sweep 11 test F=0.1100 E=0.00607 V=0.0342
TT(1,5,8,8) per-z0 cores sweep 11: J = 2.2468442335e+02  rel change 1.612e-03  wall 43.6 s
TT(1,5,8,8) per-z0 cores  G1     J = 2.2468231513e+02  (1.0 s)
TT(1,5,8,8) per-z0 cores  G2     J = 2.2465389233e+02  (10.1 s)
TT(1,5,8,8) per-z0 cores  G3     J = 2.2456287935e+02  (6.2 s)
TT(1,5,8,8) per-z0 cores  v      J = 2.2452243408e+02  (3.7 s)
TT(1,5,8,8) per-z0 cores  G3     J = 2.2449395634e+02  (6.1 s)
TT(1,5,8,8) per-z0 cores  G2     J = 2.2440219515e+02  (9.2 s)
TT(1,5,8,8) per-z0 cores  G1     J = 2.2440108266e+02  (2.3 s)
TT(1,5,8,8) per-z0 cores  v      J = 2.2436935631e+02  (3.5 s)
   sweep 12 test F=0.1100 E=0.00607 V=0.0342
TT(1,5,8,8) per-z0 cores sweep 12: J = 2.2436935631e+02  rel change 1.402e-03  wall 43.7 s
RES TT(1,5,8,8) per-z0 cores           nparams= 5225 (cores 3975, readout 1125, pair 125) flops/site=   11954  test F=0.1100 E=0.00607 V=0.0342  train F=0.0935 sweeps=12 wall/sweep=44s nonmono=0 initF=0.1170
TT TT(1,3,3,3) from CP-3 init (cp, K=3, noise=0): test F=0.1192
TT(1,3,3,3) from CP-3  init  J = 3.9670060068e+02
TT(1,3,3,3) from CP-3  G1     J = 3.9425190661e+02  (0.2 s)
TT(1,3,3,3) from CP-3  G2     J = 3.8718821569e+02  (0.3 s)
TT(1,3,3,3) from CP-3  G3     J = 3.8562198574e+02  (0.5 s)
TT(1,3,3,3) from CP-3  v      J = 3.7683040519e+02  (1.5 s)
TT(1,3,3,3) from CP-3  G3     J = 3.7421564500e+02  (0.2 s)
TT(1,3,3,3) from CP-3  G2     J = 3.7063724352e+02  (0.3 s)
TT(1,3,3,3) from CP-3  G1     J = 3.6966438171e+02  (0.2 s)
TT(1,3,3,3) from CP-3  v      J = 3.6363119698e+02  (1.3 s)
   sweep 1 test F=0.1158 E=0.00476 V=0.0312
TT(1,3,3,3) from CP-3 sweep 1: J = 3.6363119698e+02  rel change 8.336e-02  wall 4.9 s
TT(1,3,3,3) from CP-3  G1     J = 3.6249895714e+02  (0.2 s)
TT(1,3,3,3) from CP-3  G2     J = 3.6056694773e+02  (0.6 s)
TT(1,3,3,3) from CP-3  G3     J = 3.5937308267e+02  (0.3 s)
TT(1,3,3,3) from CP-3  v      J = 3.5621594712e+02  (1.6 s)
TT(1,3,3,3) from CP-3  G3     J = 3.5507981343e+02  (0.2 s)
TT(1,3,3,3) from CP-3  G2     J = 3.5370539303e+02  (0.4 s)
TT(1,3,3,3) from CP-3  G1     J = 3.5339099458e+02  (0.2 s)
TT(1,3,3,3) from CP-3  v      J = 3.5133424324e+02  (1.3 s)
   sweep 2 test F=0.1147 E=0.00472 V=0.0307
TT(1,3,3,3) from CP-3 sweep 2: J = 3.5133424324e+02  rel change 3.382e-02  wall 5.2 s
TT(1,3,3,3) from CP-3  G1     J = 3.5084813722e+02  (0.2 s)
TT(1,3,3,3) from CP-3  G2     J = 3.4985270029e+02  (0.7 s)
TT(1,3,3,3) from CP-3  G3     J = 3.4926088168e+02  (0.2 s)
TT(1,3,3,3) from CP-3  v      J = 3.4756154146e+02  (1.3 s)
TT(1,3,3,3) from CP-3  G3     J = 3.4698060905e+02  (0.2 s)
TT(1,3,3,3) from CP-3  G2     J = 3.4603754221e+02  (0.3 s)
TT(1,3,3,3) from CP-3  G1     J = 3.4575195893e+02  (0.2 s)
TT(1,3,3,3) from CP-3  v      J = 3.4441611531e+02  (1.3 s)
   sweep 3 test F=0.1139 E=0.00457 V=0.0301
TT(1,3,3,3) from CP-3 sweep 3: J = 3.4441611531e+02  rel change 1.969e-02  wall 4.9 s
TT(1,3,3,3) from CP-3  G1     J = 3.4407946880e+02  (0.2 s)
TT(1,3,3,3) from CP-3  G2     J = 3.4325258703e+02  (0.3 s)
TT(1,3,3,3) from CP-3  G3     J = 3.4286743931e+02  (0.2 s)
TT(1,3,3,3) from CP-3  v      J = 3.4163370922e+02  (1.2 s)
TT(1,3,3,3) from CP-3  G3     J = 3.4126637283e+02  (0.2 s)
TT(1,3,3,3) from CP-3  G2     J = 3.4049123404e+02  (0.3 s)
TT(1,3,3,3) from CP-3  G1     J = 3.4024226611e+02  (0.2 s)
TT(1,3,3,3) from CP-3  v      J = 3.3921779042e+02  (1.5 s)
   sweep 4 test F=0.1132 E=0.00435 V=0.0296
TT(1,3,3,3) from CP-3 sweep 4: J = 3.3921779042e+02  rel change 1.509e-02  wall 4.5 s
TT(1,3,3,3) from CP-3  G1     J = 3.3895949060e+02  (0.4 s)
TT(1,3,3,3) from CP-3  G2     J = 3.3829565564e+02  (0.3 s)
TT(1,3,3,3) from CP-3  G3     J = 3.3798424994e+02  (0.2 s)
TT(1,3,3,3) from CP-3  v      J = 3.3711403679e+02  (1.2 s)
TT(1,3,3,3) from CP-3  G3     J = 3.3687136001e+02  (0.2 s)
TT(1,3,3,3) from CP-3  G2     J = 3.3622087671e+02  (0.3 s)
TT(1,3,3,3) from CP-3  G1     J = 3.3604636391e+02  (0.2 s)
TT(1,3,3,3) from CP-3  v      J = 3.3526364921e+02  (1.1 s)
   sweep 5 test F=0.1125 E=0.00415 V=0.0294
TT(1,3,3,3) from CP-3 sweep 5: J = 3.3526364921e+02  rel change 1.166e-02  wall 4.2 s
TT(1,3,3,3) from CP-3  G1     J = 3.3506884825e+02  (0.2 s)
TT(1,3,3,3) from CP-3  G2     J = 3.3453805904e+02  (0.5 s)
TT(1,3,3,3) from CP-3  G3     J = 3.3426873691e+02  (0.2 s)
TT(1,3,3,3) from CP-3  v      J = 3.3358178382e+02  (1.3 s)
TT(1,3,3,3) from CP-3  G3     J = 3.3339251317e+02  (0.2 s)
TT(1,3,3,3) from CP-3  G2     J = 3.3278751810e+02  (0.3 s)
TT(1,3,3,3) from CP-3  G1     J = 3.3267577885e+02  (0.2 s)
TT(1,3,3,3) from CP-3  v      J = 3.3198302922e+02  (1.5 s)
   sweep 6 test F=0.1121 E=0.00404 V=0.0292
TT(1,3,3,3) from CP-3 sweep 6: J = 3.3198302922e+02  rel change 9.785e-03  wall 4.8 s
TT(1,3,3,3) from CP-3  G1     J = 3.3181104524e+02  (0.2 s)
TT(1,3,3,3) from CP-3  G2     J = 3.3132607161e+02  (0.4 s)
TT(1,3,3,3) from CP-3  G3     J = 3.3108467179e+02  (0.2 s)
TT(1,3,3,3) from CP-3  v      J = 3.3044488774e+02  (1.7 s)
TT(1,3,3,3) from CP-3  G3     J = 3.3027804900e+02  (0.2 s)
TT(1,3,3,3) from CP-3  G2     J = 3.2969514958e+02  (0.3 s)
TT(1,3,3,3) from CP-3  G1     J = 3.2961333987e+02  (0.2 s)
TT(1,3,3,3) from CP-3  v      J = 3.2894498874e+02  (1.2 s)
   sweep 7 test F=0.1118 E=0.00399 V=0.0292
TT(1,3,3,3) from CP-3 sweep 7: J = 3.2894498874e+02  rel change 9.151e-03  wall 4.7 s
TT(1,3,3,3) from CP-3  G1     J = 3.2877423149e+02  (0.2 s)
TT(1,3,3,3) from CP-3  G2     J = 3.2831942569e+02  (0.3 s)
TT(1,3,3,3) from CP-3  G3     J = 3.2811819230e+02  (0.2 s)
TT(1,3,3,3) from CP-3  v      J = 3.2751443027e+02  (1.2 s)
TT(1,3,3,3) from CP-3  G3     J = 3.2735880328e+02  (0.2 s)
TT(1,3,3,3) from CP-3  G2     J = 3.2683920600e+02  (0.5 s)
TT(1,3,3,3) from CP-3  G1     J = 3.2677269414e+02  (0.2 s)
TT(1,3,3,3) from CP-3  v      J = 3.2617078846e+02  (1.1 s)
   sweep 8 test F=0.1116 E=0.00399 V=0.0292
TT(1,3,3,3) from CP-3 sweep 8: J = 3.2617078846e+02  rel change 8.434e-03  wall 4.2 s
TT(1,3,3,3) from CP-3  G1     J = 3.2601707881e+02  (0.2 s)
TT(1,3,3,3) from CP-3  G2     J = 3.2563913550e+02  (0.5 s)
TT(1,3,3,3) from CP-3  G3     J = 3.2547803832e+02  (0.2 s)
TT(1,3,3,3) from CP-3  v      J = 3.2495166518e+02  (1.4 s)
TT(1,3,3,3) from CP-3  G3     J = 3.2479965514e+02  (0.4 s)
TT(1,3,3,3) from CP-3  G2     J = 3.2439389348e+02  (0.3 s)
TT(1,3,3,3) from CP-3  G1     J = 3.2434416475e+02  (0.2 s)
TT(1,3,3,3) from CP-3  v      J = 3.2388457574e+02  (1.4 s)
   sweep 9 test F=0.1114 E=0.00398 V=0.0292
TT(1,3,3,3) from CP-3 sweep 9: J = 3.2388457574e+02  rel change 7.009e-03  wall 4.8 s
TT(1,3,3,3) from CP-3  G1     J = 3.2377908074e+02  (0.2 s)
TT(1,3,3,3) from CP-3  G2     J = 3.2351028597e+02  (0.3 s)
TT(1,3,3,3) from CP-3  G3     J = 3.2337634232e+02  (0.2 s)
TT(1,3,3,3) from CP-3  v      J = 3.2298145615e+02  (1.1 s)
TT(1,3,3,3) from CP-3  G3     J = 3.2283872835e+02  (0.2 s)
TT(1,3,3,3) from CP-3  G2     J = 3.2256954275e+02  (0.4 s)
TT(1,3,3,3) from CP-3  G1     J = 3.2253214948e+02  (0.2 s)
TT(1,3,3,3) from CP-3  v      J = 3.2222997436e+02  (1.3 s)
   sweep 10 test F=0.1113 E=0.00397 V=0.0292
TT(1,3,3,3) from CP-3 sweep 10: J = 3.2222997436e+02  rel change 5.109e-03  wall 4.3 s
TT(1,3,3,3) from CP-3  G1     J = 3.2216801592e+02  (0.2 s)
TT(1,3,3,3) from CP-3  G2     J = 3.2199546863e+02  (0.5 s)
TT(1,3,3,3) from CP-3  G3     J = 3.2187937215e+02  (0.2 s)
TT(1,3,3,3) from CP-3  v      J = 3.2159733943e+02  (1.4 s)
TT(1,3,3,3) from CP-3  G3     J = 3.2146729966e+02  (0.2 s)
TT(1,3,3,3) from CP-3  G2     J = 3.2129307346e+02  (0.3 s)
TT(1,3,3,3) from CP-3  G1     J = 3.2126292862e+02  (0.2 s)
TT(1,3,3,3) from CP-3  v      J = 3.2105817872e+02  (1.1 s)
   sweep 11 test F=0.1113 E=0.00397 V=0.0292
TT(1,3,3,3) from CP-3 sweep 11: J = 3.2105817872e+02  rel change 3.637e-03  wall 4.5 s
TT(1,3,3,3) from CP-3  G1     J = 3.2101912783e+02  (0.2 s)
TT(1,3,3,3) from CP-3  G2     J = 3.2090526131e+02  (0.3 s)
TT(1,3,3,3) from CP-3  G3     J = 3.2080002689e+02  (0.2 s)
TT(1,3,3,3) from CP-3  v      J = 3.2058326251e+02  (1.4 s)
TT(1,3,3,3) from CP-3  G3     J = 3.2046635693e+02  (0.2 s)
TT(1,3,3,3) from CP-3  G2     J = 3.2033980037e+02  (0.3 s)
TT(1,3,3,3) from CP-3  G1     J = 3.2031549148e+02  (0.2 s)
TT(1,3,3,3) from CP-3  v      J = 3.2016085154e+02  (1.1 s)
   sweep 12 test F=0.1112 E=0.00397 V=0.0292
TT(1,3,3,3) from CP-3 sweep 12: J = 3.2016085154e+02  rel change 2.795e-03  wall 4.2 s
TT(1,3,3,3) from CP-3  G1     J = 3.2013256723e+02  (0.3 s)
TT(1,3,3,3) from CP-3  G2     J = 3.2004979362e+02  (0.3 s)
TT(1,3,3,3) from CP-3  G3     J = 3.1995369063e+02  (0.2 s)
TT(1,3,3,3) from CP-3  v      J = 3.1977548730e+02  (1.3 s)
TT(1,3,3,3) from CP-3  G3     J = 3.1967237670e+02  (0.2 s)
TT(1,3,3,3) from CP-3  G2     J = 3.1956937916e+02  (0.4 s)
TT(1,3,3,3) from CP-3  G1     J = 3.1955002099e+02  (0.2 s)
TT(1,3,3,3) from CP-3  v      J = 3.1942327742e+02  (1.2 s)
   sweep 13 test F=0.1112 E=0.00397 V=0.0292
TT(1,3,3,3) from CP-3 sweep 13: J = 3.1942327742e+02  rel change 2.304e-03  wall 4.4 s
TT(1,3,3,3) from CP-3  G1     J = 3.1940052387e+02  (0.2 s)
TT(1,3,3,3) from CP-3  G2     J = 3.1933408791e+02  (0.6 s)
TT(1,3,3,3) from CP-3  G3     J = 3.1924767773e+02  (0.2 s)
TT(1,3,3,3) from CP-3  v      J = 3.1909627188e+02  (1.5 s)
TT(1,3,3,3) from CP-3  G3     J = 3.1900688943e+02  (0.2 s)
TT(1,3,3,3) from CP-3  G2     J = 3.1891753737e+02  (0.4 s)
TT(1,3,3,3) from CP-3  G1     J = 3.1890204107e+02  (0.2 s)
TT(1,3,3,3) from CP-3  v      J = 3.1879297495e+02  (1.4 s)
   sweep 14 test F=0.1111 E=0.00397 V=0.0291
TT(1,3,3,3) from CP-3 sweep 14: J = 3.1879297495e+02  rel change 1.973e-03  wall 5.1 s
TT(1,3,3,3) from CP-3  G1     J = 3.1877342058e+02  (0.3 s)
TT(1,3,3,3) from CP-3  G2     J = 3.1871562356e+02  (0.5 s)
TT(1,3,3,3) from CP-3  G3     J = 3.1863941002e+02  (0.2 s)
TT(1,3,3,3) from CP-3  v      J = 3.1850861321e+02  (1.4 s)
TT(1,3,3,3) from CP-3  G3     J = 3.1843187504e+02  (0.2 s)
TT(1,3,3,3) from CP-3  G2     J = 3.1835188486e+02  (0.4 s)
TT(1,3,3,3) from CP-3  G1     J = 3.1833898705e+02  (0.2 s)
TT(1,3,3,3) from CP-3  v      J = 3.1824212261e+02  (1.1 s)
   sweep 15 test F=0.1111 E=0.00397 V=0.0291
TT(1,3,3,3) from CP-3 sweep 15: J = 3.1824212261e+02  rel change 1.728e-03  wall 4.6 s
TT(1,3,3,3) from CP-3  G1     J = 3.1822457899e+02  (0.2 s)
TT(1,3,3,3) from CP-3  G2     J = 3.1817123631e+02  (0.4 s)
TT(1,3,3,3) from CP-3  G3     J = 3.1810471794e+02  (0.2 s)
TT(1,3,3,3) from CP-3  v      J = 3.1799006585e+02  (1.1 s)
TT(1,3,3,3) from CP-3  G3     J = 3.1792409443e+02  (0.2 s)
TT(1,3,3,3) from CP-3  G2     J = 3.1785106519e+02  (0.3 s)
TT(1,3,3,3) from CP-3  G1     J = 3.1783956745e+02  (0.2 s)
TT(1,3,3,3) from CP-3  v      J = 3.1775153877e+02  (1.0 s)
   sweep 16 test F=0.1110 E=0.00396 V=0.0290
TT(1,3,3,3) from CP-3 sweep 16: J = 3.1775153877e+02  rel change 1.542e-03  wall 3.7 s
TT(1,3,3,3) from CP-3  G1     J = 3.1773537026e+02  (0.2 s)
TT(1,3,3,3) from CP-3  G2     J = 3.1768429721e+02  (0.4 s)
TT(1,3,3,3) from CP-3  G3     J = 3.1762605681e+02  (0.2 s)
TT(1,3,3,3) from CP-3  v      J = 3.1752391559e+02  (1.0 s)
TT(1,3,3,3) from CP-3  G3     J = 3.1746653438e+02  (0.2 s)
TT(1,3,3,3) from CP-3  G2     J = 3.1739883674e+02  (0.3 s)
TT(1,3,3,3) from CP-3  G1     J = 3.1738786141e+02  (0.2 s)
TT(1,3,3,3) from CP-3  v      J = 3.1730664366e+02  (1.2 s)
   sweep 17 test F=0.1110 E=0.00395 V=0.0290
TT(1,3,3,3) from CP-3 sweep 17: J = 3.1730664366e+02  rel change 1.400e-03  wall 3.8 s
TT(1,3,3,3) from CP-3  G1     J = 3.1729154578e+02  (0.2 s)
TT(1,3,3,3) from CP-3  G2     J = 3.1724190051e+02  (0.4 s)
TT(1,3,3,3) from CP-3  G3     J = 3.1719016081e+02  (0.2 s)
TT(1,3,3,3) from CP-3  v      J = 3.1709778486e+02  (1.1 s)
TT(1,3,3,3) from CP-3  G3     J = 3.1704700917e+02  (0.2 s)
TT(1,3,3,3) from CP-3  G2     J = 3.1698357608e+02  (0.3 s)
TT(1,3,3,3) from CP-3  G1     J = 3.1697264133e+02  (0.2 s)
TT(1,3,3,3) from CP-3  v      J = 3.1689720631e+02  (1.1 s)
   sweep 18 test F=0.1110 E=0.00394 V=0.0289
TT(1,3,3,3) from CP-3 sweep 18: J = 3.1689720631e+02  rel change 1.290e-03  wall 3.6 s
TT(1,3,3,3) from CP-3  G1     J = 3.1688306075e+02  (0.2 s)
TT(1,3,3,3) from CP-3  G2     J = 3.1683486926e+02  (0.3 s)
TT(1,3,3,3) from CP-3  G3     J = 3.1678798342e+02  (0.2 s)
TT(1,3,3,3) from CP-3  v      J = 3.1670353688e+02  (1.0 s)
TT(1,3,3,3) from CP-3  G3     J = 3.1665782725e+02  (0.2 s)
TT(1,3,3,3) from CP-3  G2     J = 3.1659805781e+02  (0.3 s)
TT(1,3,3,3) from CP-3  G1     J = 3.1658699390e+02  (0.2 s)
TT(1,3,3,3) from CP-3  v      J = 3.1651692965e+02  (1.1 s)
   sweep 19 test F=0.1110 E=0.00392 V=0.0289
TT(1,3,3,3) from CP-3 sweep 19: J = 3.1651692965e+02  rel change 1.200e-03  wall 3.7 s
TT(1,3,3,3) from CP-3  G1     J = 3.1650369109e+02  (0.2 s)
TT(1,3,3,3) from CP-3  G2     J = 3.1645738649e+02  (0.3 s)
TT(1,3,3,3) from CP-3  G3     J = 3.1641407473e+02  (0.2 s)
TT(1,3,3,3) from CP-3  v      J = 3.1633641296e+02  (1.1 s)
TT(1,3,3,3) from CP-3  G3     J = 3.1629468211e+02  (0.2 s)
TT(1,3,3,3) from CP-3  G2     J = 3.1623828432e+02  (0.3 s)
TT(1,3,3,3) from CP-3  G1     J = 3.1622709700e+02  (0.2 s)
TT(1,3,3,3) from CP-3  v      J = 3.1616222188e+02  (1.1 s)
   sweep 20 test F=0.1109 E=0.00391 V=0.0289
TT(1,3,3,3) from CP-3 sweep 20: J = 3.1616222188e+02  rel change 1.121e-03  wall 3.8 s
TT(1,3,3,3) from CP-3  G1     J = 3.1614984794e+02  (0.2 s)
TT(1,3,3,3) from CP-3  G2     J = 3.1610589251e+02  (0.4 s)
TT(1,3,3,3) from CP-3  G3     J = 3.1606527256e+02  (0.2 s)
TT(1,3,3,3) from CP-3  v      J = 3.1599362565e+02  (1.1 s)
TT(1,3,3,3) from CP-3  G3     J = 3.1595511787e+02  (0.2 s)
TT(1,3,3,3) from CP-3  G2     J = 3.1590193766e+02  (0.3 s)
TT(1,3,3,3) from CP-3  G1     J = 3.1589069224e+02  (0.2 s)
TT(1,3,3,3) from CP-3  v      J = 3.1583078571e+02  (1.0 s)
   sweep 21 test F=0.1109 E=0.00389 V=0.0288
TT(1,3,3,3) from CP-3 sweep 21: J = 3.1583078571e+02  rel change 1.048e-03  wall 3.7 s
TT(1,3,3,3) from CP-3  G1     J = 3.1581920819e+02  (0.2 s)
TT(1,3,3,3) from CP-3  G2     J = 3.1577787402e+02  (0.4 s)
TT(1,3,3,3) from CP-3  G3     J = 3.1573938623e+02  (0.2 s)
TT(1,3,3,3) from CP-3  v      J = 3.1567310521e+02  (1.1 s)
TT(1,3,3,3) from CP-3  G3     J = 3.1563726227e+02  (0.2 s)
TT(1,3,3,3) from CP-3  G2     J = 3.1558715676e+02  (0.3 s)
TT(1,3,3,3) from CP-3  G1     J = 3.1557591148e+02  (0.2 s)
TT(1,3,3,3) from CP-3  v      J = 3.1552060460e+02  (1.1 s)
   sweep 22 test F=0.1109 E=0.00387 V=0.0288
TT(1,3,3,3) from CP-3 sweep 22: J = 3.1552060460e+02  rel change 9.821e-04  wall 3.7 s
TT(1,3,3,3) from CP-3  G1     J = 3.1550972978e+02  (0.2 s)
TT(1,3,3,3) from CP-3  G2     J = 3.1547103925e+02  (0.3 s)
TT(1,3,3,3) from CP-3  G3     J = 3.1543434189e+02  (0.2 s)
TT(1,3,3,3) from CP-3  v      J = 3.1537276628e+02  (1.1 s)
TT(1,3,3,3) from CP-3  G3     J = 3.1533913468e+02  (0.2 s)
TT(1,3,3,3) from CP-3  G2     J = 3.1529190370e+02  (0.3 s)
TT(1,3,3,3) from CP-3  G1     J = 3.1528068708e+02  (0.3 s)
TT(1,3,3,3) from CP-3  v      J = 3.1522946793e+02  (1.3 s)
   sweep 23 test F=0.1109 E=0.00386 V=0.0287
TT(1,3,3,3) from CP-3 sweep 23: J = 3.1522946793e+02  rel change 9.227e-04  wall 4.2 s
TT(1,3,3,3) from CP-3  G1     J = 3.1521919026e+02  (0.2 s)
TT(1,3,3,3) from CP-3  G2     J = 3.1518295323e+02  (0.3 s)
TT(1,3,3,3) from CP-3  G3     J = 3.1514782829e+02  (0.2 s)
TT(1,3,3,3) from CP-3  v      J = 3.1509025111e+02  (1.2 s)
TT(1,3,3,3) from CP-3  G3     J = 3.1505843539e+02  (0.2 s)
TT(1,3,3,3) from CP-3  G2     J = 3.1501379917e+02  (0.3 s)
TT(1,3,3,3) from CP-3  G1     J = 3.1500261211e+02  (0.3 s)
TT(1,3,3,3) from CP-3  v      J = 3.1495487827e+02  (1.1 s)
   sweep 24 test F=0.1108 E=0.00384 V=0.0287
TT(1,3,3,3) from CP-3 sweep 24: J = 3.1495487827e+02  rel change 8.711e-04  wall 4.0 s
RES TT(1,3,3,3) from CP-3              nparams=  755 (cores  180, readout  450, pair 125) flops/site=    2631  test F=0.1108 E=0.00384 V=0.0287  train F=0.1079 sweeps=24 wall/sweep=4s nonmono=0 initF=0.1192
[ Info: degree 5, lambda 1.0e-7, stages SubString{String}["extra"]
┌ Warning: Assignment to `e1` in soft scope is ambiguous because a global variable by the same name exists: `e1` will be treated as a new local. Disambiguate by using `local e1` to suppress this warning or `global e1` to assign to the existing global variable.
└ @ ~/.julia/dev/ACEpotentials/acejax/spike_tt/run_tt.jl:301
┌ Warning: Assignment to `e1` in soft scope is ambiguous because a global variable by the same name exists: `e1` will be treated as a new local. Disambiguate by using `local e1` to suppress this warning or `global e1` to assign to the existing global variable.
└ @ ~/.julia/dev/ACEpotentials/acejax/spike_tt/run_tt.jl:306
done.
