map: nB=370 per z0, N_c=620 per z0, #β=19 (embedded-spec 10), maxres=3.3e-16
train data: AΦ (25544, 3100) built in 0.9 s
flop model: n_A1=7, DAG nodes per order/depth [[4], [5, 11], [2, 6, 12]], blocks per order [4, 7, 8]
  categorical lam=1      test F=0.7689 E=0.07849 V=0.4081 | train F=0.7771
  categorical lam=0.1    test F=0.4006 E=0.03282 V=0.2348 | train F=0.4023
  categorical lam=0.01   test F=0.1989 E=0.01009 V=0.1051 | train F=0.2001
  categorical lam=0.001  test F=0.1502 E=0.00631 V=0.0607 | train F=0.1446
  categorical lam=0.0001 test F=0.1280 E=0.00640 V=0.0488 | train F=0.1170
  categorical lam=1e-05  test F=0.1208 E=0.00641 V=0.0425 | train F=0.1102
  categorical lam=1e-06  test F=0.1201 E=0.00628 V=0.0416 | train F=0.1095
  categorical lam=1e-07  test F=0.1201 E=0.00622 V=0.0414 | train F=0.1094
  categorical lam=1e-08  test F=0.1201 E=0.00622 V=0.0414 | train F=0.1094
RES categorical   nparams= 1950  test F=0.1201 E=0.00622 V=0.0414  train F=0.1094  lambda=1e-07
CHECK tikh_solve vs TikhonovFactor at lam=1e-07: test F 0.120050 vs 0.120050, |dx|/|x| = 3.52e-03
  CP-16 lam=1e-05  test F=0.1235 E=0.00542 V=0.0399
  CP-16 lam=1e-06  test F=0.1228 E=0.00535 V=0.0391
  CP-16 lam=1e-07  test F=0.1229 E=0.00531 V=0.0390
  CP-16 lam=1e-08  test F=0.1229 E=0.00531 V=0.0390
RES CP-4                               nparams=  480 (cores    0, readout  380, pair 100) flops/site=     376  test F=0.1252 E=0.00432 V=0.0322  train F=0.1266 vstep=1.3s
RES CP-8                               nparams=  800 (cores    0, readout  700, pair 100) flops/site=     740  test F=0.1292 E=0.00613 V=0.0411  train F=0.1283 vstep=2.0s
RES CP-16                              nparams= 1365 (cores    0, readout 1265, pair 100) flops/site=    1453  test F=0.1229 E=0.00531 V=0.0390  train F=0.1190 vstep=3.2s
RES CP-16 (embedded-spec β only)       nparams= 1365 (cores    0, readout 1265, pair 100) flops/site=    1453  test F=0.1273 E=0.00509 V=0.0388  train F=0.1266 
RES CP-35                              nparams= 2125 (cores    0, readout 2025, pair 100) flops/site=    3030  test F=0.1214 E=0.00528 V=0.0425  train F=0.1162 vstep=9.7s
categorical flops/site (species-resolved 𝔸 nodes) = 1980 ; CP-4/8/16/35 = 376/740/1453/3030
  flops/site TT(1,2,2,2)    = 806
  flops/site TT(1,4,4,4)    = 2684
  flops/site TT(1,5,8,8)    = 7208
  flops/site TT(1,5,15,16)  = 18638
  flops/site TT(1,5,25,16)  = 28445
  flops/site TT(1,5,25,35)  = 53055
TT TT(1,5,15,16) from CP-16 init (cp, K=16, noise=0): test F=0.1229
TT(1,5,15,16) from CP-16  init  J = 3.7208198250e+02
TT(1,5,15,16) from CP-16  G1     J = 3.7137000085e+02  (0.2 s)
TT(1,5,15,16) from CP-16  G2     J = 3.4877334027e+02  (2.1 s)
TT(1,5,15,16) from CP-16  G3     J = 3.3630822942e+02  (4.9 s)
TT(1,5,15,16) from CP-16  v      J = 3.2629669415e+02  (5.6 s)
TT(1,5,15,16) from CP-16  G3     J = 3.2421018948e+02  (3.4 s)
TT(1,5,15,16) from CP-16  G2     J = 3.2338201099e+02  (1.4 s)
TT(1,5,15,16) from CP-16  G1     J = 3.2337209723e+02  (0.2 s)
TT(1,5,15,16) from CP-16  v      J = 3.2230764487e+02  (3.2 s)
   sweep 1 test F=0.1210 E=0.00645 V=0.0410
TT(1,5,15,16) from CP-16 sweep 1: J = 3.2230764487e+02  rel change 1.338e-01  wall 22.1 s
TT(1,5,15,16) from CP-16  G1     J = 3.2230345026e+02  (0.3 s)
TT(1,5,15,16) from CP-16  G2     J = 3.2190080678e+02  (1.4 s)
TT(1,5,15,16) from CP-16  G3     J = 3.2128194470e+02  (2.8 s)
TT(1,5,15,16) from CP-16  v      J = 3.2074890254e+02  (3.1 s)
TT(1,5,15,16) from CP-16  G3     J = 3.2040717698e+02  (2.8 s)
TT(1,5,15,16) from CP-16  G2     J = 3.2012793468e+02  (1.6 s)
TT(1,5,15,16) from CP-16  G1     J = 3.2012492847e+02  (0.2 s)
TT(1,5,15,16) from CP-16  v      J = 3.1978700120e+02  (2.8 s)
   sweep 2 test F=0.1208 E=0.00648 V=0.0416
TT(1,5,15,16) from CP-16 sweep 2: J = 3.1978700120e+02  rel change 7.821e-03  wall 15.4 s
TT(1,5,15,16) from CP-16  G1     J = 3.1978426410e+02  (0.3 s)
TT(1,5,15,16) from CP-16  G2     J = 3.1960863896e+02  (1.8 s)
TT(1,5,15,16) from CP-16  G3     J = 3.1933977849e+02  (3.3 s)
TT(1,5,15,16) from CP-16  v      J = 3.1909086042e+02  (3.5 s)
TT(1,5,15,16) from CP-16  G3     J = 3.1891168922e+02  (3.3 s)
TT(1,5,15,16) from CP-16  G2     J = 3.1873742765e+02  (1.9 s)
TT(1,5,15,16) from CP-16  G1     J = 3.1873530999e+02  (0.2 s)
TT(1,5,15,16) from CP-16  v      J = 3.1853070204e+02  (3.3 s)
   sweep 3 test F=0.1206 E=0.00645 V=0.0418
TT(1,5,15,16) from CP-16 sweep 3: J = 3.1853070204e+02  rel change 3.929e-03  wall 18.2 s
TT(1,5,15,16) from CP-16  G1     J = 3.1852836752e+02  (0.2 s)
TT(1,5,15,16) from CP-16  G2     J = 3.1840357743e+02  (1.7 s)
TT(1,5,15,16) from CP-16  G3     J = 3.1822991970e+02  (2.8 s)
TT(1,5,15,16) from CP-16  v      J = 3.1805602422e+02  (2.9 s)
TT(1,5,15,16) from CP-16  G3     J = 3.1792592973e+02  (2.6 s)
TT(1,5,15,16) from CP-16  G2     J = 3.1780104400e+02  (1.5 s)
TT(1,5,15,16) from CP-16  G1     J = 3.1779916573e+02  (0.2 s)
TT(1,5,15,16) from CP-16  v      J = 3.1764908974e+02  (3.1 s)
   sweep 4 test F=0.1205 E=0.00641 V=0.0419
TT(1,5,15,16) from CP-16 sweep 4: J = 3.1764908974e+02  rel change 2.768e-03  wall 15.4 s
TT(1,5,15,16) from CP-16  G1     J = 3.1764697462e+02  (0.4 s)
TT(1,5,15,16) from CP-16  G2     J = 3.1755119254e+02  (2.5 s)
TT(1,5,15,16) from CP-16  G3     J = 3.1742138766e+02  (6.4 s)
TT(1,5,15,16) from CP-16  v      J = 3.1728893664e+02  (4.9 s)
TT(1,5,15,16) from CP-16  G3     J = 3.1718619319e+02  (4.4 s)
TT(1,5,15,16) from CP-16  G2     J = 3.1708639798e+02  (2.0 s)
TT(1,5,15,16) from CP-16  G1     J = 3.1708477779e+02  (0.2 s)
TT(1,5,15,16) from CP-16  v      J = 3.1696658770e+02  (3.5 s)
   sweep 5 test F=0.1205 E=0.00638 V=0.0420
TT(1,5,15,16) from CP-16 sweep 5: J = 3.1696658770e+02  rel change 2.149e-03  wall 25.8 s
TT(1,5,15,16) from CP-16  G1     J = 3.1696401583e+02  (0.6 s)
TT(1,5,15,16) from CP-16  G2     J = 3.1688566113e+02  (1.7 s)
TT(1,5,15,16) from CP-16  G3     J = 3.1677984167e+02  (3.0 s)
TT(1,5,15,16) from CP-16  v      J = 3.1667345900e+02  (4.3 s)
TT(1,5,15,16) from CP-16  G3     J = 3.1658914206e+02  (3.2 s)
TT(1,5,15,16) from CP-16  G2     J = 3.1650452282e+02  (1.8 s)
TT(1,5,15,16) from CP-16  G1     J = 3.1650306191e+02  (0.3 s)
TT(1,5,15,16) from CP-16  v      J = 3.1640629432e+02  (4.3 s)
   sweep 6 test F=0.1204 E=0.00635 V=0.0420
TT(1,5,15,16) from CP-16 sweep 6: J = 3.1640629432e+02  rel change 1.768e-03  wall 20.6 s
TT(1,5,15,16) from CP-16  G1     J = 3.1640378702e+02  (0.2 s)
TT(1,5,15,16) from CP-16  G2     J = 3.1633799588e+02  (2.4 s)
TT(1,5,15,16) from CP-16  G3     J = 3.1624783679e+02  (2.7 s)
TT(1,5,15,16) from CP-16  v      J = 3.1616002767e+02  (2.8 s)
TT(1,5,15,16) from CP-16  G3     J = 3.1608863898e+02  (2.9 s)
TT(1,5,15,16) from CP-16  G2     J = 3.1601486406e+02  (1.9 s)
TT(1,5,15,16) from CP-16  G1     J = 3.1601353274e+02  (0.2 s)
TT(1,5,15,16) from CP-16  v      J = 3.1593278039e+02  (3.3 s)
   sweep 7 test F=0.1204 E=0.00633 V=0.0420
TT(1,5,15,16) from CP-16 sweep 7: J = 3.1593278039e+02  rel change 1.497e-03  wall 16.6 s
TT(1,5,15,16) from CP-16  G1     J = 3.1593037283e+02  (0.2 s)
TT(1,5,15,16) from CP-16  G2     J = 3.1587448304e+02  (1.8 s)
TT(1,5,15,16) from CP-16  G3     J = 3.1579524490e+02  (2.8 s)
TT(1,5,15,16) from CP-16  v      J = 3.1572113932e+02  (2.9 s)
TT(1,5,15,16) from CP-16  G3     J = 3.1565892165e+02  (2.8 s)
TT(1,5,15,16) from CP-16  G2     J = 3.1559363306e+02  (1.6 s)
TT(1,5,15,16) from CP-16  G1     J = 3.1559238953e+02  (0.3 s)
TT(1,5,15,16) from CP-16  v      J = 3.1552389408e+02  (3.8 s)
   sweep 8 test F=0.1203 E=0.00631 V=0.0421
TT(1,5,15,16) from CP-16 sweep 8: J = 3.1552389408e+02  rel change 1.294e-03  wall 16.5 s
RES TT(1,5,15,16) from CP-16           nparams= 3390 (cores 2025, readout 1265, pair 100) flops/site=   18638  test F=0.1203 E=0.00631 V=0.0421  train F=0.1104 sweeps=8 wall/sweep=19s nonmono=0 initF=0.1229
TT TT(1,5,8,8) from CP-8 init (cp, K=8, noise=0): test F=0.1292
TT(1,5,8,8) from CP-8  init  J = 4.5567072800e+02
TT(1,5,8,8) from CP-8  G1     J = 4.4570666833e+02  (0.7 s)
TT(1,5,8,8) from CP-8  G2     J = 4.0264441077e+02  (1.1 s)
TT(1,5,8,8) from CP-8  G3     J = 3.9720369184e+02  (1.1 s)
TT(1,5,8,8) from CP-8  v      J = 3.6628440619e+02  (1.4 s)
TT(1,5,8,8) from CP-8  G3     J = 3.6275685142e+02  (0.7 s)
TT(1,5,8,8) from CP-8  G2     J = 3.5930659235e+02  (0.9 s)
TT(1,5,8,8) from CP-8  G1     J = 3.5922979815e+02  (0.2 s)
TT(1,5,8,8) from CP-8  v      J = 3.5502991120e+02  (1.9 s)
   sweep 1 test F=0.1194 E=0.00533 V=0.0343
TT(1,5,8,8) from CP-8 sweep 1: J = 3.5502991120e+02  rel change 2.209e-01  wall 8.4 s
TT(1,5,8,8) from CP-8  G1     J = 3.5495184596e+02  (0.2 s)
TT(1,5,8,8) from CP-8  G2     J = 3.5340897258e+02  (0.8 s)
TT(1,5,8,8) from CP-8  G3     J = 3.5256567089e+02  (1.3 s)
TT(1,5,8,8) from CP-8  v      J = 3.5117371801e+02  (1.9 s)
TT(1,5,8,8) from CP-8  G3     J = 3.5071478907e+02  (0.8 s)
TT(1,5,8,8) from CP-8  G2     J = 3.4980107277e+02  (1.0 s)
TT(1,5,8,8) from CP-8  G1     J = 3.4978583754e+02  (0.2 s)
TT(1,5,8,8) from CP-8  v      J = 3.4898416933e+02  (2.2 s)
   sweep 2 test F=0.1189 E=0.00535 V=0.0350
TT(1,5,8,8) from CP-8 sweep 2: J = 3.4898416933e+02  rel change 1.703e-02  wall 9.3 s
TT(1,5,8,8) from CP-8  G1     J = 3.4895039403e+02  (0.3 s)
TT(1,5,8,8) from CP-8  G2     J = 3.4843196612e+02  (1.7 s)
TT(1,5,8,8) from CP-8  G3     J = 3.4796883649e+02  (1.0 s)
TT(1,5,8,8) from CP-8  v      J = 3.4743469424e+02  (2.3 s)
TT(1,5,8,8) from CP-8  G3     J = 3.4720467020e+02  (0.7 s)
TT(1,5,8,8) from CP-8  G2     J = 3.4671795100e+02  (1.0 s)
TT(1,5,8,8) from CP-8  G1     J = 3.4670794491e+02  (0.3 s)
TT(1,5,8,8) from CP-8  v      J = 3.4627993196e+02  (1.7 s)
   sweep 3 test F=0.1187 E=0.00525 V=0.0353
TT(1,5,8,8) from CP-8 sweep 3: J = 3.4627993196e+02  rel change 7.749e-03  wall 9.7 s
TT(1,5,8,8) from CP-8  G1     J = 3.4626353284e+02  (0.4 s)
TT(1,5,8,8) from CP-8  G2     J = 3.4596293357e+02  (1.1 s)
TT(1,5,8,8) from CP-8  G3     J = 3.4570086163e+02  (0.9 s)
TT(1,5,8,8) from CP-8  v      J = 3.4539723425e+02  (1.7 s)
TT(1,5,8,8) from CP-8  G3     J = 3.4524374804e+02  (0.7 s)
TT(1,5,8,8) from CP-8  G2     J = 3.4495439031e+02  (1.0 s)
TT(1,5,8,8) from CP-8  G1     J = 3.4494776073e+02  (0.2 s)
TT(1,5,8,8) from CP-8  v      J = 3.4468706377e+02  (2.1 s)
   sweep 4 test F=0.1186 E=0.00518 V=0.0354
TT(1,5,8,8) from CP-8 sweep 4: J = 3.4468706377e+02  rel change 4.600e-03  wall 8.5 s
TT(1,5,8,8) from CP-8  G1     J = 3.4467714839e+02  (0.3 s)
TT(1,5,8,8) from CP-8  G2     J = 3.4448283156e+02  (1.2 s)
TT(1,5,8,8) from CP-8  G3     J = 3.4430835850e+02  (1.1 s)
TT(1,5,8,8) from CP-8  v      J = 3.4410437437e+02  (2.9 s)
TT(1,5,8,8) from CP-8  G3     J = 3.4399513381e+02  (0.7 s)
TT(1,5,8,8) from CP-8  G2     J = 3.4379513587e+02  (1.2 s)
TT(1,5,8,8) from CP-8  G1     J = 3.4379062884e+02  (0.3 s)
TT(1,5,8,8) from CP-8  v      J = 3.4361330696e+02  (1.6 s)
   sweep 5 test F=0.1186 E=0.00514 V=0.0353
TT(1,5,8,8) from CP-8 sweep 5: J = 3.4361330696e+02  rel change 3.115e-03  wall 9.8 s
TT(1,5,8,8) from CP-8  G1     J = 3.4360625723e+02  (0.2 s)
TT(1,5,8,8) from CP-8  G2     J = 3.4346845669e+02  (1.0 s)
TT(1,5,8,8) from CP-8  G3     J = 3.4333879845e+02  (0.6 s)
TT(1,5,8,8) from CP-8  v      J = 3.4318823236e+02  (3.9 s)
TT(1,5,8,8) from CP-8  G3     J = 3.4310361696e+02  (1.5 s)
TT(1,5,8,8) from CP-8  G2     J = 3.4295152291e+02  (1.5 s)
TT(1,5,8,8) from CP-8  G1     J = 3.4294824992e+02  (0.3 s)
TT(1,5,8,8) from CP-8  v      J = 3.4281381106e+02  (3.0 s)
   sweep 6 test F=0.1186 E=0.00512 V=0.0353
TT(1,5,8,8) from CP-8 sweep 6: J = 3.4281381106e+02  rel change 2.327e-03  wall 14.0 s
TT(1,5,8,8) from CP-8  G1     J = 3.4280843818e+02  (0.8 s)
TT(1,5,8,8) from CP-8  G2     J = 3.4270105705e+02  (1.7 s)
TT(1,5,8,8) from CP-8  G3     J = 3.4259541032e+02  (0.9 s)
TT(1,5,8,8) from CP-8  v      J = 3.4247281811e+02  (3.2 s)
TT(1,5,8,8) from CP-8  G3     J = 3.4240065610e+02  (1.0 s)
TT(1,5,8,8) from CP-8  G2     J = 3.4227471481e+02  (1.3 s)
TT(1,5,8,8) from CP-8  G1     J = 3.4227212512e+02  (0.5 s)
TT(1,5,8,8) from CP-8  v      J = 3.4215971981e+02  (3.0 s)
   sweep 7 test F=0.1186 E=0.00510 V=0.0352
TT(1,5,8,8) from CP-8 sweep 7: J = 3.4215971981e+02  rel change 1.908e-03  wall 13.1 s
TT(1,5,8,8) from CP-8  G1     J = 3.4215547236e+02  (1.1 s)
TT(1,5,8,8) from CP-8  G2     J = 3.4206485804e+02  (2.5 s)
TT(1,5,8,8) from CP-8  G3     J = 3.4197240683e+02  (1.3 s)
TT(1,5,8,8) from CP-8  v      J = 3.4186426180e+02  (3.9 s)
TT(1,5,8,8) from CP-8  G3     J = 3.4179842852e+02  (2.6 s)
TT(1,5,8,8) from CP-8  G2     J = 3.4168758440e+02  (2.0 s)
TT(1,5,8,8) from CP-8  G1     J = 3.4168533674e+02  (0.4 s)
TT(1,5,8,8) from CP-8  v      J = 3.4158531426e+02  (3.1 s)
   sweep 8 test F=0.1186 E=0.00510 V=0.0352
TT(1,5,8,8) from CP-8 sweep 8: J = 3.4158531426e+02  rel change 1.679e-03  wall 18.2 s
RES TT(1,5,8,8) from CP-8              nparams= 1595 (cores  795, readout  700, pair 100) flops/site=    7208  test F=0.1186 E=0.00510 V=0.0352  train F=0.1141 sweeps=8 wall/sweep=11s nonmono=0 initF=0.1292
TT TT(1,4,4,4) from CP-4 init (cp, K=4, noise=0): test F=0.1252
TT(1,4,4,4) from CP-4  init  J = 4.4481973159e+02
TT(1,4,4,4) from CP-4  G1     J = 4.4259824348e+02  (0.2 s)
TT(1,4,4,4) from CP-4  G2     J = 4.3087352809e+02  (0.7 s)
TT(1,4,4,4) from CP-4  G3     J = 4.2924643582e+02  (0.6 s)
TT(1,4,4,4) from CP-4  v      J = 4.2018049292e+02  (2.4 s)
TT(1,4,4,4) from CP-4  G3     J = 4.1875426237e+02  (0.4 s)
TT(1,4,4,4) from CP-4  G2     J = 4.1542689333e+02  (1.0 s)
TT(1,4,4,4) from CP-4  G1     J = 4.1475171734e+02  (0.2 s)
TT(1,4,4,4) from CP-4  v      J = 4.1130309459e+02  (1.1 s)
   sweep 1 test F=0.1224 E=0.00435 V=0.0319
TT(1,4,4,4) from CP-4 sweep 1: J = 4.1130309459e+02  rel change 7.535e-02  wall 7.9 s
TT(1,4,4,4) from CP-4  G1     J = 4.1089395772e+02  (0.7 s)
TT(1,4,4,4) from CP-4  G2     J = 4.0874482231e+02  (1.6 s)
TT(1,4,4,4) from CP-4  G3     J = 4.0799487014e+02  (0.4 s)
TT(1,4,4,4) from CP-4  v      J = 4.0572797864e+02  (2.7 s)
TT(1,4,4,4) from CP-4  G3     J = 4.0504715099e+02  (1.5 s)
TT(1,4,4,4) from CP-4  G2     J = 4.0361047071e+02  (2.3 s)
TT(1,4,4,4) from CP-4  G1     J = 4.0324790135e+02  (0.6 s)
TT(1,4,4,4) from CP-4  v      J = 4.0156172313e+02  (2.2 s)
   sweep 2 test F=0.1217 E=0.00439 V=0.0319
TT(1,4,4,4) from CP-4 sweep 2: J = 4.0156172313e+02  rel change 2.368e-02  wall 13.5 s
TT(1,4,4,4) from CP-4  G1     J = 4.0124794793e+02  (1.3 s)
TT(1,4,4,4) from CP-4  G2     J = 4.0010179375e+02  (2.1 s)
TT(1,4,4,4) from CP-4  G3     J = 3.9970112455e+02  (0.4 s)
TT(1,4,4,4) from CP-4  v      J = 3.9834355487e+02  (2.4 s)
TT(1,4,4,4) from CP-4  G3     J = 3.9791807082e+02  (1.0 s)
TT(1,4,4,4) from CP-4  G2     J = 3.9705473716e+02  (1.8 s)
TT(1,4,4,4) from CP-4  G1     J = 3.9682250148e+02  (0.9 s)
TT(1,4,4,4) from CP-4  v      J = 3.9578073769e+02  (2.0 s)
   sweep 3 test F=0.1213 E=0.00455 V=0.0317
TT(1,4,4,4) from CP-4 sweep 3: J = 3.9578073769e+02  rel change 1.440e-02  wall 13.5 s
TT(1,4,4,4) from CP-4  G1     J = 3.9555494970e+02  (1.2 s)
TT(1,4,4,4) from CP-4  G2     J = 3.9476421766e+02  (1.5 s)
TT(1,4,4,4) from CP-4  G3     J = 3.9449791647e+02  (0.4 s)
TT(1,4,4,4) from CP-4  v      J = 3.9361313451e+02  (1.9 s)
TT(1,4,4,4) from CP-4  G3     J = 3.9332888631e+02  (0.4 s)
TT(1,4,4,4) from CP-4  G2     J = 3.9268472750e+02  (0.8 s)
TT(1,4,4,4) from CP-4  G1     J = 3.9249978994e+02  (0.4 s)
TT(1,4,4,4) from CP-4  v      J = 3.9165560141e+02  (1.6 s)
   sweep 4 test F=0.1210 E=0.00468 V=0.0316
TT(1,4,4,4) from CP-4 sweep 4: J = 3.9165560141e+02  rel change 1.042e-02  wall 9.3 s
TT(1,4,4,4) from CP-4  G1     J = 3.9146305542e+02  (0.4 s)
TT(1,4,4,4) from CP-4  G2     J = 3.9082073221e+02  (1.0 s)
TT(1,4,4,4) from CP-4  G3     J = 3.9058749674e+02  (0.3 s)
TT(1,4,4,4) from CP-4  v      J = 3.8986281406e+02  (1.5 s)
TT(1,4,4,4) from CP-4  G3     J = 3.8961928446e+02  (0.5 s)
TT(1,4,4,4) from CP-4  G2     J = 3.8906740467e+02  (0.5 s)
TT(1,4,4,4) from CP-4  G1     J = 3.8891894349e+02  (0.3 s)
TT(1,4,4,4) from CP-4  v      J = 3.8822327149e+02  (1.3 s)
   sweep 5 test F=0.1207 E=0.00475 V=0.0315
TT(1,4,4,4) from CP-4 sweep 5: J = 3.8822327149e+02  rel change 8.764e-03  wall 6.2 s
TT(1,4,4,4) from CP-4  G1     J = 3.8809742232e+02  (0.9 s)
TT(1,4,4,4) from CP-4  G2     J = 3.8756659098e+02  (0.5 s)
TT(1,4,4,4) from CP-4  G3     J = 3.8734852958e+02  (0.4 s)
TT(1,4,4,4) from CP-4  v      J = 3.8678337188e+02  (1.2 s)
TT(1,4,4,4) from CP-4  G3     J = 3.8659334910e+02  (0.3 s)
TT(1,4,4,4) from CP-4  G2     J = 3.8615287399e+02  (0.6 s)
TT(1,4,4,4) from CP-4  G1     J = 3.8604530323e+02  (0.2 s)
TT(1,4,4,4) from CP-4  v      J = 3.8555344499e+02  (1.8 s)
   sweep 6 test F=0.1205 E=0.00481 V=0.0314
TT(1,4,4,4) from CP-4 sweep 6: J = 3.8555344499e+02  rel change 6.877e-03  wall 6.4 s
TT(1,4,4,4) from CP-4  G1     J = 3.8547329394e+02  (0.6 s)
TT(1,4,4,4) from CP-4  G2     J = 3.8509812233e+02  (0.6 s)
TT(1,4,4,4) from CP-4  G3     J = 3.8492156204e+02  (0.4 s)
TT(1,4,4,4) from CP-4  v      J = 3.8454261079e+02  (1.7 s)
TT(1,4,4,4) from CP-4  G3     J = 3.8441146058e+02  (0.4 s)
TT(1,4,4,4) from CP-4  G2     J = 3.8410463428e+02  (0.9 s)
TT(1,4,4,4) from CP-4  G1     J = 3.8402935036e+02  (0.2 s)
TT(1,4,4,4) from CP-4  v      J = 3.8371069791e+02  (1.3 s)
   sweep 7 test F=0.1203 E=0.00485 V=0.0313
TT(1,4,4,4) from CP-4 sweep 7: J = 3.8371069791e+02  rel change 4.779e-03  wall 7.1 s
TT(1,4,4,4) from CP-4  G1     J = 3.8366135457e+02  (0.5 s)
TT(1,4,4,4) from CP-4  G2     J = 3.8340460301e+02  (0.4 s)
TT(1,4,4,4) from CP-4  G3     J = 3.8327584427e+02  (0.2 s)
TT(1,4,4,4) from CP-4  v      J = 3.8302099039e+02  (1.6 s)
TT(1,4,4,4) from CP-4  G3     J = 3.8292756694e+02  (0.6 s)
TT(1,4,4,4) from CP-4  G2     J = 3.8271009354e+02  (0.4 s)
TT(1,4,4,4) from CP-4  G1     J = 3.8265676729e+02  (0.2 s)
TT(1,4,4,4) from CP-4  v      J = 3.8243408688e+02  (0.8 s)
   sweep 8 test F=0.1202 E=0.00488 V=0.0312
TT(1,4,4,4) from CP-4 sweep 8: J = 3.8243408688e+02  rel change 3.327e-03  wall 5.4 s
RES TT(1,4,4,4) from CP-4              nparams=  780 (cores  300, readout  380, pair 100) flops/site=    2684  test F=0.1202 E=0.00488 V=0.0312  train F=0.1189 sweeps=8 wall/sweep=9s nonmono=0 initF=0.1252
TT TT(1,5,25,16) wide from CP-16 init (cp, K=16, noise=0.01): test F=0.1222
TT(1,5,25,16) wide from CP-16  init  J = 3.6329756758e+02
TT(1,5,25,16) wide from CP-16  G1     J = 3.6292660917e+02  (1.1 s)
TT(1,5,25,16) wide from CP-16  G2     J = 3.3932022724e+02  (7.8 s)
TT(1,5,25,16) wide from CP-16  G3     J = 3.3166432295e+02  (13.0 s)
TT(1,5,25,16) wide from CP-16  v      J = 3.2583033452e+02  (10.2 s)
TT(1,5,25,16) wide from CP-16  G3     J = 3.2402415234e+02  (14.0 s)
TT(1,5,25,16) wide from CP-16  G2     J = 3.2250580661e+02  (3.3 s)
TT(1,5,25,16) wide from CP-16  G1     J = 3.2249619059e+02  (0.3 s)
TT(1,5,25,16) wide from CP-16  v      J = 3.2068937758e+02  (6.1 s)
   sweep 1 test F=0.1204 E=0.00623 V=0.0410
TT(1,5,25,16) wide from CP-16 sweep 1: J = 3.2068937758e+02  rel change 1.173e-01  wall 58.8 s
TT(1,5,25,16) wide from CP-16  G1     J = 3.2068543331e+02  (0.5 s)
TT(1,5,25,16) wide from CP-16  G2     J = 3.1973289449e+02  (4.4 s)
TT(1,5,25,16) wide from CP-16  G3     J = 3.1903678819e+02  (14.6 s)
TT(1,5,25,16) wide from CP-16  v      J = 3.1822034869e+02  (6.9 s)
TT(1,5,25,16) wide from CP-16  G3     J = 3.1783053012e+02  (17.8 s)
TT(1,5,25,16) wide from CP-16  G2     J = 3.1724561988e+02  (12.4 s)
TT(1,5,25,16) wide from CP-16  G1     J = 3.1723960410e+02  (0.6 s)
TT(1,5,25,16) wide from CP-16  v      J = 3.1671688526e+02  (10.4 s)
   sweep 2 test F=0.1201 E=0.00617 V=0.0416
TT(1,5,25,16) wide from CP-16 sweep 2: J = 3.1671688526e+02  rel change 1.239e-02  wall 70.9 s
TT(1,5,25,16) wide from CP-16  G1     J = 3.1671492227e+02  (1.1 s)
TT(1,5,25,16) wide from CP-16  G2     J = 3.1636420026e+02  (5.6 s)
TT(1,5,25,16) wide from CP-16  G3     J = 3.1607439187e+02  (15.2 s)
TT(1,5,25,16) wide from CP-16  v      J = 3.1573095417e+02  (6.0 s)
TT(1,5,25,16) wide from CP-16  G3     J = 3.1555040399e+02  (15.4 s)
TT(1,5,25,16) wide from CP-16  G2     J = 3.1523766474e+02  (4.0 s)
TT(1,5,25,16) wide from CP-16  G1     J = 3.1523389248e+02  (0.3 s)
TT(1,5,25,16) wide from CP-16  v      J = 3.1495643539e+02  (5.9 s)
   sweep 3 test F=0.1201 E=0.00613 V=0.0415
TT(1,5,25,16) wide from CP-16 sweep 3: J = 3.1495643539e+02  rel change 5.558e-03  wall 55.9 s
TT(1,5,25,16) wide from CP-16  G1     J = 3.1495510562e+02  (0.2 s)
TT(1,5,25,16) wide from CP-16  G2     J = 3.1477052229e+02  (3.4 s)
TT(1,5,25,16) wide from CP-16  G3     J = 3.1458473420e+02  (12.3 s)
TT(1,5,25,16) wide from CP-16  v      J = 3.1437389322e+02  (6.9 s)
TT(1,5,25,16) wide from CP-16  G3     J = 3.1424601629e+02  (15.5 s)
TT(1,5,25,16) wide from CP-16  G2     J = 3.1405455391e+02  (4.6 s)
TT(1,5,25,16) wide from CP-16  G1     J = 3.1405228695e+02  (0.3 s)
TT(1,5,25,16) wide from CP-16  v      J = 3.1384509538e+02  (13.9 s)
   sweep 4 test F=0.1201 E=0.00611 V=0.0415
TT(1,5,25,16) wide from CP-16 sweep 4: J = 3.1384509538e+02  rel change 3.529e-03  wall 59.5 s
TT(1,5,25,16) wide from CP-16  G1     J = 3.1384389343e+02  (0.9 s)
TT(1,5,25,16) wide from CP-16  G2     J = 3.1370770487e+02  (5.9 s)
TT(1,5,25,16) wide from CP-16  G3     J = 3.1356766511e+02  (14.4 s)
TT(1,5,25,16) wide from CP-16  v      J = 3.1341681359e+02  (6.8 s)
TT(1,5,25,16) wide from CP-16  G3     J = 3.1332724970e+02  (13.9 s)
TT(1,5,25,16) wide from CP-16  G2     J = 3.1319642532e+02  (5.0 s)
TT(1,5,25,16) wide from CP-16  G1     J = 3.1319514520e+02  (0.5 s)
TT(1,5,25,16) wide from CP-16  v      J = 3.1306530127e+02  (7.4 s)
   sweep 5 test F=0.1201 E=0.00615 V=0.0417
TT(1,5,25,16) wide from CP-16 sweep 5: J = 3.1306530127e+02  rel change 2.485e-03  wall 57.3 s
TT(1,5,25,16) wide from CP-16  G1     J = 3.1306454774e+02  (0.3 s)
TT(1,5,25,16) wide from CP-16  G2     J = 3.1298153951e+02  (4.1 s)
TT(1,5,25,16) wide from CP-16  G3     J = 3.1288980226e+02  (16.0 s)
TT(1,5,25,16) wide from CP-16  v      J = 3.1278574213e+02  (9.8 s)
TT(1,5,25,16) wide from CP-16  G3     J = 3.1272008083e+02  (14.2 s)
TT(1,5,25,16) wide from CP-16  G2     J = 3.1263137526e+02  (5.7 s)
TT(1,5,25,16) wide from CP-16  G1     J = 3.1263052971e+02  (0.9 s)
TT(1,5,25,16) wide from CP-16  v      J = 3.1253162277e+02  (6.8 s)
   sweep 6 test F=0.1201 E=0.00616 V=0.0418
TT(1,5,25,16) wide from CP-16 sweep 6: J = 3.1253162277e+02  rel change 1.705e-03  wall 61.4 s
TT(1,5,25,16) wide from CP-16  G1     J = 3.1253107497e+02  (0.8 s)
TT(1,5,25,16) wide from CP-16  G2     J = 3.1246551835e+02  (3.9 s)
TT(1,5,25,16) wide from CP-16  G3     J = 3.1239637976e+02  (12.9 s)
TT(1,5,25,16) wide from CP-16  v      J = 3.1231681102e+02  (5.6 s)
TT(1,5,25,16) wide from CP-16  G3     J = 3.1226618914e+02  (11.7 s)
TT(1,5,25,16) wide from CP-16  G2     J = 3.1219384772e+02  (3.9 s)
TT(1,5,25,16) wide from CP-16  G1     J = 3.1219327889e+02  (0.6 s)
TT(1,5,25,16) wide from CP-16  v      J = 3.1211048229e+02  (5.3 s)
   sweep 7 test F=0.1201 E=0.00616 V=0.0418
TT(1,5,25,16) wide from CP-16 sweep 7: J = 3.1211048229e+02  rel change 1.348e-03  wall 46.5 s
TT(1,5,25,16) wide from CP-16  G1     J = 3.1211012808e+02  (0.6 s)
TT(1,5,25,16) wide from CP-16  G2     J = 3.1205714976e+02  (3.3 s)
TT(1,5,25,16) wide from CP-16  G3     J = 3.1200005963e+02  (12.4 s)
TT(1,5,25,16) wide from CP-16  v      J = 3.1193564375e+02  (5.9 s)
TT(1,5,25,16) wide from CP-16  G3     J = 3.1189565410e+02  (11.8 s)
TT(1,5,25,16) wide from CP-16  G2     J = 3.1184045311e+02  (3.9 s)
TT(1,5,25,16) wide from CP-16  G1     J = 3.1184000879e+02  (0.5 s)
TT(1,5,25,16) wide from CP-16  v      J = 3.1178108776e+02  (5.6 s)
   sweep 8 test F=0.1201 E=0.00616 V=0.0418
TT(1,5,25,16) wide from CP-16 sweep 8: J = 3.1178108776e+02  rel change 1.055e-03  wall 46.2 s
RES TT(1,5,25,16) wide from CP-16      nparams= 4500 (cores 3100, readout 1300, pair 100) flops/site=   28445  test F=0.1201 E=0.00616 V=0.0418  train F=0.1098 sweeps=8 wall/sweep=57s nonmono=0 initF=0.1222
TT TT(1,5,25,35) wide from CP-35 init (cp, K=35, noise=0.01): test F=0.1191
TT(1,5,25,35) wide from CP-35  init  J = 3.2206721121e+02
TT(1,5,25,35) wide from CP-35  G1     J = 3.2206110712e+02  (0.3 s)
TT(1,5,25,35) wide from CP-35  G2     J = 3.1742815258e+02  (5.2 s)
TT(1,5,25,35) wide from CP-35  G3     J = 3.1429607165e+02  (52.3 s)
TT(1,5,25,35) wide from CP-35  v      J = 3.1241705074e+02  (18.7 s)
TT(1,5,25,35) wide from CP-35  G3     J = 3.1192050022e+02  (68.9 s)
TT(1,5,25,35) wide from CP-35  G2     J = 3.1142174567e+02  (6.8 s)
TT(1,5,25,35) wide from CP-35  G1     J = 3.1141976652e+02  (0.4 s)
TT(1,5,25,35) wide from CP-35  v      J = 3.1075011194e+02  (24.6 s)
   sweep 1 test F=0.1202 E=0.00615 V=0.0414
TT(1,5,25,35) wide from CP-35 sweep 1: J = 3.1075011194e+02  rel change 3.514e-02  wall 183.1 s
TT(1,5,25,35) wide from CP-35  G1     J = 3.1074714773e+02  (0.6 s)
TT(1,5,25,35) wide from CP-35  G2     J = 3.1053093149e+02  (10.5 s)
TT(1,5,25,35) wide from CP-35  G3     J = 3.1034994541e+02  (66.7 s)
TT(1,5,25,35) wide from CP-35  v      J = 3.1009311990e+02  (21.3 s)
TT(1,5,25,35) wide from CP-35  G3     J = 3.0998947020e+02  (76.4 s)
TT(1,5,25,35) wide from CP-35  G2     J = 3.0989213354e+02  (6.8 s)
TT(1,5,25,35) wide from CP-35  G1     J = 3.0989148490e+02  (0.4 s)
TT(1,5,25,35) wide from CP-35  v      J = 3.0976344780e+02  (16.9 s)
   sweep 2 test F=0.1201 E=0.00620 V=0.0413
TT(1,5,25,35) wide from CP-35 sweep 2: J = 3.0976344780e+02  rel change 3.175e-03  wall 204.7 s
TT(1,5,25,35) wide from CP-35  G1     J = 3.0976080165e+02  (1.5 s)
TT(1,5,25,35) wide from CP-35  G2     J = 3.0970615291e+02  (6.2 s)
TT(1,5,25,35) wide from CP-35  G3     J = 3.0965906590e+02  (51.9 s)
TT(1,5,25,35) wide from CP-35  v      J = 3.0958424842e+02  (16.8 s)
TT(1,5,25,35) wide from CP-35  G3     J = 3.0954681951e+02  (54.1 s)
TT(1,5,25,35) wide from CP-35  G2     J = 3.0951715989e+02  (5.4 s)
TT(1,5,25,35) wide from CP-35  G1     J = 3.0951707950e+02  (0.3 s)
TT(1,5,25,35) wide from CP-35  v      J = 3.0947201876e+02  (22.3 s)
   sweep 3 test F=0.1201 E=0.00622 V=0.0413
TT(1,5,25,35) wide from CP-35 sweep 3: J = 3.0947201876e+02  rel change 9.408e-04  wall 162.8 s
TT(1,5,25,35) wide from CP-35  G1     J = 3.0946958809e+02  (0.6 s)
TT(1,5,25,35) wide from CP-35  G2     J = 3.0945047995e+02  (6.8 s)
TT(1,5,25,35) wide from CP-35  G3     J = 3.0943158919e+02  (54.4 s)
TT(1,5,25,35) wide from CP-35  v      J = 3.0940208619e+02  (17.7 s)
TT(1,5,25,35) wide from CP-35  G3     J = 3.0938437776e+02  (50.9 s)
TT(1,5,25,35) wide from CP-35  G2     J = 3.0937113052e+02  (6.2 s)
TT(1,5,25,35) wide from CP-35  G1     J = 3.0937107175e+02  (0.3 s)
TT(1,5,25,35) wide from CP-35  v      J = 3.0935441465e+02  (25.2 s)
   sweep 4 test F=0.1201 E=0.00622 V=0.0413
TT(1,5,25,35) wide from CP-35 sweep 4: J = 3.0935441465e+02  rel change 3.800e-04  wall 168.6 s
TT(1,5,25,35) wide from CP-35  G1     J = 3.0935191247e+02  (0.3 s)
TT(1,5,25,35) wide from CP-35  G2     J = 3.0934270655e+02  (5.4 s)
TT(1,5,25,35) wide from CP-35  G3     J = 3.0933379331e+02  (51.0 s)
TT(1,5,25,35) wide from CP-35  v      J = 3.0931676076e+02  (15.5 s)
TT(1,5,25,35) wide from CP-35  G3     J = 3.0930521018e+02  (52.8 s)
TT(1,5,25,35) wide from CP-35  G2     J = 3.0929774867e+02  (5.3 s)
TT(1,5,25,35) wide from CP-35  G1     J = 3.0929771372e+02  (0.3 s)
TT(1,5,25,35) wide from CP-35  v      J = 3.0929072939e+02  (22.1 s)
   sweep 5 test F=0.1201 E=0.00621 V=0.0413
TT(1,5,25,35) wide from CP-35 sweep 5: J = 3.0929072939e+02  rel change 2.059e-04  wall 158.6 s
TT(1,5,25,35) wide from CP-35  G1     J = 3.0928823987e+02  (0.4 s)
TT(1,5,25,35) wide from CP-35  G2     J = 3.0928344613e+02  (7.4 s)
TT(1,5,25,35) wide from CP-35  G3     J = 3.0927881792e+02  (49.7 s)
TT(1,5,25,35) wide from CP-35  v      J = 3.0927241054e+02  (16.5 s)
TT(1,5,25,35) wide from CP-35  G3     J = 3.0926572090e+02  (52.9 s)
TT(1,5,25,35) wide from CP-35  G2     J = 3.0926226534e+02  (6.7 s)
TT(1,5,25,35) wide from CP-35  G1     J = 3.0926225183e+02  (0.4 s)
TT(1,5,25,35) wide from CP-35  v      J = 3.0925825732e+02  (24.3 s)
   sweep 6 test F=0.1201 E=0.00621 V=0.0414
TT(1,5,25,35) wide from CP-35 sweep 6: J = 3.0925825732e+02  rel change 1.050e-04  wall 163.2 s
TT(1,5,25,35) wide from CP-35  G1     J = 3.0925575966e+02  (0.4 s)
TT(1,5,25,35) wide from CP-35  G2     J = 3.0925344964e+02  (7.3 s)
TT(1,5,25,35) wide from CP-35  G3     J = 3.0925015890e+02  (47.5 s)
TT(1,5,25,35) wide from CP-35  v      J = 3.0924838534e+02  (20.0 s)
TT(1,5,25,35) wide from CP-35  G3     J = 3.0924355213e+02  (52.2 s)
TT(1,5,25,35) wide from CP-35  G2     J = 3.0924183217e+02  (4.4 s)
TT(1,5,25,35) wide from CP-35  G1     J = 3.0924182515e+02  (0.3 s)
TT(1,5,25,35) wide from CP-35  v      J = 3.0923911349e+02  (20.6 s)
   sweep 7 test F=0.1201 E=0.00622 V=0.0414
TT(1,5,25,35) wide from CP-35 sweep 7: J = 3.0923911349e+02  rel change 6.190e-05  wall 159.4 s
RES TT(1,5,25,35) wide from CP-35      nparams= 8175 (cores 5700, readout 2375, pair 100) flops/site=   53055  test F=0.1201 E=0.00622 V=0.0414  train F=0.1094 sweeps=7 wall/sweep=172s nonmono=0 initF=0.1191
TT TT(1,2,2,2) from CP-2 init (cp, K=2, noise=0): test F=0.1277
TT(1,2,2,2) from CP-2  init  J = 4.9434109151e+02
TT(1,2,2,2) from CP-2  G1     J = 4.9091790466e+02  (0.2 s)
TT(1,2,2,2) from CP-2  G2     J = 4.8698842482e+02  (0.2 s)
TT(1,2,2,2) from CP-2  G3     J = 4.8584836718e+02  (0.1 s)
TT(1,2,2,2) from CP-2  v      J = 4.7950897356e+02  (0.6 s)
TT(1,2,2,2) from CP-2  G3     J = 4.7690383429e+02  (0.2 s)
TT(1,2,2,2) from CP-2  G2     J = 4.7534636457e+02  (0.6 s)
TT(1,2,2,2) from CP-2  G1     J = 4.7446421549e+02  (0.3 s)
TT(1,2,2,2) from CP-2  v      J = 4.7144625934e+02  (0.7 s)
   sweep 1 test F=0.1262 E=0.00414 V=0.0336
TT(1,2,2,2) from CP-2 sweep 1: J = 4.7144625934e+02  rel change 4.631e-02  wall 3.4 s
TT(1,2,2,2) from CP-2  G1     J = 4.7116017252e+02  (0.3 s)
TT(1,2,2,2) from CP-2  G2     J = 4.6973970066e+02  (0.3 s)
TT(1,2,2,2) from CP-2  G3     J = 4.6930699607e+02  (0.1 s)
TT(1,2,2,2) from CP-2  v      J = 4.6782716717e+02  (0.6 s)
TT(1,2,2,2) from CP-2  G3     J = 4.6714606006e+02  (0.1 s)
TT(1,2,2,2) from CP-2  G2     J = 4.6657286806e+02  (0.3 s)
TT(1,2,2,2) from CP-2  G1     J = 4.6619184581e+02  (0.2 s)
TT(1,2,2,2) from CP-2  v      J = 4.6530926916e+02  (0.8 s)
   sweep 2 test F=0.1256 E=0.00428 V=0.0331
TT(1,2,2,2) from CP-2 sweep 2: J = 4.6530926916e+02  rel change 1.302e-02  wall 3.0 s
TT(1,2,2,2) from CP-2  G1     J = 4.6511376901e+02  (0.2 s)
TT(1,2,2,2) from CP-2  G2     J = 4.6429999382e+02  (0.2 s)
TT(1,2,2,2) from CP-2  G3     J = 4.6403903358e+02  (0.1 s)
TT(1,2,2,2) from CP-2  v      J = 4.6317735714e+02  (0.5 s)
TT(1,2,2,2) from CP-2  G3     J = 4.6275281724e+02  (0.1 s)
TT(1,2,2,2) from CP-2  G2     J = 4.6225889180e+02  (0.2 s)
TT(1,2,2,2) from CP-2  G1     J = 4.6194353952e+02  (0.4 s)
TT(1,2,2,2) from CP-2  v      J = 4.6125956573e+02  (1.1 s)
   sweep 3 test F=0.1252 E=0.00434 V=0.0331
TT(1,2,2,2) from CP-2 sweep 3: J = 4.6125956573e+02  rel change 8.703e-03  wall 3.3 s
TT(1,2,2,2) from CP-2  G1     J = 4.6108618373e+02  (0.2 s)
TT(1,2,2,2) from CP-2  G2     J = 4.6044590339e+02  (0.2 s)
TT(1,2,2,2) from CP-2  G3     J = 4.6017569440e+02  (0.1 s)
TT(1,2,2,2) from CP-2  v      J = 4.5948244839e+02  (0.6 s)
TT(1,2,2,2) from CP-2  G3     J = 4.5912786380e+02  (0.1 s)
TT(1,2,2,2) from CP-2  G2     J = 4.5868866221e+02  (0.3 s)
TT(1,2,2,2) from CP-2  G1     J = 4.5842205898e+02  (0.2 s)
TT(1,2,2,2) from CP-2  v      J = 4.5784285956e+02  (0.5 s)
   sweep 4 test F=0.1249 E=0.00434 V=0.0333
TT(1,2,2,2) from CP-2 sweep 4: J = 4.5784285956e+02  rel change 7.407e-03  wall 2.7 s
TT(1,2,2,2) from CP-2  G1     J = 4.5768078772e+02  (0.2 s)
TT(1,2,2,2) from CP-2  G2     J = 4.5720578705e+02  (0.3 s)
TT(1,2,2,2) from CP-2  G3     J = 4.5693328418e+02  (0.1 s)
TT(1,2,2,2) from CP-2  v      J = 4.5637378605e+02  (0.5 s)
TT(1,2,2,2) from CP-2  G3     J = 4.5608718154e+02  (0.1 s)
TT(1,2,2,2) from CP-2  G2     J = 4.5572181774e+02  (0.2 s)
TT(1,2,2,2) from CP-2  G1     J = 4.5550716739e+02  (0.4 s)
TT(1,2,2,2) from CP-2  v      J = 4.5504328544e+02  (0.6 s)
   sweep 5 test F=0.1246 E=0.00431 V=0.0332
TT(1,2,2,2) from CP-2 sweep 5: J = 4.5504328544e+02  rel change 6.115e-03  wall 2.7 s
TT(1,2,2,2) from CP-2  G1     J = 4.5489151840e+02  (0.2 s)
TT(1,2,2,2) from CP-2  G2     J = 4.5455960444e+02  (0.2 s)
TT(1,2,2,2) from CP-2  G3     J = 4.5430539311e+02  (0.2 s)
TT(1,2,2,2) from CP-2  v      J = 4.5386383812e+02  (0.5 s)
TT(1,2,2,2) from CP-2  G3     J = 4.5364616551e+02  (0.1 s)
TT(1,2,2,2) from CP-2  G2     J = 4.5333979140e+02  (0.2 s)
TT(1,2,2,2) from CP-2  G1     J = 4.5315677656e+02  (0.2 s)
TT(1,2,2,2) from CP-2  v      J = 4.5278127369e+02  (0.8 s)
   sweep 6 test F=0.1244 E=0.00427 V=0.0331
TT(1,2,2,2) from CP-2 sweep 6: J = 4.5278127369e+02  rel change 4.971e-03  wall 2.8 s
TT(1,2,2,2) from CP-2  G1     J = 4.5263604598e+02  (0.2 s)
TT(1,2,2,2) from CP-2  G2     J = 4.5238874334e+02  (0.2 s)
TT(1,2,2,2) from CP-2  G3     J = 4.5215961519e+02  (0.2 s)
TT(1,2,2,2) from CP-2  v      J = 4.5179577540e+02  (0.8 s)
TT(1,2,2,2) from CP-2  G3     J = 4.5162775964e+02  (0.2 s)
TT(1,2,2,2) from CP-2  G2     J = 4.5136383055e+02  (0.2 s)
TT(1,2,2,2) from CP-2  G1     J = 4.5118657356e+02  (0.2 s)
TT(1,2,2,2) from CP-2  v      J = 4.5086550441e+02  (0.8 s)
   sweep 7 test F=0.1243 E=0.00423 V=0.0328
TT(1,2,2,2) from CP-2 sweep 7: J = 4.5086550441e+02  rel change 4.231e-03  wall 3.2 s
TT(1,2,2,2) from CP-2  G1     J = 4.5072555705e+02  (0.2 s)
TT(1,2,2,2) from CP-2  G2     J = 4.5051492102e+02  (0.3 s)
TT(1,2,2,2) from CP-2  G3     J = 4.5030989002e+02  (0.2 s)
TT(1,2,2,2) from CP-2  v      J = 4.4998763981e+02  (0.8 s)
TT(1,2,2,2) from CP-2  G3     J = 4.4984849176e+02  (0.1 s)
TT(1,2,2,2) from CP-2  G2     J = 4.4961150404e+02  (0.2 s)
TT(1,2,2,2) from CP-2  G1     J = 4.4942628160e+02  (0.2 s)
TT(1,2,2,2) from CP-2  v      J = 4.4913389332e+02  (0.6 s)
   sweep 8 test F=0.1241 E=0.00417 V=0.0326
TT(1,2,2,2) from CP-2 sweep 8: J = 4.4913389332e+02  rel change 3.841e-03  wall 2.9 s
RES TT(1,2,2,2) from CP-2              nparams=  380 (cores   90, readout  190, pair 100) flops/site=     806  test F=0.1241 E=0.00417 V=0.0326  train F=0.1253 sweeps=8 wall/sweep=3s nonmono=0 initF=0.1277
TT TT(1,5,15,16) random init s1 init (random, K=16, noise=0): test F=0.1260
TT(1,5,15,16) random init s1  init  J = 3.9627801846e+02
TT(1,5,15,16) random init s1  G1     J = 3.9542866951e+02  (0.2 s)
TT(1,5,15,16) random init s1  G2     J = 3.6614111551e+02  (3.0 s)
TT(1,5,15,16) random init s1  G3     J = 3.5102754131e+02  (5.2 s)
TT(1,5,15,16) random init s1  v      J = 3.4186120223e+02  (5.3 s)
TT(1,5,15,16) random init s1  G3     J = 3.3870708724e+02  (7.4 s)
TT(1,5,15,16) random init s1  G2     J = 3.3692450691e+02  (5.8 s)
TT(1,5,15,16) random init s1  G1     J = 3.3688995255e+02  (0.5 s)
TT(1,5,15,16) random init s1  v      J = 3.3443259781e+02  (7.8 s)
   sweep 1 test F=0.1225 E=0.00616 V=0.0392
TT(1,5,15,16) random init s1 sweep 1: J = 3.3443259781e+02  rel change 1.561e-01  wall 39.3 s
TT(1,5,15,16) random init s1  G1     J = 3.3442927786e+02  (0.5 s)
TT(1,5,15,16) random init s1  G2     J = 3.3356266255e+02  (3.4 s)
TT(1,5,15,16) random init s1  G3     J = 3.3216636781e+02  (5.3 s)
TT(1,5,15,16) random init s1  v      J = 3.3062071791e+02  (5.9 s)
TT(1,5,15,16) random init s1  G3     J = 3.2968526412e+02  (5.3 s)
TT(1,5,15,16) random init s1  G2     J = 3.2912705233e+02  (2.7 s)
TT(1,5,15,16) random init s1  G1     J = 3.2911625413e+02  (0.2 s)
TT(1,5,15,16) random init s1  v      J = 3.2817706098e+02  (5.3 s)
   sweep 2 test F=0.1219 E=0.00627 V=0.0399
TT(1,5,15,16) random init s1 sweep 2: J = 3.2817706098e+02  rel change 1.870e-02  wall 30.0 s
TT(1,5,15,16) random init s1  G1     J = 3.2817569240e+02  (0.3 s)
TT(1,5,15,16) random init s1  G2     J = 3.2778112116e+02  (4.1 s)
TT(1,5,15,16) random init s1  G3     J = 3.2722023803e+02  (6.8 s)
TT(1,5,15,16) random init s1  v      J = 3.2657611309e+02  (6.4 s)
TT(1,5,15,16) random init s1  G3     J = 3.2612527854e+02  (6.9 s)
TT(1,5,15,16) random init s1  G2     J = 3.2583868909e+02  (3.8 s)
TT(1,5,15,16) random init s1  G1     J = 3.2583354678e+02  (0.3 s)
TT(1,5,15,16) random init s1  v      J = 3.2536885176e+02  (6.3 s)
   sweep 3 test F=0.1216 E=0.00625 V=0.0402
TT(1,5,15,16) random init s1 sweep 3: J = 3.2536885176e+02  rel change 8.557e-03  wall 37.3 s
TT(1,5,15,16) random init s1  G1     J = 3.2536810083e+02  (0.3 s)
TT(1,5,15,16) random init s1  G2     J = 3.2514626615e+02  (3.1 s)
TT(1,5,15,16) random init s1  G3     J = 3.2477570742e+02  (5.3 s)
TT(1,5,15,16) random init s1  v      J = 3.2436559068e+02  (5.6 s)
TT(1,5,15,16) random init s1  G3     J = 3.2407358447e+02  (5.0 s)
TT(1,5,15,16) random init s1  G2     J = 3.2382458088e+02  (4.2 s)
TT(1,5,15,16) random init s1  G1     J = 3.2382085764e+02  (0.3 s)
TT(1,5,15,16) random init s1  v      J = 3.2347357042e+02  (4.6 s)
   sweep 4 test F=0.1214 E=0.00621 V=0.0409
TT(1,5,15,16) random init s1 sweep 4: J = 3.2347357042e+02  rel change 5.825e-03  wall 29.7 s
TT(1,5,15,16) random init s1  G1     J = 3.2347267554e+02  (0.2 s)
TT(1,5,15,16) random init s1  G2     J = 3.2329169584e+02  (3.6 s)
TT(1,5,15,16) random init s1  G3     J = 3.2301425285e+02  (6.0 s)
TT(1,5,15,16) random init s1  v      J = 3.2270321985e+02  (5.1 s)
TT(1,5,15,16) random init s1  G3     J = 3.2247541424e+02  (5.2 s)
TT(1,5,15,16) random init s1  G2     J = 3.2228268680e+02  (4.4 s)
TT(1,5,15,16) random init s1  G1     J = 3.2227977188e+02  (0.4 s)
TT(1,5,15,16) random init s1  v      J = 3.2200697405e+02  (7.2 s)
   sweep 5 test F=0.1212 E=0.00619 V=0.0413
TT(1,5,15,16) random init s1 sweep 5: J = 3.2200697405e+02  rel change 4.534e-03  wall 34.0 s
TT(1,5,15,16) random init s1  G1     J = 3.2200611694e+02  (0.3 s)
TT(1,5,15,16) random init s1  G2     J = 3.2185439311e+02  (3.6 s)
TT(1,5,15,16) random init s1  G3     J = 3.2163321915e+02  (5.4 s)
TT(1,5,15,16) random init s1  v      J = 3.2138435585e+02  (5.4 s)
TT(1,5,15,16) random init s1  G3     J = 3.2120100311e+02  (5.6 s)
TT(1,5,15,16) random init s1  G2     J = 3.2106108322e+02  (2.8 s)
TT(1,5,15,16) random init s1  G1     J = 3.2105888980e+02  (0.3 s)
TT(1,5,15,16) random init s1  v      J = 3.2084747880e+02  (5.7 s)
   sweep 6 test F=0.1211 E=0.00620 V=0.0414
TT(1,5,15,16) random init s1 sweep 6: J = 3.2084747880e+02  rel change 3.601e-03  wall 30.2 s
TT(1,5,15,16) random init s1  G1     J = 3.2084678600e+02  (0.3 s)
TT(1,5,15,16) random init s1  G2     J = 3.2073689875e+02  (3.8 s)
TT(1,5,15,16) random init s1  G3     J = 3.2056367367e+02  (4.9 s)
TT(1,5,15,16) random init s1  v      J = 3.2037080461e+02  (6.7 s)
TT(1,5,15,16) random init s1  G3     J = 3.2022720794e+02  (4.4 s)
TT(1,5,15,16) random init s1  G2     J = 3.2010743652e+02  (2.9 s)
TT(1,5,15,16) random init s1  G1     J = 3.2010541354e+02  (0.6 s)
TT(1,5,15,16) random init s1  v      J = 3.1994458573e+02  (6.3 s)
   sweep 7 test F=0.1210 E=0.00620 V=0.0415
TT(1,5,15,16) random init s1 sweep 7: J = 3.1994458573e+02  rel change 2.814e-03  wall 33.0 s
TT(1,5,15,16) random init s1  G1     J = 3.1994407616e+02  (1.0 s)
TT(1,5,15,16) random init s1  G2     J = 3.1985456708e+02  (2.9 s)
TT(1,5,15,16) random init s1  G3     J = 3.1971286121e+02  (4.2 s)
TT(1,5,15,16) random init s1  v      J = 3.1955867913e+02  (5.1 s)
TT(1,5,15,16) random init s1  G3     J = 3.1944294126e+02  (5.5 s)
TT(1,5,15,16) random init s1  G2     J = 3.1933518057e+02  (3.5 s)
TT(1,5,15,16) random init s1  G1     J = 3.1933345235e+02  (0.4 s)
TT(1,5,15,16) random init s1  v      J = 3.1920591073e+02  (5.0 s)
   sweep 8 test F=0.1210 E=0.00619 V=0.0416
TT(1,5,15,16) random init s1 sweep 8: J = 3.1920591073e+02  rel change 2.309e-03  wall 28.9 s
RES TT(1,5,15,16) random init s1       nparams= 3390 (cores 2025, readout 1265, pair 100) flops/site=   18638  test F=0.1210 E=0.00619 V=0.0416  train F=0.1110 sweeps=8 wall/sweep=33s nonmono=0 initF=0.1260
TT TT(1,5,15,16) random init s2 init (random, K=16, noise=0): test F=0.1300
TT(1,5,15,16) random init s2  init  J = 4.2943181918e+02
TT(1,5,15,16) random init s2  G1     J = 4.2809148326e+02  (0.7 s)
TT(1,5,15,16) random init s2  G2     J = 3.8338599925e+02  (2.8 s)
TT(1,5,15,16) random init s2  G3     J = 3.6551053315e+02  (5.2 s)
TT(1,5,15,16) random init s2  v      J = 3.4849830330e+02  (4.4 s)
TT(1,5,15,16) random init s2  G3     J = 3.4411376728e+02  (4.9 s)
TT(1,5,15,16) random init s2  G2     J = 3.4177089496e+02  (3.1 s)
TT(1,5,15,16) random init s2  G1     J = 3.4173247129e+02  (0.3 s)
TT(1,5,15,16) random init s2  v      J = 3.3835236694e+02  (5.7 s)
   sweep 1 test F=0.1228 E=0.00646 V=0.0367
TT(1,5,15,16) random init s2 sweep 1: J = 3.3835236694e+02  rel change 2.121e-01  wall 28.1 s
TT(1,5,15,16) random init s2  G1     J = 3.3833438713e+02  (0.3 s)
TT(1,5,15,16) random init s2  G2     J = 3.3687713323e+02  (2.9 s)
TT(1,5,15,16) random init s2  G3     J = 3.3524370591e+02  (6.5 s)
TT(1,5,15,16) random init s2  v      J = 3.3331482212e+02  (6.0 s)
TT(1,5,15,16) random init s2  G3     J = 3.3234937141e+02  (4.3 s)
TT(1,5,15,16) random init s2  G2     J = 3.3169446977e+02  (2.6 s)
TT(1,5,15,16) random init s2  G1     J = 3.3168364521e+02  (0.3 s)
TT(1,5,15,16) random init s2  v      J = 3.3058031213e+02  (5.7 s)
   sweep 2 test F=0.1218 E=0.00640 V=0.0385
TT(1,5,15,16) random init s2 sweep 2: J = 3.3058031213e+02  rel change 2.297e-02  wall 29.3 s
TT(1,5,15,16) random init s2  G1     J = 3.3057765731e+02  (0.3 s)
TT(1,5,15,16) random init s2  G2     J = 3.3010311477e+02  (2.9 s)
TT(1,5,15,16) random init s2  G3     J = 3.2948616306e+02  (8.3 s)
TT(1,5,15,16) random init s2  v      J = 3.2872836731e+02  (8.9 s)
TT(1,5,15,16) random init s2  G3     J = 3.2824219727e+02  (7.3 s)
TT(1,5,15,16) random init s2  G2     J = 3.2787007637e+02  (4.0 s)
TT(1,5,15,16) random init s2  G1     J = 3.2786363594e+02  (0.4 s)
TT(1,5,15,16) random init s2  v      J = 3.2734514373e+02  (6.7 s)
   sweep 3 test F=0.1213 E=0.00636 V=0.0398
TT(1,5,15,16) random init s2 sweep 3: J = 3.2734514373e+02  rel change 9.786e-03  wall 41.4 s
TT(1,5,15,16) random init s2  G1     J = 3.2734417333e+02  (0.3 s)
TT(1,5,15,16) random init s2  G2     J = 3.2706144020e+02  (3.0 s)
TT(1,5,15,16) random init s2  G3     J = 3.2669907402e+02  (5.9 s)
TT(1,5,15,16) random init s2  v      J = 3.2624902221e+02  (7.6 s)
TT(1,5,15,16) random init s2  G3     J = 3.2593801471e+02  (5.9 s)
TT(1,5,15,16) random init s2  G2     J = 3.2568166929e+02  (2.5 s)
TT(1,5,15,16) random init s2  G1     J = 3.2567672178e+02  (0.3 s)
TT(1,5,15,16) random init s2  v      J = 3.2531585082e+02  (4.4 s)
   sweep 4 test F=0.1211 E=0.00631 V=0.0406
TT(1,5,15,16) random init s2 sweep 4: J = 3.2531585082e+02  rel change 6.199e-03  wall 31.1 s
TT(1,5,15,16) random init s2  G1     J = 3.2531510602e+02  (0.4 s)
TT(1,5,15,16) random init s2  G2     J = 3.2512277486e+02  (4.5 s)
TT(1,5,15,16) random init s2  G3     J = 3.2483497648e+02  (7.3 s)
TT(1,5,15,16) random init s2  v      J = 3.2454032865e+02  (8.6 s)
TT(1,5,15,16) random init s2  G3     J = 3.2432884532e+02  (8.5 s)
TT(1,5,15,16) random init s2  G2     J = 3.2413305407e+02  (2.5 s)
TT(1,5,15,16) random init s2  G1     J = 3.2412996363e+02  (0.3 s)
TT(1,5,15,16) random init s2  v      J = 3.2387911647e+02  (8.0 s)
   sweep 5 test F=0.1210 E=0.00628 V=0.0410
TT(1,5,15,16) random init s2 sweep 5: J = 3.2387911647e+02  rel change 4.416e-03  wall 42.8 s
TT(1,5,15,16) random init s2  G1     J = 3.2387848962e+02  (0.3 s)
TT(1,5,15,16) random init s2  G2     J = 3.2373544435e+02  (3.1 s)
TT(1,5,15,16) random init s2  G3     J = 3.2351274765e+02  (5.7 s)
TT(1,5,15,16) random init s2  v      J = 3.2330475622e+02  (5.9 s)
TT(1,5,15,16) random init s2  G3     J = 3.2315407097e+02  (4.8 s)
TT(1,5,15,16) random init s2  G2     J = 3.2298735173e+02  (2.6 s)
TT(1,5,15,16) random init s2  G1     J = 3.2298510228e+02  (0.3 s)
TT(1,5,15,16) random init s2  v      J = 3.2280367362e+02  (6.1 s)
   sweep 6 test F=0.1209 E=0.00624 V=0.0411
TT(1,5,15,16) random init s2 sweep 6: J = 3.2280367362e+02  rel change 3.321e-03  wall 30.3 s
TT(1,5,15,16) random init s2  G1     J = 3.2280321101e+02  (0.8 s)
TT(1,5,15,16) random init s2  G2     J = 3.2269479846e+02  (2.5 s)
TT(1,5,15,16) random init s2  G3     J = 3.2251480808e+02  (6.7 s)
TT(1,5,15,16) random init s2  v      J = 3.2235244453e+02  (6.1 s)
TT(1,5,15,16) random init s2  G3     J = 3.2223467388e+02  (5.5 s)
TT(1,5,15,16) random init s2  G2     J = 3.2208571853e+02  (4.7 s)
TT(1,5,15,16) random init s2  G1     J = 3.2208384403e+02  (0.2 s)
TT(1,5,15,16) random init s2  v      J = 3.2192750177e+02  (14.0 s)
   sweep 7 test F=0.1208 E=0.00621 V=0.0412
TT(1,5,15,16) random init s2 sweep 7: J = 3.2192750177e+02  rel change 2.714e-03  wall 43.2 s
TT(1,5,15,16) random init s2  G1     J = 3.2192702994e+02  (0.4 s)
TT(1,5,15,16) random init s2  G2     J = 3.2184039791e+02  (4.3 s)
TT(1,5,15,16) random init s2  G3     J = 3.2168401292e+02  (5.7 s)
TT(1,5,15,16) random init s2  v      J = 3.2152565943e+02  (5.5 s)
TT(1,5,15,16) random init s2  G3     J = 3.2141026684e+02  (5.2 s)
TT(1,5,15,16) random init s2  G2     J = 3.2126336480e+02  (2.9 s)
TT(1,5,15,16) random init s2  G1     J = 3.2126199039e+02  (0.3 s)
TT(1,5,15,16) random init s2  v      J = 3.2112078843e+02  (5.3 s)
   sweep 8 test F=0.1207 E=0.00621 V=0.0410
TT(1,5,15,16) random init s2 sweep 8: J = 3.2112078843e+02  rel change 2.506e-03  wall 30.9 s
RES TT(1,5,15,16) random init s2       nparams= 3390 (cores 2025, readout 1265, pair 100) flops/site=   18638  test F=0.1207 E=0.00621 V=0.0410  train F=0.1113 sweeps=8 wall/sweep=35s nonmono=0 initF=0.1300
TT TT(1,5,8,8) random init s1 init (random, K=8, noise=0): test F=0.1676
TT(1,5,8,8) random init s1  init  J = 8.0418133804e+02
TT(1,5,8,8) random init s1  G1     J = 7.5150666728e+02  (0.6 s)
TT(1,5,8,8) random init s1  G2     J = 5.6510745133e+02  (1.9 s)
TT(1,5,8,8) random init s1  G3     J = 5.4735498504e+02  (0.8 s)
TT(1,5,8,8) random init s1  v      J = 4.5147236226e+02  (2.0 s)
TT(1,5,8,8) random init s1  G3     J = 4.3876145752e+02  (0.7 s)
TT(1,5,8,8) random init s1  G2     J = 4.1861948057e+02  (1.0 s)
TT(1,5,8,8) random init s1  G1     J = 4.1679186048e+02  (0.3 s)
TT(1,5,8,8) random init s1  v      J = 3.9745115852e+02  (2.0 s)
   sweep 1 test F=0.1253 E=0.00650 V=0.0377
TT(1,5,8,8) random init s1 sweep 1: J = 3.9745115852e+02  rel change 5.058e-01  wall 9.6 s
TT(1,5,8,8) random init s1  G1     J = 3.9679425019e+02  (0.3 s)
TT(1,5,8,8) random init s1  G2     J = 3.8919830975e+02  (1.2 s)
TT(1,5,8,8) random init s1  G3     J = 3.8640064712e+02  (1.0 s)
TT(1,5,8,8) random init s1  v      J = 3.7919084248e+02  (1.4 s)
TT(1,5,8,8) random init s1  G3     J = 3.7698612353e+02  (0.8 s)
TT(1,5,8,8) random init s1  G2     J = 3.7401677243e+02  (0.7 s)
TT(1,5,8,8) random init s1  G1     J = 3.7375500887e+02  (0.2 s)
TT(1,5,8,8) random init s1  v      J = 3.7052728203e+02  (2.2 s)
   sweep 2 test F=0.1222 E=0.00576 V=0.0349
TT(1,5,8,8) random init s1 sweep 2: J = 3.7052728203e+02  rel change 6.774e-02  wall 8.5 s
TT(1,5,8,8) random init s1  G1     J = 3.7042212286e+02  (0.2 s)
TT(1,5,8,8) random init s1  G2     J = 3.6865010765e+02  (1.5 s)
TT(1,5,8,8) random init s1  G3     J = 3.6763426399e+02  (1.2 s)
TT(1,5,8,8) random init s1  v      J = 3.6606263213e+02  (3.4 s)
TT(1,5,8,8) random init s1  G3     J = 3.6542624496e+02  (1.4 s)
TT(1,5,8,8) random init s1  G2     J = 3.6438799277e+02  (1.3 s)
TT(1,5,8,8) random init s1  G1     J = 3.6432295333e+02  (0.4 s)
TT(1,5,8,8) random init s1  v      J = 3.6320753752e+02  (2.7 s)
   sweep 3 test F=0.1215 E=0.00567 V=0.0344
TT(1,5,8,8) random init s1 sweep 3: J = 3.6320753752e+02  rel change 1.975e-02  wall 13.3 s
TT(1,5,8,8) random init s1  G1     J = 3.6316350186e+02  (0.3 s)
TT(1,5,8,8) random init s1  G2     J = 3.6239820123e+02  (1.4 s)
TT(1,5,8,8) random init s1  G3     J = 3.6186178457e+02  (1.0 s)
TT(1,5,8,8) random init s1  v      J = 3.6112523548e+02  (3.1 s)
TT(1,5,8,8) random init s1  G3     J = 3.6075371752e+02  (2.0 s)
TT(1,5,8,8) random init s1  G2     J = 3.6010508636e+02  (1.3 s)
TT(1,5,8,8) random init s1  G1     J = 3.6007315833e+02  (0.3 s)
TT(1,5,8,8) random init s1  v      J = 3.5933472793e+02  (2.5 s)
   sweep 4 test F=0.1212 E=0.00551 V=0.0343
TT(1,5,8,8) random init s1 sweep 4: J = 3.5933472793e+02  rel change 1.066e-02  wall 13.0 s
TT(1,5,8,8) random init s1  G1     J = 3.5930783791e+02  (0.4 s)
TT(1,5,8,8) random init s1  G2     J = 3.5878117273e+02  (1.9 s)
TT(1,5,8,8) random init s1  G3     J = 3.5838635988e+02  (0.9 s)
TT(1,5,8,8) random init s1  v      J = 3.5784889103e+02  (2.7 s)
TT(1,5,8,8) random init s1  G3     J = 3.5756250913e+02  (1.0 s)
TT(1,5,8,8) random init s1  G2     J = 3.5709226883e+02  (1.3 s)
TT(1,5,8,8) random init s1  G1     J = 3.5706696466e+02  (0.3 s)
TT(1,5,8,8) random init s1  v      J = 3.5656951942e+02  (2.5 s)
   sweep 5 test F=0.1210 E=0.00542 V=0.0344
TT(1,5,8,8) random init s1 sweep 5: J = 3.5656951942e+02  rel change 7.695e-03  wall 11.6 s
TT(1,5,8,8) random init s1  G1     J = 3.5655095558e+02  (0.3 s)
TT(1,5,8,8) random init s1  G2     J = 3.5618405799e+02  (1.1 s)
TT(1,5,8,8) random init s1  G3     J = 3.5588254056e+02  (0.9 s)
TT(1,5,8,8) random init s1  v      J = 3.5546492623e+02  (3.6 s)
TT(1,5,8,8) random init s1  G3     J = 3.5523348758e+02  (1.3 s)
TT(1,5,8,8) random init s1  G2     J = 3.5487984467e+02  (1.5 s)
TT(1,5,8,8) random init s1  G1     J = 3.5485766789e+02  (0.7 s)
TT(1,5,8,8) random init s1  v      J = 3.5448712179e+02  (3.1 s)
   sweep 6 test F=0.1210 E=0.00540 V=0.0346
TT(1,5,8,8) random init s1 sweep 6: J = 3.5448712179e+02  rel change 5.840e-03  wall 13.7 s
TT(1,5,8,8) random init s1  G1     J = 3.5447269055e+02  (1.2 s)
TT(1,5,8,8) random init s1  G2     J = 3.5419000602e+02  (2.8 s)
TT(1,5,8,8) random init s1  G3     J = 3.5395321066e+02  (1.0 s)
TT(1,5,8,8) random init s1  v      J = 3.5361329047e+02  (2.6 s)
TT(1,5,8,8) random init s1  G3     J = 3.5342470607e+02  (2.1 s)
TT(1,5,8,8) random init s1  G2     J = 3.5314312159e+02  (2.2 s)
TT(1,5,8,8) random init s1  G1     J = 3.5312354745e+02  (0.3 s)
TT(1,5,8,8) random init s1  v      J = 3.5283464960e+02  (3.4 s)
   sweep 7 test F=0.1209 E=0.00541 V=0.0349
TT(1,5,8,8) random init s1 sweep 7: J = 3.5283464960e+02  rel change 4.662e-03  wall 17.3 s
TT(1,5,8,8) random init s1  G1     J = 3.5282335203e+02  (0.6 s)
TT(1,5,8,8) random init s1  G2     J = 3.5259501690e+02  (1.6 s)
TT(1,5,8,8) random init s1  G3     J = 3.5240760040e+02  (1.4 s)
TT(1,5,8,8) random init s1  v      J = 3.5213379153e+02  (4.1 s)
TT(1,5,8,8) random init s1  G3     J = 3.5198541746e+02  (1.6 s)
TT(1,5,8,8) random init s1  G2     J = 3.5175538705e+02  (2.8 s)
TT(1,5,8,8) random init s1  G1     J = 3.5173862433e+02  (0.3 s)
TT(1,5,8,8) random init s1  v      J = 3.5151295934e+02  (2.5 s)
   sweep 8 test F=0.1209 E=0.00545 V=0.0351
TT(1,5,8,8) random init s1 sweep 8: J = 3.5151295934e+02  rel change 3.746e-03  wall 16.2 s
RES TT(1,5,8,8) random init s1         nparams= 1595 (cores  795, readout  700, pair 100) flops/site=    7208  test F=0.1209 E=0.00545 V=0.0351  train F=0.1154 sweeps=8 wall/sweep=13s nonmono=0 initF=0.1676
[ Info: degree 4, lambda 1.0e-7, stages SubString{String}["base", "cp", "tt", "rand", "transfer", "cost"]
┌ Warning: Assignment to `e1` in soft scope is ambiguous because a global variable by the same name exists: `e1` will be treated as a new local. Disambiguate by using `local e1` to suppress this warning or `global e1` to assign to the existing global variable.
└ @ ~/.julia/dev/ACEpotentials/acejax/spike_tt/run_tt.jl:293
┌ Warning: Assignment to `e1` in soft scope is ambiguous because a global variable by the same name exists: `e1` will be treated as a new local. Disambiguate by using `local e1` to suppress this warning or `global e1` to assign to the existing global variable.
└ @ ~/.julia/dev/ACEpotentials/acejax/spike_tt/run_tt.jl:298
ERROR: LoadError: AssertionError: length(kind) == size(A, 1)
Stacktrace:
 [1] row_layout_from(A::Matrix{Float64}, natoms::Vector{Int64})
   @ Main ~/.julia/dev/ACEpotentials/acejax/spike_tt/run_tt.jl:48
 [2] top-level scope
   @ ~/.julia/dev/ACEpotentials/acejax/spike_tt/run_tt.jl:284
 [3] include(mod::Module, _path::String)
   @ Base ./Base.jl:309
 [4] exec_options(opts::Base.JLOptions)
   @ Base ./client.jl:344
 [5] _start()
   @ Base ./client.jl:577
in expression starting at /Users/u1470235/.julia/dev/ACEpotentials/acejax/spike_tt/run_tt.jl:279
