map: nB=370 per z0, N_c=620 per z0, #β=19 (embedded-spec 10), maxres=3.3e-16
train data: AΦ (25544, 3100) built in 1.4 s
flop model: n_A1=7, DAG nodes per order/depth [[4], [5, 11], [2, 6, 12]], blocks per order [4, 7, 8]
TT TT(1,5,15,16) from CP-16 init (cp, K=16, noise=0): test F=0.1229
TT(1,5,15,16) from CP-16  init  J = 3.7208198250e+02
TT(1,5,15,16) from CP-16  G1     J = 3.7137000085e+02  (0.3 s)
TT(1,5,15,16) from CP-16  G2     J = 3.4877334027e+02  (1.6 s)
TT(1,5,15,16) from CP-16  G3     J = 3.3630822942e+02  (3.2 s)
TT(1,5,15,16) from CP-16  v      J = 3.2629669415e+02  (2.4 s)
TT(1,5,15,16) from CP-16  G3     J = 3.2421018948e+02  (2.5 s)
TT(1,5,15,16) from CP-16  G2     J = 3.2338201099e+02  (1.3 s)
TT(1,5,15,16) from CP-16  G1     J = 3.2337209723e+02  (0.2 s)
TT(1,5,15,16) from CP-16  v      J = 3.2230764487e+02  (3.0 s)
   sweep 1 test F=0.1210 E=0.00645 V=0.0410
TT(1,5,15,16) from CP-16 sweep 1: J = 3.2230764487e+02  rel change 1.338e-01  wall 15.0 s
TT(1,5,15,16) from CP-16  G1     J = 3.2230345026e+02  (0.3 s)
TT(1,5,15,16) from CP-16  G2     J = 3.2190080678e+02  (2.2 s)
TT(1,5,15,16) from CP-16  G3     J = 3.2128194470e+02  (2.9 s)
TT(1,5,15,16) from CP-16  v      J = 3.2074890254e+02  (2.9 s)
TT(1,5,15,16) from CP-16  G3     J = 3.2040717698e+02  (2.5 s)
TT(1,5,15,16) from CP-16  G2     J = 3.2012793468e+02  (1.3 s)
TT(1,5,15,16) from CP-16  G1     J = 3.2012492847e+02  (0.2 s)
TT(1,5,15,16) from CP-16  v      J = 3.1978700120e+02  (2.6 s)
   sweep 2 test F=0.1208 E=0.00648 V=0.0416
TT(1,5,15,16) from CP-16 sweep 2: J = 3.1978700120e+02  rel change 7.821e-03  wall 15.3 s
TT(1,5,15,16) from CP-16  G1     J = 3.1978426410e+02  (0.3 s)
TT(1,5,15,16) from CP-16  G2     J = 3.1960863896e+02  (1.3 s)
TT(1,5,15,16) from CP-16  G3     J = 3.1933977849e+02  (2.3 s)
TT(1,5,15,16) from CP-16  v      J = 3.1909086042e+02  (2.8 s)
TT(1,5,15,16) from CP-16  G3     J = 3.1891168922e+02  (3.0 s)
TT(1,5,15,16) from CP-16  G2     J = 3.1873742765e+02  (1.7 s)
TT(1,5,15,16) from CP-16  G1     J = 3.1873530999e+02  (0.2 s)
TT(1,5,15,16) from CP-16  v      J = 3.1853070204e+02  (2.8 s)
   sweep 3 test F=0.1206 E=0.00645 V=0.0418
TT(1,5,15,16) from CP-16 sweep 3: J = 3.1853070204e+02  rel change 3.929e-03  wall 14.8 s
TT(1,5,15,16) from CP-16  G1     J = 3.1852836752e+02  (0.4 s)
TT(1,5,15,16) from CP-16  G2     J = 3.1840357743e+02  (1.4 s)
TT(1,5,15,16) from CP-16  G3     J = 3.1822991970e+02  (2.5 s)
TT(1,5,15,16) from CP-16  v      J = 3.1805602422e+02  (2.7 s)
TT(1,5,15,16) from CP-16  G3     J = 3.1792592973e+02  (2.5 s)
TT(1,5,15,16) from CP-16  G2     J = 3.1780104400e+02  (1.4 s)
TT(1,5,15,16) from CP-16  G1     J = 3.1779916573e+02  (0.2 s)
TT(1,5,15,16) from CP-16  v      J = 3.1764908974e+02  (2.8 s)
   sweep 4 test F=0.1205 E=0.00641 V=0.0419
TT(1,5,15,16) from CP-16 sweep 4: J = 3.1764908974e+02  rel change 2.768e-03  wall 14.1 s
TT(1,5,15,16) from CP-16  G1     J = 3.1764697462e+02  (0.3 s)
TT(1,5,15,16) from CP-16  G2     J = 3.1755119254e+02  (1.3 s)
TT(1,5,15,16) from CP-16  G3     J = 3.1742138766e+02  (2.6 s)
TT(1,5,15,16) from CP-16  v      J = 3.1728893664e+02  (3.0 s)
TT(1,5,15,16) from CP-16  G3     J = 3.1718619319e+02  (2.7 s)
TT(1,5,15,16) from CP-16  G2     J = 3.1708639798e+02  (1.4 s)
TT(1,5,15,16) from CP-16  G1     J = 3.1708477779e+02  (0.2 s)
TT(1,5,15,16) from CP-16  v      J = 3.1696658770e+02  (2.9 s)
   sweep 5 test F=0.1205 E=0.00638 V=0.0420
TT(1,5,15,16) from CP-16 sweep 5: J = 3.1696658770e+02  rel change 2.149e-03  wall 14.9 s
TT(1,5,15,16) from CP-16  G1     J = 3.1696401583e+02  (0.4 s)
TT(1,5,15,16) from CP-16  G2     J = 3.1688566113e+02  (1.5 s)
TT(1,5,15,16) from CP-16  G3     J = 3.1677984167e+02  (2.6 s)
TT(1,5,15,16) from CP-16  v      J = 3.1667345900e+02  (2.8 s)
TT(1,5,15,16) from CP-16  G3     J = 3.1658914206e+02  (3.0 s)
TT(1,5,15,16) from CP-16  G2     J = 3.1650452282e+02  (2.1 s)
TT(1,5,15,16) from CP-16  G1     J = 3.1650306191e+02  (0.2 s)
TT(1,5,15,16) from CP-16  v      J = 3.1640629432e+02  (4.7 s)
   sweep 6 test F=0.1204 E=0.00635 V=0.0420
TT(1,5,15,16) from CP-16 sweep 6: J = 3.1640629432e+02  rel change 1.768e-03  wall 20.1 s
TT(1,5,15,16) from CP-16  G1     J = 3.1640378702e+02  (0.2 s)
TT(1,5,15,16) from CP-16  G2     J = 3.1633799588e+02  (1.7 s)
TT(1,5,15,16) from CP-16  G3     J = 3.1624783679e+02  (3.2 s)
TT(1,5,15,16) from CP-16  v      J = 3.1616002767e+02  (3.1 s)
TT(1,5,15,16) from CP-16  G3     J = 3.1608863898e+02  (2.7 s)
TT(1,5,15,16) from CP-16  G2     J = 3.1601486406e+02  (1.4 s)
TT(1,5,15,16) from CP-16  G1     J = 3.1601353274e+02  (0.2 s)
TT(1,5,15,16) from CP-16  v      J = 3.1593278039e+02  (3.2 s)
   sweep 7 test F=0.1204 E=0.00633 V=0.0420
TT(1,5,15,16) from CP-16 sweep 7: J = 3.1593278039e+02  rel change 1.497e-03  wall 15.8 s
TT(1,5,15,16) from CP-16  G1     J = 3.1593037283e+02  (0.2 s)
TT(1,5,15,16) from CP-16  G2     J = 3.1587448304e+02  (1.3 s)
TT(1,5,15,16) from CP-16  G3     J = 3.1579524490e+02  (2.4 s)
TT(1,5,15,16) from CP-16  v      J = 3.1572113932e+02  (2.7 s)
TT(1,5,15,16) from CP-16  G3     J = 3.1565892165e+02  (2.4 s)
TT(1,5,15,16) from CP-16  G2     J = 3.1559363306e+02  (1.3 s)
TT(1,5,15,16) from CP-16  G1     J = 3.1559238953e+02  (0.2 s)
TT(1,5,15,16) from CP-16  v      J = 3.1552389408e+02  (2.8 s)
   sweep 8 test F=0.1203 E=0.00631 V=0.0421
TT(1,5,15,16) from CP-16 sweep 8: J = 3.1552389408e+02  rel change 1.294e-03  wall 13.5 s
RES TT(1,5,15,16) from CP-16           nparams= 3390 (cores 2025, readout 1265, pair 100) flops/site=   18638  test F=0.1203 E=0.00631 V=0.0421  train F=0.1104 sweeps=8 wall/sweep=16s nonmono=0 initF=0.1229
TT TT(1,5,8,8) from CP-8 init (cp, K=8, noise=0): test F=0.1292
TT(1,5,8,8) from CP-8  init  J = 4.5567072800e+02
TT(1,5,8,8) from CP-8  G1     J = 4.4570666833e+02  (0.2 s)
TT(1,5,8,8) from CP-8  G2     J = 4.0264441077e+02  (0.7 s)
TT(1,5,8,8) from CP-8  G3     J = 3.9720369184e+02  (0.5 s)
TT(1,5,8,8) from CP-8  v      J = 3.6628440619e+02  (1.5 s)
TT(1,5,8,8) from CP-8  G3     J = 3.6275685142e+02  (0.5 s)
TT(1,5,8,8) from CP-8  G2     J = 3.5930659235e+02  (0.6 s)
TT(1,5,8,8) from CP-8  G1     J = 3.5922979815e+02  (0.2 s)
TT(1,5,8,8) from CP-8  v      J = 3.5502991120e+02  (1.2 s)
   sweep 1 test F=0.1194 E=0.00533 V=0.0343
TT(1,5,8,8) from CP-8 sweep 1: J = 3.5502991120e+02  rel change 2.209e-01  wall 5.9 s
TT(1,5,8,8) from CP-8  G1     J = 3.5495184596e+02  (0.1 s)
TT(1,5,8,8) from CP-8  G2     J = 3.5340897258e+02  (0.7 s)
TT(1,5,8,8) from CP-8  G3     J = 3.5256567089e+02  (0.6 s)
TT(1,5,8,8) from CP-8  v      J = 3.5117371801e+02  (1.3 s)
TT(1,5,8,8) from CP-8  G3     J = 3.5071478907e+02  (0.5 s)
TT(1,5,8,8) from CP-8  G2     J = 3.4980107277e+02  (0.6 s)
TT(1,5,8,8) from CP-8  G1     J = 3.4978583754e+02  (0.2 s)
TT(1,5,8,8) from CP-8  v      J = 3.4898416933e+02  (1.1 s)
   sweep 2 test F=0.1189 E=0.00535 V=0.0350
TT(1,5,8,8) from CP-8 sweep 2: J = 3.4898416933e+02  rel change 1.703e-02  wall 5.4 s
TT(1,5,8,8) from CP-8  G1     J = 3.4895039403e+02  (0.3 s)
TT(1,5,8,8) from CP-8  G2     J = 3.4843196612e+02  (0.8 s)
TT(1,5,8,8) from CP-8  G3     J = 3.4796883649e+02  (0.5 s)
TT(1,5,8,8) from CP-8  v      J = 3.4743469424e+02  (1.3 s)
TT(1,5,8,8) from CP-8  G3     J = 3.4720467020e+02  (0.6 s)
TT(1,5,8,8) from CP-8  G2     J = 3.4671795100e+02  (0.6 s)
TT(1,5,8,8) from CP-8  G1     J = 3.4670794491e+02  (0.2 s)
TT(1,5,8,8) from CP-8  v      J = 3.4627993196e+02  (1.3 s)
   sweep 3 test F=0.1187 E=0.00525 V=0.0353
TT(1,5,8,8) from CP-8 sweep 3: J = 3.4627993196e+02  rel change 7.749e-03  wall 5.8 s
TT(1,5,8,8) from CP-8  G1     J = 3.4626353284e+02  (0.1 s)
TT(1,5,8,8) from CP-8  G2     J = 3.4596293357e+02  (0.7 s)
TT(1,5,8,8) from CP-8  G3     J = 3.4570086163e+02  (0.6 s)
TT(1,5,8,8) from CP-8  v      J = 3.4539723425e+02  (1.4 s)
TT(1,5,8,8) from CP-8  G3     J = 3.4524374804e+02  (0.5 s)
TT(1,5,8,8) from CP-8  G2     J = 3.4495439031e+02  (0.7 s)
TT(1,5,8,8) from CP-8  G1     J = 3.4494776073e+02  (0.2 s)
TT(1,5,8,8) from CP-8  v      J = 3.4468706377e+02  (1.3 s)
   sweep 4 test F=0.1186 E=0.00518 V=0.0354
TT(1,5,8,8) from CP-8 sweep 4: J = 3.4468706377e+02  rel change 4.600e-03  wall 5.6 s
TT(1,5,8,8) from CP-8  G1     J = 3.4467714839e+02  (0.2 s)
TT(1,5,8,8) from CP-8  G2     J = 3.4448283156e+02  (1.3 s)
TT(1,5,8,8) from CP-8  G3     J = 3.4430835850e+02  (0.7 s)
TT(1,5,8,8) from CP-8  v      J = 3.4410437437e+02  (1.4 s)
TT(1,5,8,8) from CP-8  G3     J = 3.4399513381e+02  (0.5 s)
TT(1,5,8,8) from CP-8  G2     J = 3.4379513587e+02  (0.9 s)
TT(1,5,8,8) from CP-8  G1     J = 3.4379062884e+02  (0.3 s)
TT(1,5,8,8) from CP-8  v      J = 3.4361330696e+02  (1.5 s)
   sweep 5 test F=0.1186 E=0.00514 V=0.0353
TT(1,5,8,8) from CP-8 sweep 5: J = 3.4361330696e+02  rel change 3.115e-03  wall 7.2 s
TT(1,5,8,8) from CP-8  G1     J = 3.4360625723e+02  (0.2 s)
TT(1,5,8,8) from CP-8  G2     J = 3.4346845669e+02  (0.9 s)
TT(1,5,8,8) from CP-8  G3     J = 3.4333879845e+02  (0.6 s)
TT(1,5,8,8) from CP-8  v      J = 3.4318823236e+02  (1.3 s)
TT(1,5,8,8) from CP-8  G3     J = 3.4310361696e+02  (0.5 s)
TT(1,5,8,8) from CP-8  G2     J = 3.4295152291e+02  (0.7 s)
TT(1,5,8,8) from CP-8  G1     J = 3.4294824992e+02  (0.2 s)
TT(1,5,8,8) from CP-8  v      J = 3.4281381106e+02  (1.3 s)
   sweep 6 test F=0.1186 E=0.00512 V=0.0353
TT(1,5,8,8) from CP-8 sweep 6: J = 3.4281381106e+02  rel change 2.327e-03  wall 5.7 s
TT(1,5,8,8) from CP-8  G1     J = 3.4280843818e+02  (0.2 s)
TT(1,5,8,8) from CP-8  G2     J = 3.4270105705e+02  (0.7 s)
TT(1,5,8,8) from CP-8  G3     J = 3.4259541032e+02  (0.6 s)
TT(1,5,8,8) from CP-8  v      J = 3.4247281811e+02  (1.2 s)
TT(1,5,8,8) from CP-8  G3     J = 3.4240065610e+02  (0.6 s)
TT(1,5,8,8) from CP-8  G2     J = 3.4227471481e+02  (0.7 s)
TT(1,5,8,8) from CP-8  G1     J = 3.4227212512e+02  (0.2 s)
TT(1,5,8,8) from CP-8  v      J = 3.4215971981e+02  (1.5 s)
   sweep 7 test F=0.1186 E=0.00510 V=0.0352
TT(1,5,8,8) from CP-8 sweep 7: J = 3.4215971981e+02  rel change 1.908e-03  wall 5.9 s
TT(1,5,8,8) from CP-8  G1     J = 3.4215547236e+02  (0.3 s)
TT(1,5,8,8) from CP-8  G2     J = 3.4206485804e+02  (1.1 s)
TT(1,5,8,8) from CP-8  G3     J = 3.4197240683e+02  (0.5 s)
TT(1,5,8,8) from CP-8  v      J = 3.4186426180e+02  (1.4 s)
TT(1,5,8,8) from CP-8  G3     J = 3.4179842852e+02  (0.5 s)
TT(1,5,8,8) from CP-8  G2     J = 3.4168758440e+02  (0.6 s)
TT(1,5,8,8) from CP-8  G1     J = 3.4168533674e+02  (0.2 s)
TT(1,5,8,8) from CP-8  v      J = 3.4158531426e+02  (1.2 s)
   sweep 8 test F=0.1186 E=0.00510 V=0.0352
TT(1,5,8,8) from CP-8 sweep 8: J = 3.4158531426e+02  rel change 1.679e-03  wall 5.8 s
TT(1,5,8,8) from CP-8  G1     J = 3.4158186335e+02  (0.1 s)
TT(1,5,8,8) from CP-8  G2     J = 3.4150129297e+02  (0.6 s)
TT(1,5,8,8) from CP-8  G3     J = 3.4141757801e+02  (0.5 s)
TT(1,5,8,8) from CP-8  v      J = 3.4131793362e+02  (1.1 s)
TT(1,5,8,8) from CP-8  G3     J = 3.4125609172e+02  (0.5 s)
TT(1,5,8,8) from CP-8  G2     J = 3.4115577362e+02  (0.6 s)
TT(1,5,8,8) from CP-8  G1     J = 3.4115370829e+02  (0.2 s)
TT(1,5,8,8) from CP-8  v      J = 3.4106236284e+02  (1.1 s)
   sweep 9 test F=0.1186 E=0.00510 V=0.0352
TT(1,5,8,8) from CP-8 sweep 9: J = 3.4106236284e+02  rel change 1.531e-03  wall 4.7 s
TT(1,5,8,8) from CP-8  G1     J = 3.4105943968e+02  (0.1 s)
TT(1,5,8,8) from CP-8  G2     J = 3.4098612894e+02  (0.6 s)
TT(1,5,8,8) from CP-8  G3     J = 3.4090972613e+02  (0.6 s)
TT(1,5,8,8) from CP-8  v      J = 3.4081684863e+02  (1.3 s)
TT(1,5,8,8) from CP-8  G3     J = 3.4075851711e+02  (0.8 s)
TT(1,5,8,8) from CP-8  G2     J = 3.4066728501e+02  (0.7 s)
TT(1,5,8,8) from CP-8  G1     J = 3.4066534630e+02  (0.2 s)
TT(1,5,8,8) from CP-8  v      J = 3.4058166731e+02  (1.3 s)
   sweep 10 test F=0.1187 E=0.00511 V=0.0352
TT(1,5,8,8) from CP-8 sweep 10: J = 3.4058166731e+02  rel change 1.409e-03  wall 5.8 s
TT(1,5,8,8) from CP-8  G1     J = 3.4057903356e+02  (0.1 s)
TT(1,5,8,8) from CP-8  G2     J = 3.4051216577e+02  (0.8 s)
TT(1,5,8,8) from CP-8  G3     J = 3.4044263753e+02  (0.5 s)
TT(1,5,8,8) from CP-8  v      J = 3.4035662442e+02  (1.4 s)
TT(1,5,8,8) from CP-8  G3     J = 3.4030206419e+02  (0.5 s)
TT(1,5,8,8) from CP-8  G2     J = 3.4021950664e+02  (0.7 s)
TT(1,5,8,8) from CP-8  G1     J = 3.4021769396e+02  (0.2 s)
TT(1,5,8,8) from CP-8  v      J = 3.4014167533e+02  (1.2 s)
   sweep 11 test F=0.1187 E=0.00512 V=0.0352
TT(1,5,8,8) from CP-8 sweep 11: J = 3.4014167533e+02  rel change 1.292e-03  wall 5.7 s
TT(1,5,8,8) from CP-8  G1     J = 3.4013916772e+02  (0.1 s)
TT(1,5,8,8) from CP-8  G2     J = 3.4007863561e+02  (0.6 s)
TT(1,5,8,8) from CP-8  G3     J = 3.4001571880e+02  (0.5 s)
TT(1,5,8,8) from CP-8  v      J = 3.3993708112e+02  (1.1 s)
TT(1,5,8,8) from CP-8  G3     J = 3.3988663111e+02  (0.7 s)
TT(1,5,8,8) from CP-8  G2     J = 3.3981239721e+02  (0.6 s)
TT(1,5,8,8) from CP-8  G1     J = 3.3981071293e+02  (0.2 s)
TT(1,5,8,8) from CP-8  v      J = 3.3974247379e+02  (1.3 s)
   sweep 12 test F=0.1187 E=0.00513 V=0.0352
TT(1,5,8,8) from CP-8 sweep 12: J = 3.3974247379e+02  rel change 1.174e-03  wall 5.3 s
TT(1,5,8,8) from CP-8  G1     J = 3.3974002409e+02  (0.2 s)
TT(1,5,8,8) from CP-8  G2     J = 3.3968573048e+02  (0.6 s)
TT(1,5,8,8) from CP-8  G3     J = 3.3962901091e+02  (0.5 s)
TT(1,5,8,8) from CP-8  v      J = 3.3955787504e+02  (1.1 s)
TT(1,5,8,8) from CP-8  G3     J = 3.3951158047e+02  (0.6 s)
TT(1,5,8,8) from CP-8  G2     J = 3.3944500911e+02  (0.7 s)
TT(1,5,8,8) from CP-8  G1     J = 3.3944345079e+02  (0.2 s)
TT(1,5,8,8) from CP-8  v      J = 3.3938268994e+02  (1.3 s)
   sweep 13 test F=0.1188 E=0.00514 V=0.0352
TT(1,5,8,8) from CP-8 sweep 13: J = 3.3938268994e+02  rel change 1.059e-03  wall 5.3 s
TT(1,5,8,8) from CP-8  G1     J = 3.3938030077e+02  (0.1 s)
TT(1,5,8,8) from CP-8  G2     J = 3.3933184366e+02  (1.2 s)
TT(1,5,8,8) from CP-8  G3     J = 3.3928061776e+02  (0.6 s)
TT(1,5,8,8) from CP-8  v      J = 3.3921650306e+02  (1.3 s)
TT(1,5,8,8) from CP-8  G3     J = 3.3917408885e+02  (0.5 s)
TT(1,5,8,8) from CP-8  G2     J = 3.3911419659e+02  (0.7 s)
TT(1,5,8,8) from CP-8  G1     J = 3.3911274515e+02  (0.1 s)
TT(1,5,8,8) from CP-8  v      J = 3.3905870041e+02  (2.0 s)
   sweep 14 test F=0.1188 E=0.00516 V=0.0352
TT(1,5,8,8) from CP-8 sweep 14: J = 3.3905870041e+02  rel change 9.546e-04  wall 6.7 s
TT(1,5,8,8) from CP-8  G1     J = 3.3905640575e+02  (0.3 s)
TT(1,5,8,8) from CP-8  G2     J = 3.3901312813e+02  (0.6 s)
TT(1,5,8,8) from CP-8  G3     J = 3.3896651794e+02  (0.5 s)
TT(1,5,8,8) from CP-8  v      J = 3.3890856737e+02  (1.6 s)
TT(1,5,8,8) from CP-8  G3     J = 3.3886961293e+02  (0.5 s)
TT(1,5,8,8) from CP-8  G2     J = 3.3881530209e+02  (0.6 s)
TT(1,5,8,8) from CP-8  G1     J = 3.3881393009e+02  (0.2 s)
TT(1,5,8,8) from CP-8  v      J = 3.3876563484e+02  (1.2 s)
   sweep 15 test F=0.1188 E=0.00517 V=0.0352
TT(1,5,8,8) from CP-8 sweep 15: J = 3.3876563484e+02  rel change 8.644e-04  wall 5.6 s
TT(1,5,8,8) from CP-8  G1     J = 3.3876346873e+02  (0.1 s)
TT(1,5,8,8) from CP-8  G2     J = 3.3872462616e+02  (0.7 s)
TT(1,5,8,8) from CP-8  G3     J = 3.3868179303e+02  (0.5 s)
TT(1,5,8,8) from CP-8  v      J = 3.3862907813e+02  (1.2 s)
TT(1,5,8,8) from CP-8  G3     J = 3.3859315620e+02  (0.5 s)
TT(1,5,8,8) from CP-8  G2     J = 3.3854342162e+02  (0.6 s)
TT(1,5,8,8) from CP-8  G1     J = 3.3854211242e+02  (0.1 s)
TT(1,5,8,8) from CP-8  v      J = 3.3849861726e+02  (1.1 s)
   sweep 16 test F=0.1188 E=0.00518 V=0.0352
TT(1,5,8,8) from CP-8 sweep 16: J = 3.3849861726e+02  rel change 7.882e-04  wall 4.9 s
RES TT(1,5,8,8) from CP-8              nparams= 1595 (cores  795, readout  700, pair 100) flops/site=    7208  test F=0.1188 E=0.00518 V=0.0352  train F=0.1137 sweeps=16 wall/sweep=6s nonmono=0 initF=0.1292
TT TT(1,4,4,4) from CP-4 init (cp, K=4, noise=0): test F=0.1252
TT(1,4,4,4) from CP-4  init  J = 4.4481973159e+02
TT(1,4,4,4) from CP-4  G1     J = 4.4259824348e+02  (0.1 s)
TT(1,4,4,4) from CP-4  G2     J = 4.3087352809e+02  (0.3 s)
TT(1,4,4,4) from CP-4  G3     J = 4.2924643582e+02  (0.2 s)
TT(1,4,4,4) from CP-4  v      J = 4.2018049292e+02  (0.6 s)
TT(1,4,4,4) from CP-4  G3     J = 4.1875426237e+02  (0.3 s)
TT(1,4,4,4) from CP-4  G2     J = 4.1542689333e+02  (0.2 s)
TT(1,4,4,4) from CP-4  G1     J = 4.1475171734e+02  (0.1 s)
TT(1,4,4,4) from CP-4  v      J = 4.1130309459e+02  (0.7 s)
   sweep 1 test F=0.1224 E=0.00435 V=0.0319
TT(1,4,4,4) from CP-4 sweep 1: J = 4.1130309459e+02  rel change 7.535e-02  wall 2.5 s
TT(1,4,4,4) from CP-4  G1     J = 4.1089395772e+02  (0.1 s)
TT(1,4,4,4) from CP-4  G2     J = 4.0874482231e+02  (0.2 s)
TT(1,4,4,4) from CP-4  G3     J = 4.0799487014e+02  (0.2 s)
TT(1,4,4,4) from CP-4  v      J = 4.0572797864e+02  (0.6 s)
TT(1,4,4,4) from CP-4  G3     J = 4.0504715099e+02  (0.2 s)
TT(1,4,4,4) from CP-4  G2     J = 4.0361047071e+02  (0.2 s)
TT(1,4,4,4) from CP-4  G1     J = 4.0324790135e+02  (0.1 s)
TT(1,4,4,4) from CP-4  v      J = 4.0156172313e+02  (0.6 s)
   sweep 2 test F=0.1217 E=0.00439 V=0.0319
TT(1,4,4,4) from CP-4 sweep 2: J = 4.0156172313e+02  rel change 2.368e-02  wall 2.3 s
TT(1,4,4,4) from CP-4  G1     J = 4.0124794793e+02  (0.1 s)
TT(1,4,4,4) from CP-4  G2     J = 4.0010179375e+02  (0.2 s)
TT(1,4,4,4) from CP-4  G3     J = 3.9970112455e+02  (0.2 s)
TT(1,4,4,4) from CP-4  v      J = 3.9834355487e+02  (0.6 s)
TT(1,4,4,4) from CP-4  G3     J = 3.9791807082e+02  (0.2 s)
TT(1,4,4,4) from CP-4  G2     J = 3.9705473716e+02  (0.3 s)
TT(1,4,4,4) from CP-4  G1     J = 3.9682250148e+02  (0.1 s)
TT(1,4,4,4) from CP-4  v      J = 3.9578073769e+02  (1.0 s)
   sweep 3 test F=0.1213 E=0.00455 V=0.0317
TT(1,4,4,4) from CP-4 sweep 3: J = 3.9578073769e+02  rel change 1.440e-02  wall 2.9 s
TT(1,4,4,4) from CP-4  G1     J = 3.9555494970e+02  (0.2 s)
TT(1,4,4,4) from CP-4  G2     J = 3.9476421766e+02  (0.4 s)
TT(1,4,4,4) from CP-4  G3     J = 3.9449791647e+02  (0.2 s)
TT(1,4,4,4) from CP-4  v      J = 3.9361313451e+02  (0.9 s)
TT(1,4,4,4) from CP-4  G3     J = 3.9332888631e+02  (0.2 s)
TT(1,4,4,4) from CP-4  G2     J = 3.9268472750e+02  (0.4 s)
TT(1,4,4,4) from CP-4  G1     J = 3.9249978994e+02  (0.1 s)
TT(1,4,4,4) from CP-4  v      J = 3.9165560141e+02  (0.5 s)
   sweep 4 test F=0.1210 E=0.00468 V=0.0316
TT(1,4,4,4) from CP-4 sweep 4: J = 3.9165560141e+02  rel change 1.042e-02  wall 3.0 s
TT(1,4,4,4) from CP-4  G1     J = 3.9146305542e+02  (0.1 s)
TT(1,4,4,4) from CP-4  G2     J = 3.9082073221e+02  (0.3 s)
TT(1,4,4,4) from CP-4  G3     J = 3.9058749674e+02  (0.1 s)
TT(1,4,4,4) from CP-4  v      J = 3.8986281406e+02  (0.5 s)
TT(1,4,4,4) from CP-4  G3     J = 3.8961928446e+02  (0.1 s)
TT(1,4,4,4) from CP-4  G2     J = 3.8906740467e+02  (0.3 s)
TT(1,4,4,4) from CP-4  G1     J = 3.8891894349e+02  (0.1 s)
TT(1,4,4,4) from CP-4  v      J = 3.8822327149e+02  (0.5 s)
   sweep 5 test F=0.1207 E=0.00475 V=0.0315
TT(1,4,4,4) from CP-4 sweep 5: J = 3.8822327149e+02  rel change 8.764e-03  wall 2.3 s
TT(1,4,4,4) from CP-4  G1     J = 3.8809742232e+02  (0.1 s)
TT(1,4,4,4) from CP-4  G2     J = 3.8756659098e+02  (0.2 s)
TT(1,4,4,4) from CP-4  G3     J = 3.8734852958e+02  (0.2 s)
TT(1,4,4,4) from CP-4  v      J = 3.8678337188e+02  (0.5 s)
TT(1,4,4,4) from CP-4  G3     J = 3.8659334910e+02  (0.1 s)
TT(1,4,4,4) from CP-4  G2     J = 3.8615287399e+02  (0.2 s)
TT(1,4,4,4) from CP-4  G1     J = 3.8604530323e+02  (0.2 s)
TT(1,4,4,4) from CP-4  v      J = 3.8555344499e+02  (0.5 s)
   sweep 6 test F=0.1205 E=0.00481 V=0.0314
TT(1,4,4,4) from CP-4 sweep 6: J = 3.8555344499e+02  rel change 6.877e-03  wall 2.2 s
TT(1,4,4,4) from CP-4  G1     J = 3.8547329394e+02  (0.1 s)
TT(1,4,4,4) from CP-4  G2     J = 3.8509812233e+02  (0.2 s)
TT(1,4,4,4) from CP-4  G3     J = 3.8492156204e+02  (0.2 s)
TT(1,4,4,4) from CP-4  v      J = 3.8454261079e+02  (0.5 s)
TT(1,4,4,4) from CP-4  G3     J = 3.8441146058e+02  (0.1 s)
TT(1,4,4,4) from CP-4  G2     J = 3.8410463428e+02  (0.3 s)
TT(1,4,4,4) from CP-4  G1     J = 3.8402935036e+02  (0.2 s)
TT(1,4,4,4) from CP-4  v      J = 3.8371069791e+02  (0.5 s)
   sweep 7 test F=0.1203 E=0.00485 V=0.0313
TT(1,4,4,4) from CP-4 sweep 7: J = 3.8371069791e+02  rel change 4.779e-03  wall 2.2 s
TT(1,4,4,4) from CP-4  G1     J = 3.8366135457e+02  (0.1 s)
TT(1,4,4,4) from CP-4  G2     J = 3.8340460301e+02  (0.3 s)
TT(1,4,4,4) from CP-4  G3     J = 3.8327584427e+02  (0.2 s)
TT(1,4,4,4) from CP-4  v      J = 3.8302099039e+02  (0.6 s)
TT(1,4,4,4) from CP-4  G3     J = 3.8292756694e+02  (0.2 s)
TT(1,4,4,4) from CP-4  G2     J = 3.8271009354e+02  (0.3 s)
TT(1,4,4,4) from CP-4  G1     J = 3.8265676729e+02  (0.1 s)
TT(1,4,4,4) from CP-4  v      J = 3.8243408688e+02  (0.6 s)
   sweep 8 test F=0.1202 E=0.00488 V=0.0312
TT(1,4,4,4) from CP-4 sweep 8: J = 3.8243408688e+02  rel change 3.327e-03  wall 2.4 s
TT(1,4,4,4) from CP-4  G1     J = 3.8239881746e+02  (0.1 s)
TT(1,4,4,4) from CP-4  G2     J = 3.8221113774e+02  (0.3 s)
TT(1,4,4,4) from CP-4  G3     J = 3.8211437961e+02  (0.3 s)
TT(1,4,4,4) from CP-4  v      J = 3.8192696437e+02  (2.8 s)
TT(1,4,4,4) from CP-4  G3     J = 3.8185638244e+02  (0.3 s)
TT(1,4,4,4) from CP-4  G2     J = 3.8168920348e+02  (0.5 s)
TT(1,4,4,4) from CP-4  G1     J = 3.8164830814e+02  (0.1 s)
TT(1,4,4,4) from CP-4  v      J = 3.8147747022e+02  (1.2 s)
   sweep 9 test F=0.1202 E=0.00490 V=0.0311
TT(1,4,4,4) from CP-4 sweep 9: J = 3.8147747022e+02  rel change 2.501e-03  wall 6.0 s
TT(1,4,4,4) from CP-4  G1     J = 3.8144756197e+02  (0.2 s)
TT(1,4,4,4) from CP-4  G2     J = 3.8130129324e+02  (0.4 s)
TT(1,4,4,4) from CP-4  G3     J = 3.8122216510e+02  (0.3 s)
TT(1,4,4,4) from CP-4  v      J = 3.8107364361e+02  (0.7 s)
TT(1,4,4,4) from CP-4  G3     J = 3.8101711216e+02  (0.2 s)
TT(1,4,4,4) from CP-4  G2     J = 3.8087794941e+02  (0.2 s)
TT(1,4,4,4) from CP-4  G1     J = 3.8084442431e+02  (0.1 s)
TT(1,4,4,4) from CP-4  v      J = 3.8070290694e+02  (0.6 s)
   sweep 10 test F=0.1201 E=0.00492 V=0.0309
TT(1,4,4,4) from CP-4 sweep 10: J = 3.8070290694e+02  rel change 2.030e-03  wall 2.8 s
TT(1,4,4,4) from CP-4  G1     J = 3.8067586946e+02  (0.1 s)
TT(1,4,4,4) from CP-4  G2     J = 3.8055423685e+02  (0.2 s)
TT(1,4,4,4) from CP-4  G3     J = 3.8048533682e+02  (0.2 s)
TT(1,4,4,4) from CP-4  v      J = 3.8035966244e+02  (0.5 s)
TT(1,4,4,4) from CP-4  G3     J = 3.8031158546e+02  (0.1 s)
TT(1,4,4,4) from CP-4  G2     J = 3.8018900917e+02  (0.3 s)
TT(1,4,4,4) from CP-4  G1     J = 3.8016029727e+02  (0.1 s)
TT(1,4,4,4) from CP-4  v      J = 3.8003669597e+02  (0.7 s)
   sweep 11 test F=0.1200 E=0.00493 V=0.0308
TT(1,4,4,4) from CP-4 sweep 11: J = 3.8003669597e+02  rel change 1.750e-03  wall 2.4 s
TT(1,4,4,4) from CP-4  G1     J = 3.8001204740e+02  (0.1 s)
TT(1,4,4,4) from CP-4  G2     J = 3.7990567750e+02  (0.6 s)
TT(1,4,4,4) from CP-4  G3     J = 3.7984340013e+02  (0.2 s)
TT(1,4,4,4) from CP-4  v      J = 3.7973174642e+02  (0.6 s)
TT(1,4,4,4) from CP-4  G3     J = 3.7968879513e+02  (0.1 s)
TT(1,4,4,4) from CP-4  G2     J = 3.7957712854e+02  (0.3 s)
TT(1,4,4,4) from CP-4  G1     J = 3.7955170596e+02  (0.1 s)
TT(1,4,4,4) from CP-4  v      J = 3.7944046066e+02  (0.7 s)
   sweep 12 test F=0.1200 E=0.00495 V=0.0307
TT(1,4,4,4) from CP-4 sweep 12: J = 3.7944046066e+02  rel change 1.569e-03  wall 3.0 s
TT(1,4,4,4) from CP-4  G1     J = 3.7941803714e+02  (0.1 s)
TT(1,4,4,4) from CP-4  G2     J = 3.7932215945e+02  (0.2 s)
TT(1,4,4,4) from CP-4  G3     J = 3.7926428428e+02  (0.2 s)
TT(1,4,4,4) from CP-4  v      J = 3.7916210854e+02  (0.7 s)
TT(1,4,4,4) from CP-4  G3     J = 3.7912239106e+02  (0.1 s)
TT(1,4,4,4) from CP-4  G2     J = 3.7901860719e+02  (0.3 s)
TT(1,4,4,4) from CP-4  G1     J = 3.7899553076e+02  (0.1 s)
TT(1,4,4,4) from CP-4  v      J = 3.7889393532e+02  (0.6 s)
   sweep 13 test F=0.1199 E=0.00497 V=0.0306
TT(1,4,4,4) from CP-4 sweep 13: J = 3.7889393532e+02  rel change 1.440e-03  wall 2.4 s
TT(1,4,4,4) from CP-4  G1     J = 3.7887355052e+02  (0.1 s)
TT(1,4,4,4) from CP-4  G2     J = 3.7878590302e+02  (0.2 s)
TT(1,4,4,4) from CP-4  G3     J = 3.7873080625e+02  (0.2 s)
TT(1,4,4,4) from CP-4  v      J = 3.7863586114e+02  (0.6 s)
TT(1,4,4,4) from CP-4  G3     J = 3.7859831992e+02  (0.1 s)
TT(1,4,4,4) from CP-4  G2     J = 3.7850064656e+02  (0.2 s)
TT(1,4,4,4) from CP-4  G1     J = 3.7847939949e+02  (0.1 s)
TT(1,4,4,4) from CP-4  v      J = 3.7838613600e+02  (1.2 s)
   sweep 14 test F=0.1199 E=0.00498 V=0.0304
TT(1,4,4,4) from CP-4 sweep 14: J = 3.7838613600e+02  rel change 1.340e-03  wall 3.0 s
TT(1,4,4,4) from CP-4  G1     J = 3.7836759107e+02  (0.2 s)
TT(1,4,4,4) from CP-4  G2     J = 3.7828722069e+02  (0.4 s)
TT(1,4,4,4) from CP-4  G3     J = 3.7823375555e+02  (0.2 s)
TT(1,4,4,4) from CP-4  v      J = 3.7814495725e+02  (0.9 s)
TT(1,4,4,4) from CP-4  G3     J = 3.7810902278e+02  (0.2 s)
TT(1,4,4,4) from CP-4  G2     J = 3.7801644069e+02  (0.4 s)
TT(1,4,4,4) from CP-4  G1     J = 3.7799680353e+02  (0.3 s)
TT(1,4,4,4) from CP-4  v      J = 3.7791122278e+02  (1.0 s)
   sweep 15 test F=0.1198 E=0.00499 V=0.0303
TT(1,4,4,4) from CP-4 sweep 15: J = 3.7791122278e+02  rel change 1.255e-03  wall 3.9 s
TT(1,4,4,4) from CP-4  G1     J = 3.7789434525e+02  (0.2 s)
TT(1,4,4,4) from CP-4  G2     J = 3.7782089372e+02  (0.3 s)
TT(1,4,4,4) from CP-4  G3     J = 3.7776838245e+02  (0.3 s)
TT(1,4,4,4) from CP-4  v      J = 3.7768519718e+02  (1.0 s)
TT(1,4,4,4) from CP-4  G3     J = 3.7765060666e+02  (0.2 s)
TT(1,4,4,4) from CP-4  G2     J = 3.7756257901e+02  (0.4 s)
TT(1,4,4,4) from CP-4  G1     J = 3.7754448064e+02  (0.2 s)
TT(1,4,4,4) from CP-4  v      J = 3.7746612673e+02  (1.8 s)
   sweep 16 test F=0.1198 E=0.00500 V=0.0302
TT(1,4,4,4) from CP-4 sweep 16: J = 3.7746612673e+02  rel change 1.178e-03  wall 4.7 s
TT(1,4,4,4) from CP-4  G1     J = 3.7745077811e+02  (0.2 s)
TT(1,4,4,4) from CP-4  G2     J = 3.7738394927e+02  (0.6 s)
TT(1,4,4,4) from CP-4  G3     J = 3.7733210173e+02  (0.3 s)
TT(1,4,4,4) from CP-4  v      J = 3.7725416573e+02  (0.8 s)
TT(1,4,4,4) from CP-4  G3     J = 3.7722084735e+02  (0.2 s)
TT(1,4,4,4) from CP-4  G2     J = 3.7713703979e+02  (0.3 s)
TT(1,4,4,4) from CP-4  G1     J = 3.7712043071e+02  (0.1 s)
TT(1,4,4,4) from CP-4  v      J = 3.7704870841e+02  (0.6 s)
   sweep 17 test F=0.1197 E=0.00500 V=0.0302
TT(1,4,4,4) from CP-4 sweep 17: J = 3.7704870841e+02  rel change 1.106e-03  wall 3.2 s
TT(1,4,4,4) from CP-4  G1     J = 3.7703477040e+02  (0.1 s)
TT(1,4,4,4) from CP-4  G2     J = 3.7697401114e+02  (0.4 s)
TT(1,4,4,4) from CP-4  G3     J = 3.7692277225e+02  (0.2 s)
TT(1,4,4,4) from CP-4  v      J = 3.7684968618e+02  (0.6 s)
TT(1,4,4,4) from CP-4  G3     J = 3.7681766166e+02  (0.1 s)
TT(1,4,4,4) from CP-4  G2     J = 3.7673773359e+02  (0.3 s)
TT(1,4,4,4) from CP-4  G1     J = 3.7672251869e+02  (0.1 s)
TT(1,4,4,4) from CP-4  v      J = 3.7665660295e+02  (0.6 s)
   sweep 18 test F=0.1197 E=0.00500 V=0.0301
TT(1,4,4,4) from CP-4 sweep 18: J = 3.7665660295e+02  rel change 1.040e-03  wall 2.5 s
TT(1,4,4,4) from CP-4  G1     J = 3.7664396307e+02  (0.1 s)
TT(1,4,4,4) from CP-4  G2     J = 3.7658845455e+02  (0.3 s)
TT(1,4,4,4) from CP-4  G3     J = 3.7653783750e+02  (0.1 s)
TT(1,4,4,4) from CP-4  v      J = 3.7646913480e+02  (0.6 s)
TT(1,4,4,4) from CP-4  G3     J = 3.7643844344e+02  (0.2 s)
TT(1,4,4,4) from CP-4  G2     J = 3.7636197364e+02  (0.3 s)
TT(1,4,4,4) from CP-4  G1     J = 3.7634800896e+02  (0.1 s)
TT(1,4,4,4) from CP-4  v      J = 3.7628696484e+02  (0.6 s)
   sweep 19 test F=0.1197 E=0.00500 V=0.0300
TT(1,4,4,4) from CP-4 sweep 19: J = 3.7628696484e+02  rel change 9.814e-04  wall 2.4 s
TT(1,4,4,4) from CP-4  G1     J = 3.7627551068e+02  (0.1 s)
TT(1,4,4,4) from CP-4  G2     J = 3.7622435749e+02  (0.5 s)
TT(1,4,4,4) from CP-4  G3     J = 3.7617432468e+02  (0.3 s)
TT(1,4,4,4) from CP-4  v      J = 3.7610953386e+02  (0.9 s)
TT(1,4,4,4) from CP-4  G3     J = 3.7608019226e+02  (0.3 s)
TT(1,4,4,4) from CP-4  G2     J = 3.7600670834e+02  (0.6 s)
TT(1,4,4,4) from CP-4  G1     J = 3.7599383557e+02  (0.2 s)
TT(1,4,4,4) from CP-4  v      J = 3.7593679707e+02  (0.7 s)
   sweep 20 test F=0.1197 E=0.00500 V=0.0300
TT(1,4,4,4) from CP-4 sweep 20: J = 3.7593679707e+02  rel change 9.306e-04  wall 3.8 s
TT(1,4,4,4) from CP-4  G1     J = 3.7592641423e+02  (0.1 s)
TT(1,4,4,4) from CP-4  G2     J = 3.7587884184e+02  (0.3 s)
TT(1,4,4,4) from CP-4  G3     J = 3.7582930771e+02  (0.2 s)
TT(1,4,4,4) from CP-4  v      J = 3.7576802787e+02  (0.7 s)
TT(1,4,4,4) from CP-4  G3     J = 3.7574002561e+02  (0.6 s)
TT(1,4,4,4) from CP-4  G2     J = 3.7566913225e+02  (0.4 s)
TT(1,4,4,4) from CP-4  G1     J = 3.7565720762e+02  (0.2 s)
TT(1,4,4,4) from CP-4  v      J = 3.7560352477e+02  (0.7 s)
   sweep 21 test F=0.1197 E=0.00499 V=0.0299
TT(1,4,4,4) from CP-4 sweep 21: J = 3.7560352477e+02  rel change 8.865e-04  wall 3.5 s
TT(1,4,4,4) from CP-4  G1     J = 3.7559409655e+02  (0.1 s)
TT(1,4,4,4) from CP-4  G2     J = 3.7554957177e+02  (0.3 s)
TT(1,4,4,4) from CP-4  G3     J = 3.7550055483e+02  (0.5 s)
TT(1,4,4,4) from CP-4  v      J = 3.7544253468e+02  (1.0 s)
TT(1,4,4,4) from CP-4  G3     J = 3.7541585672e+02  (0.2 s)
TT(1,4,4,4) from CP-4  G2     J = 3.7534746287e+02  (0.3 s)
TT(1,4,4,4) from CP-4  G1     J = 3.7533637639e+02  (0.2 s)
TT(1,4,4,4) from CP-4  v      J = 3.7528570843e+02  (0.6 s)
   sweep 22 test F=0.1197 E=0.00498 V=0.0299
TT(1,4,4,4) from CP-4 sweep 22: J = 3.7528570843e+02  rel change 8.461e-04  wall 3.4 s
TT(1,4,4,4) from CP-4  G1     J = 3.7527711913e+02  (0.1 s)
TT(1,4,4,4) from CP-4  G2     J = 3.7523539345e+02  (0.3 s)
TT(1,4,4,4) from CP-4  G3     J = 3.7518724606e+02  (0.2 s)
TT(1,4,4,4) from CP-4  v      J = 3.7513246001e+02  (0.6 s)
TT(1,4,4,4) from CP-4  G3     J = 3.7510711839e+02  (0.2 s)
TT(1,4,4,4) from CP-4  G2     J = 3.7504165689e+02  (0.3 s)
TT(1,4,4,4) from CP-4  G1     J = 3.7503134291e+02  (0.1 s)
TT(1,4,4,4) from CP-4  v      J = 3.7498366858e+02  (0.6 s)
   sweep 23 test F=0.1197 E=0.00497 V=0.0298
TT(1,4,4,4) from CP-4 sweep 23: J = 3.7498366858e+02  rel change 8.048e-04  wall 2.5 s
TT(1,4,4,4) from CP-4  G1     J = 3.7497581028e+02  (0.1 s)
TT(1,4,4,4) from CP-4  G2     J = 3.7493688241e+02  (0.3 s)
TT(1,4,4,4) from CP-4  G3     J = 3.7489040740e+02  (0.1 s)
TT(1,4,4,4) from CP-4  v      J = 3.7483907247e+02  (0.7 s)
TT(1,4,4,4) from CP-4  G3     J = 3.7481512398e+02  (0.2 s)
TT(1,4,4,4) from CP-4  G2     J = 3.7475353885e+02  (0.3 s)
TT(1,4,4,4) from CP-4  G1     J = 3.7474397582e+02  (0.1 s)
TT(1,4,4,4) from CP-4  v      J = 3.7469948591e+02  (0.8 s)
   sweep 24 test F=0.1197 E=0.00495 V=0.0298
TT(1,4,4,4) from CP-4 sweep 24: J = 3.7469948591e+02  rel change 7.579e-04  wall 2.8 s
RES TT(1,4,4,4) from CP-4              nparams=  780 (cores  300, readout  380, pair 100) flops/site=    2684  test F=0.1197 E=0.00495 V=0.0298  train F=0.1178 sweeps=24 wall/sweep=3s nonmono=0 initF=0.1252
TT TT(1,2,2,2) from CP-2 init (cp, K=2, noise=0): test F=0.1277
TT(1,2,2,2) from CP-2  init  J = 4.9434109151e+02
TT(1,2,2,2) from CP-2  G1     J = 4.9091790466e+02  (0.1 s)
TT(1,2,2,2) from CP-2  G2     J = 4.8698842482e+02  (0.1 s)
TT(1,2,2,2) from CP-2  G3     J = 4.8584836718e+02  (0.1 s)
TT(1,2,2,2) from CP-2  v      J = 4.7950897356e+02  (0.3 s)
TT(1,2,2,2) from CP-2  G3     J = 4.7690383429e+02  (0.1 s)
TT(1,2,2,2) from CP-2  G2     J = 4.7534636457e+02  (0.1 s)
TT(1,2,2,2) from CP-2  G1     J = 4.7446421549e+02  (0.1 s)
TT(1,2,2,2) from CP-2  v      J = 4.7144625934e+02  (0.6 s)
   sweep 1 test F=0.1262 E=0.00414 V=0.0336
TT(1,2,2,2) from CP-2 sweep 1: J = 4.7144625934e+02  rel change 4.631e-02  wall 1.7 s
TT(1,2,2,2) from CP-2  G1     J = 4.7116017252e+02  (0.1 s)
TT(1,2,2,2) from CP-2  G2     J = 4.6973970066e+02  (0.1 s)
TT(1,2,2,2) from CP-2  G3     J = 4.6930699607e+02  (0.1 s)
TT(1,2,2,2) from CP-2  v      J = 4.6782716717e+02  (0.3 s)
TT(1,2,2,2) from CP-2  G3     J = 4.6714606006e+02  (0.1 s)
TT(1,2,2,2) from CP-2  G2     J = 4.6657286806e+02  (0.1 s)
TT(1,2,2,2) from CP-2  G1     J = 4.6619184581e+02  (0.1 s)
TT(1,2,2,2) from CP-2  v      J = 4.6530926916e+02  (0.3 s)
   sweep 2 test F=0.1256 E=0.00428 V=0.0331
TT(1,2,2,2) from CP-2 sweep 2: J = 4.6530926916e+02  rel change 1.302e-02  wall 1.2 s
TT(1,2,2,2) from CP-2  G1     J = 4.6511376901e+02  (0.1 s)
TT(1,2,2,2) from CP-2  G2     J = 4.6429999382e+02  (0.1 s)
TT(1,2,2,2) from CP-2  G3     J = 4.6403903358e+02  (0.1 s)
TT(1,2,2,2) from CP-2  v      J = 4.6317735714e+02  (0.4 s)
TT(1,2,2,2) from CP-2  G3     J = 4.6275281724e+02  (0.1 s)
TT(1,2,2,2) from CP-2  G2     J = 4.6225889180e+02  (0.1 s)
TT(1,2,2,2) from CP-2  G1     J = 4.6194353952e+02  (0.1 s)
TT(1,2,2,2) from CP-2  v      J = 4.6125956573e+02  (0.3 s)
   sweep 3 test F=0.1252 E=0.00434 V=0.0331
TT(1,2,2,2) from CP-2 sweep 3: J = 4.6125956573e+02  rel change 8.703e-03  wall 1.2 s
TT(1,2,2,2) from CP-2  G1     J = 4.6108618373e+02  (0.1 s)
TT(1,2,2,2) from CP-2  G2     J = 4.6044590339e+02  (0.1 s)
TT(1,2,2,2) from CP-2  G3     J = 4.6017569440e+02  (0.1 s)
TT(1,2,2,2) from CP-2  v      J = 4.5948244839e+02  (0.3 s)
TT(1,2,2,2) from CP-2  G3     J = 4.5912786380e+02  (0.1 s)
TT(1,2,2,2) from CP-2  G2     J = 4.5868866221e+02  (0.2 s)
TT(1,2,2,2) from CP-2  G1     J = 4.5842205898e+02  (0.1 s)
TT(1,2,2,2) from CP-2  v      J = 4.5784285956e+02  (0.3 s)
   sweep 4 test F=0.1249 E=0.00434 V=0.0333
TT(1,2,2,2) from CP-2 sweep 4: J = 4.5784285956e+02  rel change 7.407e-03  wall 1.2 s
TT(1,2,2,2) from CP-2  G1     J = 4.5768078772e+02  (0.1 s)
TT(1,2,2,2) from CP-2  G2     J = 4.5720578705e+02  (0.1 s)
TT(1,2,2,2) from CP-2  G3     J = 4.5693328418e+02  (0.1 s)
TT(1,2,2,2) from CP-2  v      J = 4.5637378605e+02  (0.3 s)
TT(1,2,2,2) from CP-2  G3     J = 4.5608718154e+02  (0.1 s)
TT(1,2,2,2) from CP-2  G2     J = 4.5572181774e+02  (0.2 s)
TT(1,2,2,2) from CP-2  G1     J = 4.5550716739e+02  (0.1 s)
TT(1,2,2,2) from CP-2  v      J = 4.5504328544e+02  (0.3 s)
   sweep 5 test F=0.1246 E=0.00431 V=0.0332
TT(1,2,2,2) from CP-2 sweep 5: J = 4.5504328544e+02  rel change 6.115e-03  wall 1.4 s
TT(1,2,2,2) from CP-2  G1     J = 4.5489151840e+02  (0.1 s)
TT(1,2,2,2) from CP-2  G2     J = 4.5455960444e+02  (0.1 s)
TT(1,2,2,2) from CP-2  G3     J = 4.5430539311e+02  (0.1 s)
TT(1,2,2,2) from CP-2  v      J = 4.5386383812e+02  (0.3 s)
TT(1,2,2,2) from CP-2  G3     J = 4.5364616551e+02  (0.1 s)
TT(1,2,2,2) from CP-2  G2     J = 4.5333979140e+02  (0.1 s)
TT(1,2,2,2) from CP-2  G1     J = 4.5315677656e+02  (0.1 s)
TT(1,2,2,2) from CP-2  v      J = 4.5278127369e+02  (0.4 s)
   sweep 6 test F=0.1244 E=0.00427 V=0.0331
TT(1,2,2,2) from CP-2 sweep 6: J = 4.5278127369e+02  rel change 4.971e-03  wall 1.2 s
TT(1,2,2,2) from CP-2  G1     J = 4.5263604598e+02  (0.1 s)
TT(1,2,2,2) from CP-2  G2     J = 4.5238874334e+02  (0.1 s)
TT(1,2,2,2) from CP-2  G3     J = 4.5215961519e+02  (0.1 s)
TT(1,2,2,2) from CP-2  v      J = 4.5179577540e+02  (0.5 s)
TT(1,2,2,2) from CP-2  G3     J = 4.5162775964e+02  (0.2 s)
TT(1,2,2,2) from CP-2  G2     J = 4.5136383055e+02  (0.1 s)
TT(1,2,2,2) from CP-2  G1     J = 4.5118657356e+02  (0.1 s)
TT(1,2,2,2) from CP-2  v      J = 4.5086550441e+02  (0.3 s)
   sweep 7 test F=0.1243 E=0.00423 V=0.0328
TT(1,2,2,2) from CP-2 sweep 7: J = 4.5086550441e+02  rel change 4.231e-03  wall 1.9 s
TT(1,2,2,2) from CP-2  G1     J = 4.5072555705e+02  (0.1 s)
TT(1,2,2,2) from CP-2  G2     J = 4.5051492102e+02  (0.1 s)
TT(1,2,2,2) from CP-2  G3     J = 4.5030989002e+02  (0.2 s)
TT(1,2,2,2) from CP-2  v      J = 4.4998763981e+02  (0.3 s)
TT(1,2,2,2) from CP-2  G3     J = 4.4984849176e+02  (0.1 s)
TT(1,2,2,2) from CP-2  G2     J = 4.4961150404e+02  (0.1 s)
TT(1,2,2,2) from CP-2  G1     J = 4.4942628160e+02  (0.1 s)
TT(1,2,2,2) from CP-2  v      J = 4.4913389332e+02  (0.3 s)
   sweep 8 test F=0.1241 E=0.00417 V=0.0326
TT(1,2,2,2) from CP-2 sweep 8: J = 4.4913389332e+02  rel change 3.841e-03  wall 1.4 s
TT(1,2,2,2) from CP-2  G1     J = 4.4899964626e+02  (0.1 s)
TT(1,2,2,2) from CP-2  G2     J = 4.4879731790e+02  (0.1 s)
TT(1,2,2,2) from CP-2  G3     J = 4.4860728065e+02  (0.1 s)
TT(1,2,2,2) from CP-2  v      J = 4.4829529597e+02  (0.3 s)
TT(1,2,2,2) from CP-2  G3     J = 4.4816666345e+02  (0.1 s)
TT(1,2,2,2) from CP-2  G2     J = 4.4793907387e+02  (0.1 s)
TT(1,2,2,2) from CP-2  G1     J = 4.4773881023e+02  (0.1 s)
TT(1,2,2,2) from CP-2  v      J = 4.4744952774e+02  (0.3 s)
   sweep 9 test F=0.1240 E=0.00412 V=0.0324
TT(1,2,2,2) from CP-2 sweep 9: J = 4.4744952774e+02  rel change 3.750e-03  wall 1.2 s
TT(1,2,2,2) from CP-2  G1     J = 4.4731848056e+02  (0.1 s)
TT(1,2,2,2) from CP-2  G2     J = 4.4710442535e+02  (0.1 s)
TT(1,2,2,2) from CP-2  G3     J = 4.4691251088e+02  (0.1 s)
TT(1,2,2,2) from CP-2  v      J = 4.4657876519e+02  (0.3 s)
TT(1,2,2,2) from CP-2  G3     J = 4.4644272533e+02  (0.1 s)
TT(1,2,2,2) from CP-2  G2     J = 4.4620514650e+02  (0.1 s)
TT(1,2,2,2) from CP-2  G1     J = 4.4597952455e+02  (0.1 s)
TT(1,2,2,2) from CP-2  v      J = 4.4566173479e+02  (0.3 s)
   sweep 10 test F=0.1238 E=0.00408 V=0.0322
TT(1,2,2,2) from CP-2 sweep 10: J = 4.4566173479e+02  rel change 3.996e-03  wall 1.1 s
TT(1,2,2,2) from CP-2  G1     J = 4.4552649699e+02  (0.1 s)
TT(1,2,2,2) from CP-2  G2     J = 4.4528040881e+02  (0.1 s)
TT(1,2,2,2) from CP-2  G3     J = 4.4506567614e+02  (0.1 s)
TT(1,2,2,2) from CP-2  v      J = 4.4467859389e+02  (0.3 s)
TT(1,2,2,2) from CP-2  G3     J = 4.4451867366e+02  (0.1 s)
TT(1,2,2,2) from CP-2  G2     J = 4.4425904874e+02  (0.1 s)
TT(1,2,2,2) from CP-2  G1     J = 4.4399584140e+02  (0.1 s)
TT(1,2,2,2) from CP-2  v      J = 4.4362447216e+02  (0.3 s)
   sweep 11 test F=0.1236 E=0.00406 V=0.0321
TT(1,2,2,2) from CP-2 sweep 11: J = 4.4362447216e+02  rel change 4.571e-03  wall 1.1 s
TT(1,2,2,2) from CP-2  G1     J = 4.4347672936e+02  (0.1 s)
TT(1,2,2,2) from CP-2  G2     J = 4.4319370815e+02  (0.1 s)
TT(1,2,2,2) from CP-2  G3     J = 4.4295006536e+02  (0.1 s)
TT(1,2,2,2) from CP-2  v      J = 4.4251369946e+02  (0.3 s)
TT(1,2,2,2) from CP-2  G3     J = 4.4233176454e+02  (0.1 s)
TT(1,2,2,2) from CP-2  G2     J = 4.4207500945e+02  (0.1 s)
TT(1,2,2,2) from CP-2  G1     J = 4.4178995493e+02  (0.1 s)
TT(1,2,2,2) from CP-2  v      J = 4.4139278144e+02  (0.3 s)
   sweep 12 test F=0.1234 E=0.00407 V=0.0320
TT(1,2,2,2) from CP-2 sweep 12: J = 4.4139278144e+02  rel change 5.031e-03  wall 1.1 s
TT(1,2,2,2) from CP-2  G1     J = 4.4123694875e+02  (0.1 s)
TT(1,2,2,2) from CP-2  G2     J = 4.4096592969e+02  (0.1 s)
TT(1,2,2,2) from CP-2  G3     J = 4.4073040386e+02  (0.1 s)
TT(1,2,2,2) from CP-2  v      J = 4.4031998496e+02  (0.3 s)
TT(1,2,2,2) from CP-2  G3     J = 4.4015048527e+02  (0.1 s)
TT(1,2,2,2) from CP-2  G2     J = 4.3994641927e+02  (0.1 s)
TT(1,2,2,2) from CP-2  G1     J = 4.3969381981e+02  (0.1 s)
TT(1,2,2,2) from CP-2  v      J = 4.3933960551e+02  (0.3 s)
   sweep 13 test F=0.1233 E=0.00411 V=0.0320
TT(1,2,2,2) from CP-2 sweep 13: J = 4.3933960551e+02  rel change 4.652e-03  wall 1.1 s
TT(1,2,2,2) from CP-2  G1     J = 4.3919325866e+02  (0.1 s)
TT(1,2,2,2) from CP-2  G2     J = 4.3898942920e+02  (0.1 s)
TT(1,2,2,2) from CP-2  G3     J = 4.3880308382e+02  (0.1 s)
TT(1,2,2,2) from CP-2  v      J = 4.3847478831e+02  (0.3 s)
TT(1,2,2,2) from CP-2  G3     J = 4.3834420665e+02  (0.1 s)
TT(1,2,2,2) from CP-2  G2     J = 4.3819825046e+02  (0.1 s)
TT(1,2,2,2) from CP-2  G1     J = 4.3800313995e+02  (0.1 s)
TT(1,2,2,2) from CP-2  v      J = 4.3771949809e+02  (0.3 s)
   sweep 14 test F=0.1232 E=0.00415 V=0.0319
TT(1,2,2,2) from CP-2 sweep 14: J = 4.3771949809e+02  rel change 3.688e-03  wall 1.1 s
TT(1,2,2,2) from CP-2  G1     J = 4.3759321826e+02  (0.1 s)
TT(1,2,2,2) from CP-2  G2     J = 4.3745089516e+02  (0.1 s)
TT(1,2,2,2) from CP-2  G3     J = 4.3731661586e+02  (0.1 s)
TT(1,2,2,2) from CP-2  v      J = 4.3706683912e+02  (0.3 s)
TT(1,2,2,2) from CP-2  G3     J = 4.3697474351e+02  (0.1 s)
TT(1,2,2,2) from CP-2  G2     J = 4.3686788391e+02  (0.1 s)
TT(1,2,2,2) from CP-2  G1     J = 4.3671864711e+02  (0.1 s)
TT(1,2,2,2) from CP-2  v      J = 4.3649812488e+02  (0.3 s)
   sweep 15 test F=0.1231 E=0.00418 V=0.0319
TT(1,2,2,2) from CP-2 sweep 15: J = 4.3649812488e+02  rel change 2.790e-03  wall 1.1 s
TT(1,2,2,2) from CP-2  G1     J = 4.3639274061e+02  (0.1 s)
TT(1,2,2,2) from CP-2  G2     J = 4.3628754473e+02  (0.1 s)
TT(1,2,2,2) from CP-2  G3     J = 4.3619281020e+02  (0.1 s)
TT(1,2,2,2) from CP-2  v      J = 4.3600388419e+02  (0.3 s)
TT(1,2,2,2) from CP-2  G3     J = 4.3594120095e+02  (0.1 s)
TT(1,2,2,2) from CP-2  G2     J = 4.3585953240e+02  (0.1 s)
TT(1,2,2,2) from CP-2  G1     J = 4.3574120417e+02  (0.1 s)
TT(1,2,2,2) from CP-2  v      J = 4.3557041773e+02  (0.3 s)
   sweep 16 test F=0.1231 E=0.00420 V=0.0318
TT(1,2,2,2) from CP-2 sweep 16: J = 4.3557041773e+02  rel change 2.125e-03  wall 1.1 s
TT(1,2,2,2) from CP-2  G1     J = 4.3548333828e+02  (0.1 s)
TT(1,2,2,2) from CP-2  G2     J = 4.3539995279e+02  (0.1 s)
TT(1,2,2,2) from CP-2  G3     J = 4.3533342392e+02  (0.1 s)
TT(1,2,2,2) from CP-2  v      J = 4.3519001600e+02  (0.3 s)
TT(1,2,2,2) from CP-2  G3     J = 4.3514803447e+02  (0.1 s)
TT(1,2,2,2) from CP-2  G2     J = 4.3508378435e+02  (0.1 s)
TT(1,2,2,2) from CP-2  G1     J = 4.3498707844e+02  (0.1 s)
TT(1,2,2,2) from CP-2  v      J = 4.3485381503e+02  (0.3 s)
   sweep 17 test F=0.1231 E=0.00422 V=0.0318
TT(1,2,2,2) from CP-2 sweep 17: J = 4.3485381503e+02  rel change 1.645e-03  wall 1.1 s
TT(1,2,2,2) from CP-2  G1     J = 4.3478162267e+02  (0.1 s)
TT(1,2,2,2) from CP-2  G2     J = 4.3471195447e+02  (0.1 s)
TT(1,2,2,2) from CP-2  G3     J = 4.3466546952e+02  (0.1 s)
TT(1,2,2,2) from CP-2  v      J = 4.3455492538e+02  (0.3 s)
TT(1,2,2,2) from CP-2  G3     J = 4.3452676084e+02  (0.1 s)
TT(1,2,2,2) from CP-2  G2     J = 4.3447457444e+02  (0.1 s)
TT(1,2,2,2) from CP-2  G1     J = 4.3439393961e+02  (0.1 s)
TT(1,2,2,2) from CP-2  v      J = 4.3428721004e+02  (0.3 s)
   sweep 18 test F=0.1231 E=0.00423 V=0.0318
TT(1,2,2,2) from CP-2 sweep 18: J = 4.3428721004e+02  rel change 1.303e-03  wall 1.2 s
TT(1,2,2,2) from CP-2  G1     J = 4.3422632774e+02  (0.1 s)
TT(1,2,2,2) from CP-2  G2     J = 4.3416526991e+02  (0.1 s)
TT(1,2,2,2) from CP-2  G3     J = 4.3413271278e+02  (0.1 s)
TT(1,2,2,2) from CP-2  v      J = 4.3404443826e+02  (0.3 s)
TT(1,2,2,2) from CP-2  G3     J = 4.3402497509e+02  (0.1 s)
TT(1,2,2,2) from CP-2  G2     J = 4.3398043654e+02  (0.1 s)
TT(1,2,2,2) from CP-2  G1     J = 4.3391190369e+02  (0.1 s)
TT(1,2,2,2) from CP-2  v      J = 4.3382232518e+02  (0.3 s)
   sweep 19 test F=0.1231 E=0.00423 V=0.0318
TT(1,2,2,2) from CP-2 sweep 19: J = 4.3382232518e+02  rel change 1.070e-03  wall 1.1 s
TT(1,2,2,2) from CP-2  G1     J = 4.3376944609e+02  (0.1 s)
TT(1,2,2,2) from CP-2  G2     J = 4.3371332636e+02  (0.1 s)
TT(1,2,2,2) from CP-2  G3     J = 4.3369002398e+02  (0.1 s)
TT(1,2,2,2) from CP-2  v      J = 4.3361564993e+02  (0.4 s)
TT(1,2,2,2) from CP-2  G3     J = 4.3360130917e+02  (0.1 s)
TT(1,2,2,2) from CP-2  G2     J = 4.3356094234e+02  (0.1 s)
TT(1,2,2,2) from CP-2  G1     J = 4.3350129931e+02  (0.1 s)
TT(1,2,2,2) from CP-2  v      J = 4.3342168099e+02  (0.3 s)
   sweep 20 test F=0.1230 E=0.00424 V=0.0318
TT(1,2,2,2) from CP-2 sweep 20: J = 4.3342168099e+02  rel change 9.235e-04  wall 1.3 s
TT(1,2,2,2) from CP-2  G1     J = 4.3337408416e+02  (0.1 s)
TT(1,2,2,2) from CP-2  G2     J = 4.3332034216e+02  (0.2 s)
TT(1,2,2,2) from CP-2  G3     J = 4.3330287883e+02  (0.1 s)
TT(1,2,2,2) from CP-2  v      J = 4.3323639441e+02  (0.3 s)
TT(1,2,2,2) from CP-2  G3     J = 4.3322483925e+02  (0.1 s)
TT(1,2,2,2) from CP-2  G2     J = 4.3318624644e+02  (0.1 s)
TT(1,2,2,2) from CP-2  G1     J = 4.3313289837e+02  (0.1 s)
TT(1,2,2,2) from CP-2  v      J = 4.3305833886e+02  (0.3 s)
   sweep 21 test F=0.1230 E=0.00424 V=0.0318
TT(1,2,2,2) from CP-2 sweep 21: J = 4.3305833886e+02  rel change 8.383e-04  wall 1.2 s
TT(1,2,2,2) from CP-2  G1     J = 4.3301400544e+02  (0.1 s)
TT(1,2,2,2) from CP-2  G2     J = 4.3296107416e+02  (0.1 s)
TT(1,2,2,2) from CP-2  G3     J = 4.3294708845e+02  (0.1 s)
TT(1,2,2,2) from CP-2  v      J = 4.3288461878e+02  (0.3 s)
TT(1,2,2,2) from CP-2  G3     J = 4.3287442809e+02  (0.1 s)
TT(1,2,2,2) from CP-2  G2     J = 4.3283619800e+02  (0.1 s)
TT(1,2,2,2) from CP-2  G1     J = 4.3278716737e+02  (0.1 s)
TT(1,2,2,2) from CP-2  v      J = 4.3271473340e+02  (0.3 s)
   sweep 22 test F=0.1230 E=0.00425 V=0.0318
TT(1,2,2,2) from CP-2 sweep 22: J = 4.3271473340e+02  rel change 7.934e-04  wall 1.1 s
TT(1,2,2,2) from CP-2  G1     J = 4.3267231335e+02  (0.1 s)
TT(1,2,2,2) from CP-2  G2     J = 4.3261946164e+02  (0.1 s)
TT(1,2,2,2) from CP-2  G3     J = 4.3260736870e+02  (0.1 s)
TT(1,2,2,2) from CP-2  v      J = 4.3254673875e+02  (0.3 s)
TT(1,2,2,2) from CP-2  G3     J = 4.3253710640e+02  (0.1 s)
TT(1,2,2,2) from CP-2  G2     J = 4.3249859385e+02  (0.1 s)
TT(1,2,2,2) from CP-2  G1     J = 4.3245249290e+02  (0.1 s)
TT(1,2,2,2) from CP-2  v      J = 4.3238077008e+02  (0.3 s)
   sweep 23 test F=0.1230 E=0.00425 V=0.0318
TT(1,2,2,2) from CP-2 sweep 23: J = 4.3238077008e+02  rel change 7.718e-04  wall 1.1 s
TT(1,2,2,2) from CP-2  G1     J = 4.3233949006e+02  (0.1 s)
TT(1,2,2,2) from CP-2  G2     J = 4.3228664357e+02  (0.1 s)
TT(1,2,2,2) from CP-2  G3     J = 4.3227537389e+02  (0.1 s)
TT(1,2,2,2) from CP-2  v      J = 4.3221565275e+02  (0.3 s)
TT(1,2,2,2) from CP-2  G3     J = 4.3220615187e+02  (0.1 s)
TT(1,2,2,2) from CP-2  G2     J = 4.3216725612e+02  (0.1 s)
TT(1,2,2,2) from CP-2  G1     J = 4.3212322948e+02  (0.1 s)
TT(1,2,2,2) from CP-2  v      J = 4.3205191191e+02  (0.4 s)
   sweep 24 test F=0.1230 E=0.00425 V=0.0318
TT(1,2,2,2) from CP-2 sweep 24: J = 4.3205191191e+02  rel change 7.606e-04  wall 1.4 s
RES TT(1,2,2,2) from CP-2              nparams=  380 (cores   90, readout  190, pair 100) flops/site=     806  test F=0.1230 E=0.00425 V=0.0318  train F=0.1239 sweeps=24 wall/sweep=1s nonmono=0 initF=0.1277
TRANSFER categorical (split1 fit)          test F=0.1197 E=0.00648 V=0.0407
TRANSFER CP-8  (v refit on split1)          test F=0.1320 E=0.00655 V=0.0428
TRANSFER CP-16 (v refit on split1)          test F=0.1229 E=0.00574 V=0.0385
TRANSFER TT(1,5,15,16) from CP-16             (cores frozen, v refit on split1) test F=0.1185 E=0.00526 V=0.0362
TRANSFER TT(1,5,8,8) from CP-8                (cores frozen, v refit on split1) test F=0.1193 E=0.00492 V=0.0332
TRANSFER TT(1,2,2,2) from CP-2                (cores frozen, v refit on split1) test F=0.1249 E=0.00439 V=0.0341
TRANSFER TT(1,4,4,4) from CP-4                (cores frozen, v refit on split1) test F=0.1211 E=0.00479 V=0.0337
TT TT(1,5,15,16) learned on split1 init (cp, K=16, noise=0): test F=0.1223
TT(1,5,15,16) learned on split1  init  J = 3.6168542396e+02
TT(1,5,15,16) learned on split1  G1     J = 3.6107988454e+02  (0.2 s)
TT(1,5,15,16) learned on split1  G2     J = 3.3783051781e+02  (1.8 s)
TT(1,5,15,16) learned on split1  G3     J = 3.2818781788e+02  (2.8 s)
TT(1,5,15,16) learned on split1  v      J = 3.1956765452e+02  (2.7 s)
TT(1,5,15,16) learned on split1  G3     J = 3.1757845105e+02  (2.6 s)
TT(1,5,15,16) learned on split1  G2     J = 3.1653652800e+02  (1.4 s)
TT(1,5,15,16) learned on split1  G1     J = 3.1653008627e+02  (0.2 s)
TT(1,5,15,16) learned on split1  v      J = 3.1531427759e+02  (2.9 s)
   sweep 1 test F=0.1189 E=0.00639 V=0.0350
TT(1,5,15,16) learned on split1 sweep 1: J = 3.1531427759e+02  rel change 1.282e-01  wall 15.1 s
TT(1,5,15,16) learned on split1  G1     J = 3.1530931324e+02  (0.3 s)
TT(1,5,15,16) learned on split1  G2     J = 3.1489923505e+02  (1.8 s)
TT(1,5,15,16) learned on split1  G3     J = 3.1415253255e+02  (3.2 s)
TT(1,5,15,16) learned on split1  v      J = 3.1353952390e+02  (2.9 s)
TT(1,5,15,16) learned on split1  G3     J = 3.1313005769e+02  (2.8 s)
TT(1,5,15,16) learned on split1  G2     J = 3.1284634376e+02  (1.9 s)
TT(1,5,15,16) learned on split1  G1     J = 3.1284390420e+02  (0.2 s)
TT(1,5,15,16) learned on split1  v      J = 3.1245762475e+02  (2.8 s)
   sweep 2 test F=0.1189 E=0.00636 V=0.0353
TT(1,5,15,16) learned on split1 sweep 2: J = 3.1245762475e+02  rel change 9.060e-03  wall 16.4 s
TT(1,5,15,16) learned on split1  G1     J = 3.1245421515e+02  (0.2 s)
TT(1,5,15,16) learned on split1  G2     J = 3.1227397572e+02  (1.3 s)
TT(1,5,15,16) learned on split1  G3     J = 3.1195187601e+02  (2.4 s)
TT(1,5,15,16) learned on split1  v      J = 3.1163568661e+02  (2.7 s)
TT(1,5,15,16) learned on split1  G3     J = 3.1138975332e+02  (2.4 s)
TT(1,5,15,16) learned on split1  G2     J = 3.1121286038e+02  (1.2 s)
TT(1,5,15,16) learned on split1  G1     J = 3.1121071943e+02  (0.2 s)
TT(1,5,15,16) learned on split1  v      J = 3.1097296076e+02  (2.6 s)
   sweep 3 test F=0.1188 E=0.00640 V=0.0355
TT(1,5,15,16) learned on split1 sweep 3: J = 3.1097296076e+02  rel change 4.752e-03  wall 13.2 s
TT(1,5,15,16) learned on split1  G1     J = 3.1097001308e+02  (0.2 s)
TT(1,5,15,16) learned on split1  G2     J = 3.1085125383e+02  (1.3 s)
TT(1,5,15,16) learned on split1  G3     J = 3.1064743556e+02  (2.5 s)
TT(1,5,15,16) learned on split1  v      J = 3.1044286167e+02  (2.5 s)
TT(1,5,15,16) learned on split1  G3     J = 3.1028494311e+02  (2.5 s)
TT(1,5,15,16) learned on split1  G2     J = 3.1016644710e+02  (1.3 s)
TT(1,5,15,16) learned on split1  G1     J = 3.1016450629e+02  (0.1 s)
TT(1,5,15,16) learned on split1  v      J = 3.1000439597e+02  (2.5 s)
   sweep 4 test F=0.1189 E=0.00641 V=0.0356
TT(1,5,15,16) learned on split1 sweep 4: J = 3.1000439597e+02  rel change 3.115e-03  wall 13.1 s
TT(1,5,15,16) learned on split1  G1     J = 3.1000175572e+02  (0.1 s)
TT(1,5,15,16) learned on split1  G2     J = 3.0991541548e+02  (1.2 s)
TT(1,5,15,16) learned on split1  G3     J = 3.0977712951e+02  (2.7 s)
TT(1,5,15,16) learned on split1  v      J = 3.0963282729e+02  (2.7 s)
TT(1,5,15,16) learned on split1  G3     J = 3.0951787949e+02  (2.4 s)
TT(1,5,15,16) learned on split1  G2     J = 3.0942189745e+02  (1.2 s)
TT(1,5,15,16) learned on split1  G1     J = 3.0942004352e+02  (0.1 s)
TT(1,5,15,16) learned on split1  v      J = 3.0930337652e+02  (2.6 s)
   sweep 5 test F=0.1189 E=0.00642 V=0.0357
TT(1,5,15,16) learned on split1 sweep 5: J = 3.0930337652e+02  rel change 2.261e-03  wall 13.5 s
RES TT(1,5,15,16) learned on split1    nparams= 3390 (cores 2025, readout 1265, pair 100) flops/site=   18638  test F=0.1189 E=0.00642 V=0.0357  train F=0.1209 sweeps=5 wall/sweep=14s nonmono=0 initF=0.1223
[ Info: degree 4, lambda 1.0e-7, stages SubString{String}["transfer", "cost"]
┌ Warning: Assignment to `e1` in soft scope is ambiguous because a global variable by the same name exists: `e1` will be treated as a new local. Disambiguate by using `local e1` to suppress this warning or `global e1` to assign to the existing global variable.
└ @ ~/.julia/dev/ACEpotentials/acejax/spike_tt/run_tt.jl:307
┌ Warning: Assignment to `e1` in soft scope is ambiguous because a global variable by the same name exists: `e1` will be treated as a new local. Disambiguate by using `local e1` to suppress this warning or `global e1` to assign to the existing global variable.
└ @ ~/.julia/dev/ACEpotentials/acejax/spike_tt/run_tt.jl:312
TRANSFER TT(1,5,15,16) learned on split1 (in-sample) test F=0.1195 E=0.00614 V=0.0387
COST core step t=1: map 0.01 s, design gemm 0.45 s ((25544, 175)), full step 0.17 s, 75 columns
COST core step t=2: map 0.23 s, design gemm 1.26 s ((25544, 850)), full step 1.28 s, 750 columns
COST core step t=3: map 0.01 s, design gemm 2.85 s ((25544, 1300)), full step 2.91 s, 1200 columns
COST readout step: 4.03 s, 1265 columns
COST categorical solve: augmented QR 5.07 s (1950 columns); TikhonovFactor 3.72 s
done.
