[ Info: Assembling linear problem.
[ Info:   - Creating feature matrix with size (1052, 120).
[ Info:   - Beginning assembly with processor count:  1.
[ Info:   - Assembly completed.
[ Info: Assembling full weight vector.
degree=10  A is 1052 x 120 (1.0 MB)
  cond(A raw)                          = 2.091e+10
  cond(W*(A/P))   [what ACEfit.QR sees] = 1.123e+11
  column-norm spread of W*(A/P): max/min = 4.143e+05
  cond(W*(A/P) column-equilibrated)    = 2.943e+09   <- what LSQR+diag precond would see
  equilibrated: #sv < 1e-08*max = 2 of 120
  equilibrated: #sv < 1e-12*max = 0 of 120
  equilibrated: #sv < 1e-14*max = 0 of 120
[ Info: Assembling linear problem.
[ Info:   - Creating feature matrix with size (1052, 397).
[ Info:   - Beginning assembly with processor count:  1.
degree=14  A is 1052 x 397 (3.3 MB)
  cond(A raw)                          = 4.792e+10
  cond(W*(A/P))   [what ACEfit.QR sees] = 6.799e+11
  column-norm spread of W*(A/P): max/min = 2.378e+06
  cond(W*(A/P) column-equilibrated)    = 7.250e+09   <- what LSQR+diag precond would see
  equilibrated: #sv < 1e-08*max = 4 of 397
  equilibrated: #sv < 1e-12*max = 0 of 397
  equilibrated: #sv < 1e-14*max = 0 of 397
[ Info:   - Assembly completed.
[ Info: Assembling full weight vector.
[ Info: Assembling linear problem.
[ Info:   - Creating feature matrix with size (1052, 1137).
[ Info:   - Beginning assembly with processor count:  1.
degree=18  A is 1052 x 1137 (9.6 MB)
  cond(A raw)                          = Inf
  cond(W*(A/P))   [what ACEfit.QR sees] = Inf
  column-norm spread of W*(A/P): max/min = 6.506e+06
  cond(W*(A/P) column-equilibrated)    = Inf   <- what LSQR+diag precond would see
  equilibrated: #sv < 1e-08*max = 161 of 1137
  equilibrated: #sv < 1e-12*max = 160 of 1137
  equilibrated: #sv < 1e-14*max = 160 of 1137
[ Info:   - Assembly completed.
[ Info: Assembling full weight vector.
