jax 0.11.1 lineax 0.1.1 device=cuda:0 x64=True matmul=highest
### time_101k_8k lam=0.001 m=101000 n=8000 cond_meas=nan   (CPU LAPACK qr: 77.80s)
W0912 16:22:38.643248   81889 bfc_allocator.cc:371] Allocator (GPU_0_bfc) ran out of memory trying to allocate 6.51GiB from the lower end with freed_by_count=0. The caller indicates that this is not a failure, but this may mean that there could be performance gains if more memory were available.
W0912 16:22:38.643316   81889 bfc_allocator.cc:371] Allocator (GPU_0_bfc) ran out of memory trying to allocate 6.51GiB from the lower end with freed_by_count=0. The caller indicates that this is not a failure, but this may mean that there could be performance gains if more memory were available.
E0912 16:22:39.581389   81800 config_assigner.cc:397] Could not get config for HLO: %wrapped_transpose = f64[8000,109000]{1,0} fusion(%Aa.1), kind=kInput, calls=
(param_0.18: f64[109000,8000]) -> f64[8000,109000] {
  %param_0.18 = f64[109000,8000]{1,0} parameter(0)
  ROOT %transpose.6.1 = f64[8000,109000]{1,0} transpose(%param_0.18), dimensions={1,0}, frontend_attributes={xla.sdy.sharding="#sdy.sharding<@empty_mesh, [{}, {}]>"}, metadata={op_name="Aa"}
}, frontend_attributes={xla.sdy.sharding="#sdy.sharding<@empty_mesh, [{}, {}]>"}, metadata={op_name="Aa"}. Status: NOT_FOUND: All configs failed during profiling.
Failures (2):
EXECUTION FAILED: RESOURCE_EXHAUSTED: Out of memory while trying to allocate 6.51GiB with allocator GPU_0_bfc on device 0. [tf-allocator-allocation-error='']
EXECUTION FAILED: RESOURCE_EXHAUSTED: Out of memory while trying to allocate 6.51GiB with allocator GPU_0_bfc on device 0. [tf-allocator-allocation-error='']
=== Source Location Trace: ===
external/xla+/xla/backends/autotuner/config_selector.cc:55
external/xla+/xla/backends/autotuner/autotuner.cc:215
  jnp.linalg.qr+trsolve      FAILED: JaxRuntimeError: NOT_FOUND: All configs failed during profiling.
Failures (2):
EXECUTION FAILED: RESOURCE_EXHAUSTED: Out of memory while trying to allocate 6.51GiB with allocator GPU_0_bfc on device 0. [tf-allocator-a
W0912 16:22:39.716481   81884 bfc_allocator.cc:371] Allocator (GPU_0_bfc) ran out of memory trying to allocate 6.51GiB from the lower end with freed_by_count=0. The caller indicates that this is not a failure, but this may mean that there could be performance gains if more memory were available.
W0912 16:22:39.716539   81884 bfc_allocator.cc:371] Allocator (GPU_0_bfc) ran out of memory trying to allocate 6.51GiB from the lower end with freed_by_count=0. The caller indicates that this is not a failure, but this may mean that there could be performance gains if more memory were available.
E0912 16:22:39.716622   81800 config_assigner.cc:397] Could not get config for HLO: %input_transpose_fusion = f64[109000,8000]{1,0} fusion(%get-tuple-element.3.0), kind=kInput, calls=
(param_0.7: f64[109000,8000]) -> f64[109000,8000] {
  %param_0.7 = f64[109000,8000]{0,1} parameter(0)
  %bitcast.4.2 = f64[8000,109000]{1,0} bitcast(%param_0.7)
  ROOT %transpose.7.1 = f64[109000,8000]{1,0} transpose(%bitcast.4.2), dimensions={1,0}
}. Status: NOT_FOUND: All configs failed during profiling.
Failures (2):
EXECUTION FAILED: RESOURCE_EXHAUSTED: Out of memory while trying to allocate 6.51GiB with allocator GPU_0_bfc on device 0. [tf-allocator-allocation-error='']
EXECUTION FAILED: RESOURCE_EXHAUSTED: Out of memory while trying to allocate 6.51GiB with allocator GPU_0_bfc on device 0. [tf-allocator-allocation-error='']
=== Source Location Trace: ===
external/xla+/xla/backends/autotuner/config_selector.cc:55
external/xla+/xla/backends/autotuner/autotuner.cc:215
W0912 16:22:39.732571   81903 bfc_allocator.cc:371] Allocator (GPU_0_bfc) ran out of memory trying to allocate 6.51GiB from the lower end with freed_by_count=0. The caller indicates that this is not a failure, but this may mean that there could be performance gains if more memory were available.
W0912 16:22:39.732625   81903 bfc_allocator.cc:371] Allocator (GPU_0_bfc) ran out of memory trying to allocate 6.51GiB from the lower end with freed_by_count=0. The caller indicates that this is not a failure, but this may mean that there could be performance gains if more memory were available.
E0912 16:22:39.732676   81800 config_assigner.cc:397] Could not get config for HLO: %wrapped_transpose = f64[8000,109000]{1,0} fusion(%dynamic_nodonate__first___0_.1), kind=kInput, calls=
(param_0.26: f64[109000,8000]) -> f64[8000,109000] {
  %param_0.26 = f64[109000,8000]{1,0} parameter(0)
  ROOT %transpose.5.1 = f64[8000,109000]{1,0} transpose(%param_0.26), dimensions={1,0}, frontend_attributes={xla.sdy.sharding="#sdy.sharding<@empty_mesh, [{}, {}]>"}, metadata={op_name="dynamic_nodonate[\'first\'][0]"}
}, frontend_attributes={xla.sdy.sharding="#sdy.sharding<@empty_mesh, [{}, {}]>"}, metadata={op_name="dynamic_nodonate[\'first\'][0]"}. Status: NOT_FOUND: All configs failed during profiling.
Failures (2):
EXECUTION FAILED: RESOURCE_EXHAUSTED: Out of memory while trying to allocate 6.51GiB with allocator GPU_0_bfc on device 0. [tf-allocator-allocation-error='']
EXECUTION FAILED: RESOURCE_EXHAUSTED: Out of memory while trying to allocate 6.51GiB with allocator GPU_0_bfc on device 0. [tf-allocator-allocation-error='']
=== Source Location Trace: ===
external/xla+/xla/backends/autotuner/config_selector.cc:55
external/xla+/xla/backends/autotuner/autotuner.cc:215
  lineax.QR                  FAILED: JaxRuntimeError: NOT_FOUND: Failed to get configs for: 2 out of 8 instructions. See logs for all failures. Example failure: 
All configs failed during profiling.
Failures (2):
EXECUTION FAILED: RESOURCE_EXHAUSTED: Out
### time_50k_4k lam=0.001 m=50000 n=4000 cond_meas=nan   (CPU LAPACK qr: 11.84s)
  jnp.linalg.qr+trsolve      agree_vs_cpu_qr=2.044e-12  rel.resid=9.888e-04  normality=1.020e-09  gpu=11.309s
  lineax.QR                  agree_vs_cpu_qr=5.944e-13  rel.resid=9.888e-04  normality=1.020e-09  gpu=6.096s result=RESULTS<> steps=-
