### family=scaled m=2000 n=100  requested cond=1e+08  MEASURED cond(A)=1.021e+08  ||A||=4.56e+01  noise=1e-03
solver                          rel.resid   fwd.err     normality 
[REF] BigFloat400 qr            9.636e-04   0.000e+00   4.271e-14 
qr (LAPACK, 1 node)             9.636e-04   2.986e-13   5.208e-13 
svd pinv (1 node)               9.636e-04   6.723e-13   6.911e-13 
TSQR full (8 blocks)            9.636e-04   5.054e-13   3.179e-13 
TSQR seminormal + 1 refine      9.636e-04   1.465e-13   4.209e-14 
normal eqns (cholesky)          9.636e-04   5.620e-13   2.007e-13 
normal eqns (lu)                9.636e-04   6.806e-13   2.235e-13 
LSQR damp=0.0 (it=2000)         9.698e-04   9.997e-01   3.210e-04 
LSQR damp=0.005 (it=858)        9.787e-04   1.000e+00   5.399e-05 
   agreement  TSQR full (8 blocks)         vs LAPACK qr : 5.848e-13
   agreement  TSQR seminormal + 1 refine   vs LAPACK qr : 3.649e-13
   agreement  svd pinv (1 node)            vs LAPACK qr : 8.700e-13
### family=scaled m=2000 n=100  requested cond=1e+12  MEASURED cond(A)=1.021e+12  ||A||=4.56e+01  noise=1e-03
solver                          rel.resid   fwd.err     normality 
[REF] BigFloat400 qr            9.636e-04   0.000e+00   5.182e-14 
qr (LAPACK, 1 node)             9.636e-04   1.851e-13   2.731e-13 
svd pinv (1 node)               9.636e-04   9.470e-13   6.747e-13 
TSQR full (8 blocks)            9.636e-04   2.347e-13   3.055e-13 
TSQR seminormal + 1 refine      9.636e-04   2.401e-13   5.056e-14 
normal eqns (cholesky)          9.636e-04   8.806e-13   8.562e-13 
normal eqns (lu)                9.636e-04   6.584e-13   4.725e-13 
LSQR damp=0.0 (it=2000)         9.737e-04   1.000e+00   7.455e-04 
LSQR damp=0.005 (it=391)        9.809e-04   1.000e+00   4.211e-05 
   agreement  TSQR full (8 blocks)         vs LAPACK qr : 3.168e-13
   agreement  TSQR seminormal + 1 refine   vs LAPACK qr : 2.811e-13
   agreement  svd pinv (1 node)            vs LAPACK qr : 9.364e-13
### family=scaled m=2000 n=100  requested cond=1e+16  MEASURED cond(A)=1.020e+16  ||A||=4.56e+01  noise=1e-03
solver                          rel.resid   fwd.err     normality 
[REF] BigFloat400 qr            9.636e-04   0.000e+00   4.116e-14 
qr (LAPACK, 1 node)             9.636e-04   3.139e-13   3.285e-13 
svd pinv (1 node)               9.646e-04   9.859e-01   2.561e-10 
TSQR full (8 blocks)            9.636e-04   1.009e-12   4.823e-13 
TSQR seminormal + 1 refine      9.636e-04   7.741e-14   3.978e-14 
normal eqns (cholesky)          9.636e-04   1.549e-12   7.689e-13 
normal eqns (lu)                9.636e-04   1.167e-12   1.887e-13 
LSQR damp=0.0 (it=2000)         9.746e-04   1.000e+00   1.773e-05 
LSQR damp=0.005 (it=226)        9.862e-04   1.000e+00   3.911e-05 
   agreement  TSQR full (8 blocks)         vs LAPACK qr : 8.423e-13
   agreement  TSQR seminormal + 1 refine   vs LAPACK qr : 3.068e-13
   agreement  svd pinv (1 node)            vs LAPACK qr : 9.859e-01
### family=scaled m=2000 n=100  requested cond=1e+21  MEASURED cond(A)=1.020e+21  ||A||=4.56e+01  noise=1e-03
solver                          rel.resid   fwd.err     normality 
[REF] BigFloat400 qr            9.636e-04   0.000e+00   3.440e-14 
qr (LAPACK, 1 node)             9.636e-04   6.030e-13   8.242e-14 
svd pinv (1 node)               9.705e-04   1.000e+00   1.223e-11 
TSQR full (8 blocks)            9.636e-04   3.716e-13   8.991e-14 
TSQR seminormal + 1 refine      9.636e-04   2.411e-13   3.127e-14 
normal eqns (cholesky)          9.636e-04   3.547e-13   6.416e-14 
normal eqns (lu)                9.636e-04   4.972e-13   3.445e-13 
LSQR damp=0.0 (it=2000)         9.753e-04   1.000e+00   1.905e-06 
LSQR damp=0.005 (it=142)        9.859e-04   1.000e+00   3.188e-05 
   agreement  TSQR full (8 blocks)         vs LAPACK qr : 4.483e-13
   agreement  TSQR seminormal + 1 refine   vs LAPACK qr : 6.473e-13
   agreement  svd pinv (1 node)            vs LAPACK qr : 1.000e+00
### family=mixed m=2000 n=100  requested cond=1e+08  MEASURED cond(A)=1.012e+08  ||A||=4.51e+01  noise=1e-03
solver                          rel.resid   fwd.err     normality 
[REF] BigFloat400 qr            9.636e-04   0.000e+00   1.990e-11 
qr (LAPACK, 1 node)             9.636e-04   5.560e-09   2.050e-10 
svd pinv (1 node)               9.636e-04   4.166e-09   5.096e-10 
TSQR full (8 blocks)            9.636e-04   1.302e-08   1.393e-10 
TSQR seminormal + 1 refine      9.636e-04   7.052e-09   2.313e-11 
normal eqns (cholesky)          9.636e-04   1.274e-01   2.212e-10 
normal eqns (lu)                9.636e-04   8.954e-02   2.374e-10 
LSQR damp=0.0 (it=2000)         9.706e-04   9.998e-01   3.777e-06 
LSQR damp=0.005 (it=896)        9.824e-04   1.000e+00   5.105e-05 
   agreement  TSQR full (8 blocks)         vs LAPACK qr : 1.618e-08
   agreement  TSQR seminormal + 1 refine   vs LAPACK qr : 9.268e-09
   agreement  svd pinv (1 node)            vs LAPACK qr : 8.925e-09
### family=mixed m=2000 n=100  requested cond=1e+12  MEASURED cond(A)=1.011e+12  ||A||=4.51e+01  noise=1e-03
solver                          rel.resid   fwd.err     normality 
[REF] BigFloat400 qr            9.636e-04   0.000e+00   1.762e-07 
qr (LAPACK, 1 node)             9.636e-04   3.606e-05   5.689e-07 
svd pinv (1 node)               9.636e-04   2.643e-05   1.290e-06 
TSQR full (8 blocks)            9.636e-04   3.512e-05   1.327e-06 
TSQR seminormal + 1 refine      9.636e-04   7.487e-05   2.399e-06 
normal eqns (cholesky)          NaN         NaN         NaN       
normal eqns (lu)                9.772e-04   9.998e-01   2.314e-09 
LSQR damp=0.0 (it=2000)         9.753e-04   1.000e+00   3.122e-07 
LSQR damp=0.005 (it=373)        9.889e-04   1.000e+00   5.394e-05 
   agreement  TSQR full (8 blocks)         vs LAPACK qr : 5.820e-05
   agreement  TSQR seminormal + 1 refine   vs LAPACK qr : 1.031e-04
   agreement  svd pinv (1 node)            vs LAPACK qr : 2.899e-05
### family=mixed m=2000 n=100  requested cond=1e+16  MEASURED cond(A)=7.637e+15  ||A||=4.51e+01  noise=1e-03
solver                          rel.resid   fwd.err     normality 
[REF] BigFloat400 qr            9.631e-04   0.000e+00   1.716e-03 
qr (LAPACK, 1 node)             9.633e-04   4.006e-01   1.029e-02 
svd pinv (1 node)               9.642e-04   7.876e-01   1.345e-02 
TSQR full (8 blocks)            9.639e-04   8.170e-01   3.143e-03 
TSQR seminormal + 1 refine      8.160e-02   1.107e+03   5.613e-01 
normal eqns (cholesky)          NaN         NaN         NaN       
normal eqns (lu)                9.771e-04   1.000e+00   1.419e-09 
LSQR damp=0.0 (it=2000)         9.770e-04   1.000e+00   8.978e-05 
LSQR damp=0.005 (it=220)        9.937e-04   1.000e+00   5.507e-05 
   agreement  TSQR full (8 blocks)         vs LAPACK qr : 6.918e-01
   agreement  TSQR seminormal + 1 refine   vs LAPACK qr : 1.696e+03
   agreement  svd pinv (1 node)            vs LAPACK qr : 6.469e-01
### family=mixed m=2000 n=100  requested cond=1e+21  MEASURED cond(A)=3.129e+16  ||A||=4.51e+01  noise=1e-03
solver                          rel.resid   fwd.err     normality 
[REF] BigFloat400 qr            9.650e-04   0.000e+00   1.109e-02 
qr (LAPACK, 1 node)             9.672e-04   5.449e-01   2.127e-02 
svd pinv (1 node)               9.712e-04   1.000e+00   4.175e-03 
TSQR full (8 blocks)            9.685e-04   7.251e-01   2.358e-02 
TSQR seminormal + 1 refine      3.144e+00   1.205e+04   6.786e-01 
normal eqns (cholesky)          NaN         NaN         NaN       
normal eqns (lu)                9.794e-04   1.000e+00   9.428e-10 
LSQR damp=0.0 (it=2000)         9.780e-04   1.000e+00   4.739e-07 
LSQR damp=0.005 (it=145)        9.860e-04   1.000e+00   6.187e-05 
   agreement  TSQR full (8 blocks)         vs LAPACK qr : 9.297e-01
   agreement  TSQR seminormal + 1 refine   vs LAPACK qr : 1.485e+04
   agreement  svd pinv (1 node)            vs LAPACK qr : 9.979e-01
