=================== family=scaled cond=1e8  m=20000 n=500 ranks=8
[TSQR] distributed solve time: 0.92s on 8 ranks (local block 2500 x 500)
[TSQR] MEASURED cond(A)=1.020e+08  (m=20000 n=500 family=scaled ranks=8)
[TSQR] single-node LAPACK qr:  rel.resid=9.835e-04  normality=4.856e-13  (0.38s)
[TSQR] distributed solution :  rel.resid=9.835e-04  normality=3.915e-13
[TSQR] AGREEMENT ||x_dist - x_qr||/||x_qr|| = 8.646e-13   (cond*eps = 2.3e-08)
EXIT=0
[SCALAPACK 1d] pdgels on 8 x 1 grid, MB=2500 NB=500, lwork=1750500 doubles/rank: 0.83s
[SCALAPACK 1d] MEASURED cond(A)=1.020e+08  (m=20000 n=500 family=scaled ranks=8)
[SCALAPACK 1d] single-node LAPACK qr:  rel.resid=9.835e-04  normality=4.856e-13  (0.38s)
[SCALAPACK 1d] distributed solution :  rel.resid=9.835e-04  normality=2.036e-13
[SCALAPACK 1d] AGREEMENT ||x_dist - x_qr||/||x_qr|| = 9.811e-13   (cond*eps = 2.3e-08)
EXIT=0
[SCALAPACK 2d] grid 2x4 NB=64: redistribute 1d->2d 0.02s, pdgels 0.39s, lwork=653440
[SCALAPACK 2d] MEASURED cond(A)=1.020e+08  (m=20000 n=500 family=scaled ranks=8)
[SCALAPACK 2d] single-node LAPACK qr:  rel.resid=9.835e-04  normality=4.856e-13  (0.38s)
[SCALAPACK 2d] distributed solution :  rel.resid=9.835e-04  normality=1.352e-12
[SCALAPACK 2d] AGREEMENT ||x_dist - x_qr||/||x_qr|| = 2.816e-12   (cond*eps = 2.3e-08)
EXIT=0
[LSQR] distributed: precond=true damp=0 iters=21/10000  est.normality=2.45e-15  time 1.00s on 8 ranks
[LSQR] MEASURED cond(A)=1.020e+08  (m=20000 n=500 family=scaled ranks=8)
[LSQR] single-node LAPACK qr:  rel.resid=9.835e-04  normality=4.856e-13  (0.38s)
[LSQR] distributed solution :  rel.resid=9.835e-04  normality=2.315e-13
[LSQR] AGREEMENT ||x_dist - x_qr||/||x_qr|| = 1.035e-12   (cond*eps = 2.3e-08)
EXIT=0
[LSQR] distributed: precond=true damp=0.005 iters=20/10000  est.normality=3.19e-15  time 1.02s on 8 ranks
[LSQR] MEASURED cond(A)=1.020e+08  (m=20000 n=500 family=scaled ranks=8)
[LSQR] single-node LAPACK qr:  rel.resid=9.835e-04  normality=4.856e-13  (0.40s)
[LSQR] distributed solution :  rel.resid=9.838e-04  normality=1.736e-02
[LSQR] AGREEMENT ||x_dist - x_qr||/||x_qr|| = 2.881e-02   (cond*eps = 2.3e-08)
EXIT=0
=================== family=scaled cond=1e12  m=20000 n=500 ranks=8
[TSQR] distributed solve time: 0.92s on 8 ranks (local block 2500 x 500)
[TSQR] MEASURED cond(A)=1.019e+12  (m=20000 n=500 family=scaled ranks=8)
[TSQR] single-node LAPACK qr:  rel.resid=9.835e-04  normality=3.734e-13  (0.39s)
[TSQR] distributed solution :  rel.resid=9.835e-04  normality=4.167e-13
[TSQR] AGREEMENT ||x_dist - x_qr||/||x_qr|| = 8.252e-13   (cond*eps = 2.3e-04)
EXIT=0
[SCALAPACK 1d] pdgels on 8 x 1 grid, MB=2500 NB=500, lwork=1750500 doubles/rank: 0.82s
[SCALAPACK 1d] MEASURED cond(A)=1.019e+12  (m=20000 n=500 family=scaled ranks=8)
[SCALAPACK 1d] single-node LAPACK qr:  rel.resid=9.835e-04  normality=3.734e-13  (0.38s)
[SCALAPACK 1d] distributed solution :  rel.resid=9.835e-04  normality=3.041e-13
[SCALAPACK 1d] AGREEMENT ||x_dist - x_qr||/||x_qr|| = 7.921e-13   (cond*eps = 2.3e-04)
EXIT=0
[SCALAPACK 2d] grid 2x4 NB=64: redistribute 1d->2d 0.02s, pdgels 0.39s, lwork=653440
[SCALAPACK 2d] MEASURED cond(A)=1.019e+12  (m=20000 n=500 family=scaled ranks=8)
[SCALAPACK 2d] single-node LAPACK qr:  rel.resid=9.835e-04  normality=3.734e-13  (0.37s)
[SCALAPACK 2d] distributed solution :  rel.resid=9.835e-04  normality=1.513e-12
[SCALAPACK 2d] AGREEMENT ||x_dist - x_qr||/||x_qr|| = 2.754e-12   (cond*eps = 2.3e-04)
EXIT=0
[LSQR] distributed: precond=true damp=0 iters=21/10000  est.normality=2.39e-15  time 1.02s on 8 ranks
[LSQR] MEASURED cond(A)=1.019e+12  (m=20000 n=500 family=scaled ranks=8)
[LSQR] single-node LAPACK qr:  rel.resid=9.835e-04  normality=3.734e-13  (0.37s)
[LSQR] distributed solution :  rel.resid=9.835e-04  normality=1.737e-13
[LSQR] AGREEMENT ||x_dist - x_qr||/||x_qr|| = 8.243e-13   (cond*eps = 2.3e-04)
EXIT=0
[LSQR] distributed: precond=true damp=0.005 iters=20/10000  est.normality=3.09e-15  time 1.00s on 8 ranks
[LSQR] MEASURED cond(A)=1.019e+12  (m=20000 n=500 family=scaled ranks=8)
[LSQR] single-node LAPACK qr:  rel.resid=9.835e-04  normality=3.734e-13  (0.39s)
[LSQR] distributed solution :  rel.resid=9.838e-04  normality=1.832e-02
[LSQR] AGREEMENT ||x_dist - x_qr||/||x_qr|| = 2.900e-02   (cond*eps = 2.3e-04)
EXIT=0
=================== family=scaled cond=1e16  m=20000 n=500 ranks=8
[TSQR] distributed solve time: 0.93s on 8 ranks (local block 2500 x 500)
[TSQR] MEASURED cond(A)=1.018e+16  (m=20000 n=500 family=scaled ranks=8)
[TSQR] single-node LAPACK qr:  rel.resid=9.835e-04  normality=8.335e-13  (0.41s)
[TSQR] distributed solution :  rel.resid=9.835e-04  normality=3.469e-13
[TSQR] AGREEMENT ||x_dist - x_qr||/||x_qr|| = 1.466e-12   (cond*eps = 2.3e+00)
EXIT=0
[SCALAPACK 1d] pdgels on 8 x 1 grid, MB=2500 NB=500, lwork=1750500 doubles/rank: 0.82s
[SCALAPACK 1d] MEASURED cond(A)=1.018e+16  (m=20000 n=500 family=scaled ranks=8)
[SCALAPACK 1d] single-node LAPACK qr:  rel.resid=9.835e-04  normality=8.335e-13  (0.37s)
[SCALAPACK 1d] distributed solution :  rel.resid=9.835e-04  normality=3.592e-13
[SCALAPACK 1d] AGREEMENT ||x_dist - x_qr||/||x_qr|| = 1.330e-12   (cond*eps = 2.3e+00)
EXIT=0
[SCALAPACK 2d] grid 2x4 NB=64: redistribute 1d->2d 0.03s, pdgels 0.46s, lwork=653440
[SCALAPACK 2d] MEASURED cond(A)=1.018e+16  (m=20000 n=500 family=scaled ranks=8)
[SCALAPACK 2d] single-node LAPACK qr:  rel.resid=9.835e-04  normality=8.335e-13  (0.37s)
[SCALAPACK 2d] distributed solution :  rel.resid=9.835e-04  normality=1.280e-12
[SCALAPACK 2d] AGREEMENT ||x_dist - x_qr||/||x_qr|| = 3.723e-12   (cond*eps = 2.3e+00)
EXIT=0
[LSQR] distributed: precond=true damp=0 iters=21/10000  est.normality=2.38e-15  time 1.01s on 8 ranks
[LSQR] MEASURED cond(A)=1.018e+16  (m=20000 n=500 family=scaled ranks=8)
[LSQR] single-node LAPACK qr:  rel.resid=9.835e-04  normality=8.335e-13  (0.38s)
[LSQR] distributed solution :  rel.resid=9.835e-04  normality=2.641e-13
[LSQR] AGREEMENT ||x_dist - x_qr||/||x_qr|| = 1.581e-12   (cond*eps = 2.3e+00)
EXIT=0
[LSQR] distributed: precond=true damp=0.005 iters=20/10000  est.normality=3.05e-15  time 1.08s on 8 ranks
[LSQR] MEASURED cond(A)=1.018e+16  (m=20000 n=500 family=scaled ranks=8)
[LSQR] single-node LAPACK qr:  rel.resid=9.835e-04  normality=8.335e-13  (0.39s)
[LSQR] distributed solution :  rel.resid=9.838e-04  normality=1.932e-02
[LSQR] AGREEMENT ||x_dist - x_qr||/||x_qr|| = 3.046e-02   (cond*eps = 2.3e+00)
EXIT=0
=================== family=scaled cond=1e21  m=20000 n=500 ranks=8
[TSQR] distributed solve time: 0.91s on 8 ranks (local block 2500 x 500)
[TSQR] MEASURED cond(A)=1.018e+21  (m=20000 n=500 family=scaled ranks=8)
[TSQR] single-node LAPACK qr:  rel.resid=9.835e-04  normality=6.865e-13  (0.38s)
[TSQR] distributed solution :  rel.resid=9.835e-04  normality=2.401e-13
[TSQR] AGREEMENT ||x_dist - x_qr||/||x_qr|| = 1.952e-12   (cond*eps = 2.3e+05)
EXIT=0
[SCALAPACK 1d] pdgels on 8 x 1 grid, MB=2500 NB=500, lwork=1750500 doubles/rank: 0.82s
[SCALAPACK 1d] MEASURED cond(A)=1.018e+21  (m=20000 n=500 family=scaled ranks=8)
[SCALAPACK 1d] single-node LAPACK qr:  rel.resid=9.835e-04  normality=6.865e-13  (0.37s)
[SCALAPACK 1d] distributed solution :  rel.resid=9.835e-04  normality=3.319e-13
[SCALAPACK 1d] AGREEMENT ||x_dist - x_qr||/||x_qr|| = 9.222e-13   (cond*eps = 2.3e+05)
EXIT=0
[SCALAPACK 2d] grid 2x4 NB=64: redistribute 1d->2d 0.03s, pdgels 0.39s, lwork=653440
[SCALAPACK 2d] MEASURED cond(A)=1.018e+21  (m=20000 n=500 family=scaled ranks=8)
[SCALAPACK 2d] single-node LAPACK qr:  rel.resid=9.835e-04  normality=6.865e-13  (0.37s)
[SCALAPACK 2d] distributed solution :  rel.resid=9.835e-04  normality=1.468e-12
[SCALAPACK 2d] AGREEMENT ||x_dist - x_qr||/||x_qr|| = 3.923e-12   (cond*eps = 2.3e+05)
EXIT=0
[LSQR] distributed: precond=true damp=0 iters=21/10000  est.normality=2.41e-15  time 1.01s on 8 ranks
[LSQR] MEASURED cond(A)=1.018e+21  (m=20000 n=500 family=scaled ranks=8)
[LSQR] single-node LAPACK qr:  rel.resid=9.835e-04  normality=6.865e-13  (0.38s)
[LSQR] distributed solution :  rel.resid=9.835e-04  normality=4.072e-13
[LSQR] AGREEMENT ||x_dist - x_qr||/||x_qr|| = 1.433e-12   (cond*eps = 2.3e+05)
EXIT=0
[LSQR] distributed: precond=true damp=0.005 iters=20/10000  est.normality=3.03e-15  time 1.00s on 8 ranks
[LSQR] MEASURED cond(A)=1.018e+21  (m=20000 n=500 family=scaled ranks=8)
[LSQR] single-node LAPACK qr:  rel.resid=9.835e-04  normality=6.865e-13  (0.38s)
[LSQR] distributed solution :  rel.resid=9.838e-04  normality=2.034e-02
[LSQR] AGREEMENT ||x_dist - x_qr||/||x_qr|| = 3.294e-02   (cond*eps = 2.3e+05)
EXIT=0
=================== family=mixed cond=1e8  m=20000 n=500 ranks=8
[TSQR] distributed solve time: 0.90s on 8 ranks (local block 2500 x 500)
[TSQR] MEASURED cond(A)=1.023e+08  (m=20000 n=500 family=mixed ranks=8)
[TSQR] single-node LAPACK qr:  rel.resid=9.835e-04  normality=1.060e-10  (0.37s)
[TSQR] distributed solution :  rel.resid=9.835e-04  normality=1.108e-10
[TSQR] AGREEMENT ||x_dist - x_qr||/||x_qr|| = 5.222e-09   (cond*eps = 2.3e-08)
EXIT=0
[SCALAPACK 1d] pdgels on 8 x 1 grid, MB=2500 NB=500, lwork=1750500 doubles/rank: 0.85s
[SCALAPACK 1d] MEASURED cond(A)=1.023e+08  (m=20000 n=500 family=mixed ranks=8)
[SCALAPACK 1d] single-node LAPACK qr:  rel.resid=9.835e-04  normality=1.060e-10  (0.37s)
[SCALAPACK 1d] distributed solution :  rel.resid=9.835e-04  normality=9.497e-11
[SCALAPACK 1d] AGREEMENT ||x_dist - x_qr||/||x_qr|| = 4.514e-09   (cond*eps = 2.3e-08)
EXIT=0
[SCALAPACK 2d] grid 2x4 NB=64: redistribute 1d->2d 0.02s, pdgels 0.40s, lwork=653440
[SCALAPACK 2d] MEASURED cond(A)=1.023e+08  (m=20000 n=500 family=mixed ranks=8)
[SCALAPACK 2d] single-node LAPACK qr:  rel.resid=9.835e-04  normality=1.060e-10  (0.38s)
[SCALAPACK 2d] distributed solution :  rel.resid=9.835e-04  normality=2.376e-10
[SCALAPACK 2d] AGREEMENT ||x_dist - x_qr||/||x_qr|| = 5.783e-09   (cond*eps = 2.3e-08)
EXIT=0
[LSQR] distributed: precond=true damp=0 iters=10000/10000  est.normality=2.16e-06  time 23.20s on 8 ranks
[LSQR] MEASURED cond(A)=1.023e+08  (m=20000 n=500 family=mixed ranks=8)
[LSQR] single-node LAPACK qr:  rel.resid=9.835e-04  normality=1.060e-10  (0.41s)
[LSQR] distributed solution :  rel.resid=9.883e-04  normality=1.268e-04
[LSQR] AGREEMENT ||x_dist - x_qr||/||x_qr|| = 1.000e+00   (cond*eps = 2.3e-08)
EXIT=0
[LSQR] distributed: precond=true damp=0.005 iters=3739/10000  est.normality=8.50e-15  time 10.35s on 8 ranks
[LSQR] MEASURED cond(A)=1.023e+08  (m=20000 n=500 family=mixed ranks=8)
[LSQR] single-node LAPACK qr:  rel.resid=9.835e-04  normality=1.060e-10  (0.39s)
[LSQR] distributed solution :  rel.resid=1.254e-03  normality=2.003e-03
[LSQR] AGREEMENT ||x_dist - x_qr||/||x_qr|| = 1.000e+00   (cond*eps = 2.3e-08)
EXIT=0
=================== family=mixed cond=1e12  m=20000 n=500 ranks=8
[TSQR] distributed solve time: 0.92s on 8 ranks (local block 2500 x 500)
[TSQR] MEASURED cond(A)=1.022e+12  (m=20000 n=500 family=mixed ranks=8)
[TSQR] single-node LAPACK qr:  rel.resid=9.835e-04  normality=9.110e-07  (0.40s)
[TSQR] distributed solution :  rel.resid=9.835e-04  normality=7.488e-07
[TSQR] AGREEMENT ||x_dist - x_qr||/||x_qr|| = 4.930e-05   (cond*eps = 2.3e-04)
EXIT=0
[SCALAPACK 1d] pdgels on 8 x 1 grid, MB=2500 NB=500, lwork=1750500 doubles/rank: 0.96s
[SCALAPACK 1d] MEASURED cond(A)=1.022e+12  (m=20000 n=500 family=mixed ranks=8)
[SCALAPACK 1d] single-node LAPACK qr:  rel.resid=9.835e-04  normality=9.110e-07  (0.41s)
[SCALAPACK 1d] distributed solution :  rel.resid=9.835e-04  normality=7.032e-07
[SCALAPACK 1d] AGREEMENT ||x_dist - x_qr||/||x_qr|| = 3.681e-05   (cond*eps = 2.3e-04)
EXIT=0
[SCALAPACK 2d] grid 2x4 NB=64: redistribute 1d->2d 0.05s, pdgels 0.50s, lwork=653440
[SCALAPACK 2d] MEASURED cond(A)=1.022e+12  (m=20000 n=500 family=mixed ranks=8)
[SCALAPACK 2d] single-node LAPACK qr:  rel.resid=9.835e-04  normality=9.110e-07  (0.40s)
[SCALAPACK 2d] distributed solution :  rel.resid=9.835e-04  normality=6.785e-07
[SCALAPACK 2d] AGREEMENT ||x_dist - x_qr||/||x_qr|| = 5.408e-05   (cond*eps = 2.3e-04)
EXIT=0
[LSQR] distributed: precond=true damp=0 iters=10000/10000  est.normality=9.33e-07  time 25.51s on 8 ranks
[LSQR] MEASURED cond(A)=1.022e+12  (m=20000 n=500 family=mixed ranks=8)
[LSQR] single-node LAPACK qr:  rel.resid=9.835e-04  normality=9.110e-07  (0.40s)
[LSQR] distributed solution :  rel.resid=9.903e-04  normality=5.028e-05
[LSQR] AGREEMENT ||x_dist - x_qr||/||x_qr|| = 1.000e+00   (cond*eps = 2.3e-04)
EXIT=0
[LSQR] distributed: precond=true damp=0.005 iters=2614/10000  est.normality=9.83e-15  time 8.04s on 8 ranks
[LSQR] MEASURED cond(A)=1.022e+12  (m=20000 n=500 family=mixed ranks=8)
[LSQR] single-node LAPACK qr:  rel.resid=9.835e-04  normality=9.110e-07  (0.40s)
[LSQR] distributed solution :  rel.resid=1.186e-03  normality=1.366e-03
[LSQR] AGREEMENT ||x_dist - x_qr||/||x_qr|| = 1.000e+00   (cond*eps = 2.3e-04)
EXIT=0
=================== family=mixed cond=1e16  m=20000 n=500 ranks=8
[TSQR] distributed solve time: 0.92s on 8 ranks (local block 2500 x 500)
[TSQR] MEASURED cond(A)=8.905e+15  (m=20000 n=500 family=mixed ranks=8)
[TSQR] single-node LAPACK qr:  rel.resid=9.835e-04  normality=5.944e-03  (0.39s)
[TSQR] distributed solution :  rel.resid=9.835e-04  normality=5.259e-03
[TSQR] AGREEMENT ||x_dist - x_qr||/||x_qr|| = 3.703e-01   (cond*eps = 2.0e+00)
EXIT=0
[SCALAPACK 1d] pdgels on 8 x 1 grid, MB=2500 NB=500, lwork=1750500 doubles/rank: 0.96s
[SCALAPACK 1d] MEASURED cond(A)=8.905e+15  (m=20000 n=500 family=mixed ranks=8)
[SCALAPACK 1d] single-node LAPACK qr:  rel.resid=9.835e-04  normality=5.944e-03  (0.39s)
[SCALAPACK 1d] distributed solution :  rel.resid=9.835e-04  normality=6.091e-03
[SCALAPACK 1d] AGREEMENT ||x_dist - x_qr||/||x_qr|| = 2.907e-01   (cond*eps = 2.0e+00)
EXIT=0
[SCALAPACK 2d] grid 2x4 NB=64: redistribute 1d->2d 0.03s, pdgels 0.44s, lwork=653440
[SCALAPACK 2d] MEASURED cond(A)=8.905e+15  (m=20000 n=500 family=mixed ranks=8)
[SCALAPACK 2d] single-node LAPACK qr:  rel.resid=9.835e-04  normality=5.944e-03  (0.39s)
[SCALAPACK 2d] distributed solution :  rel.resid=9.836e-04  normality=5.499e-03
[SCALAPACK 2d] AGREEMENT ||x_dist - x_qr||/||x_qr|| = 3.880e-01   (cond*eps = 2.0e+00)
EXIT=0
[LSQR] distributed: precond=true damp=0 iters=10000/10000  est.normality=4.09e-07  time 25.39s on 8 ranks
[LSQR] MEASURED cond(A)=8.905e+15  (m=20000 n=500 family=mixed ranks=8)
[LSQR] single-node LAPACK qr:  rel.resid=9.835e-04  normality=5.944e-03  (0.41s)
[LSQR] distributed solution :  rel.resid=9.917e-04  normality=2.162e-05
[LSQR] AGREEMENT ||x_dist - x_qr||/||x_qr|| = 1.000e+00   (cond*eps = 2.0e+00)
EXIT=0
[LSQR] distributed: precond=true damp=0.005 iters=1865/10000  est.normality=7.15e-15  time 5.53s on 8 ranks
[LSQR] MEASURED cond(A)=8.905e+15  (m=20000 n=500 family=mixed ranks=8)
[LSQR] single-node LAPACK qr:  rel.resid=9.835e-04  normality=5.944e-03  (0.39s)
[LSQR] distributed solution :  rel.resid=1.136e-03  normality=1.045e-03
[LSQR] AGREEMENT ||x_dist - x_qr||/||x_qr|| = 1.000e+00   (cond*eps = 2.0e+00)
EXIT=0
=================== family=mixed cond=1e21  m=20000 n=500 ranks=8
[TSQR] distributed solve time: 0.93s on 8 ranks (local block 2500 x 500)
[TSQR] MEASURED cond(A)=1.889e+16  (m=20000 n=500 family=mixed ranks=8)
[TSQR] single-node LAPACK qr:  rel.resid=9.850e-04  normality=8.367e-03  (0.41s)
[TSQR] distributed solution :  rel.resid=9.857e-04  normality=2.387e-02
[TSQR] AGREEMENT ||x_dist - x_qr||/||x_qr|| = 7.936e-01   (cond*eps = 4.2e+00)
EXIT=0
[SCALAPACK 1d] pdgels on 8 x 1 grid, MB=2500 NB=500, lwork=1750500 doubles/rank: 0.97s
[SCALAPACK 1d] MEASURED cond(A)=1.889e+16  (m=20000 n=500 family=mixed ranks=8)
[SCALAPACK 1d] single-node LAPACK qr:  rel.resid=9.850e-04  normality=8.367e-03  (0.42s)
[SCALAPACK 1d] distributed solution :  rel.resid=9.848e-04  normality=1.863e-02
[SCALAPACK 1d] AGREEMENT ||x_dist - x_qr||/||x_qr|| = 5.862e-01   (cond*eps = 4.2e+00)
EXIT=0
[SCALAPACK 2d] grid 2x4 NB=64: redistribute 1d->2d 0.02s, pdgels 0.41s, lwork=653440
[SCALAPACK 2d] MEASURED cond(A)=1.889e+16  (m=20000 n=500 family=mixed ranks=8)
[SCALAPACK 2d] single-node LAPACK qr:  rel.resid=9.850e-04  normality=8.367e-03  (0.37s)
[SCALAPACK 2d] distributed solution :  rel.resid=9.854e-04  normality=1.176e-02
[SCALAPACK 2d] AGREEMENT ||x_dist - x_qr||/||x_qr|| = 7.345e-01   (cond*eps = 4.2e+00)
EXIT=0
[LSQR] distributed: precond=true damp=0 iters=10000/10000  est.normality=1.87e-07  time 22.49s on 8 ranks
[LSQR] MEASURED cond(A)=1.889e+16  (m=20000 n=500 family=mixed ranks=8)
[LSQR] single-node LAPACK qr:  rel.resid=9.850e-04  normality=8.367e-03  (0.37s)
[LSQR] distributed solution :  rel.resid=9.922e-04  normality=9.346e-06
[LSQR] AGREEMENT ||x_dist - x_qr||/||x_qr|| = 1.000e+00   (cond*eps = 4.2e+00)
EXIT=0
[LSQR] distributed: precond=true damp=0.005 iters=1352/10000  est.normality=6.17e-15  time 4.61s on 8 ranks
[LSQR] MEASURED cond(A)=1.889e+16  (m=20000 n=500 family=mixed ranks=8)
[LSQR] single-node LAPACK qr:  rel.resid=9.850e-04  normality=8.367e-03  (0.39s)
[LSQR] distributed solution :  rel.resid=1.115e-03  normality=7.728e-04
[LSQR] AGREEMENT ||x_dist - x_qr||/||x_qr|| = 1.000e+00   (cond*eps = 4.2e+00)
EXIT=0
SWEEP DONE
